../Core/Src/main.c:162:5:main	16	static
../Core/Src/main.c:269:6:SystemClock_Config	72	static
../Core/Src/main.c:308:13:MX_CRC_Init	8	static
../Core/Src/main.c:334:13:MX_USART2_UART_Init	8	static
../Core/Src/main.c:367:13:MX_GPIO_Init	40	static
../Core/Src/main.c:406:6:HandleInputKey	24	static
../Core/Src/main.c:429:6:SerialTask	56	static
../Core/Src/main.c:487:6:RequestSeedTask	80	static
../Core/Src/main.c:563:6:CompareKeyTask	128	static
../Core/Src/main.c:640:6:HAL_TIM_PeriodElapsedCallback	16	static
../Core/Src/main.c:658:6:Error_Handler	4	static,ignoring_inline_asm
