Archive member included to satisfy reference by file (symbol)

D:\STM32\STM_Firmware_Lib\STM32CubeExpansion_Crypto_V4.4.0\Middlewares\ST\STM32_Cryptographic\lib\libSTM32Cryptographic_CM0_CM0PLUS.a(cmox_cbc_aesfast_encrypt.c.o)
                              ./Core/Src/main.o (CMOX_AESFAST_CBC_ENC_ALGO)
D:\STM32\STM_Firmware_Lib\STM32CubeExpansion_Crypto_V4.4.0\Middlewares\ST\STM32_Cryptographic\lib\libSTM32Cryptographic_CM0_CM0PLUS.a(cmox_cbc_common.c.o)
                              D:\STM32\STM_Firmware_Lib\STM32CubeExpansion_Crypto_V4.4.0\Middlewares\ST\STM32_Cryptographic\lib\libSTM32Cryptographic_CM0_CM0PLUS.a(cmox_cbc_aesfast_encrypt.c.o) (cmox_cbc_construct)
D:\STM32\STM_Firmware_Lib\STM32CubeExpansion_Crypto_V4.4.0\Middlewares\ST\STM32_Cryptographic\lib\libSTM32Cryptographic_CM0_CM0PLUS.a(cmox_cbc_encrypt.c.o)
                              D:\STM32\STM_Firmware_Lib\STM32CubeExpansion_Crypto_V4.4.0\Middlewares\ST\STM32_Cryptographic\lib\libSTM32Cryptographic_CM0_CM0PLUS.a(cmox_cbc_aesfast_encrypt.c.o) (cmox_cbcEncrypt_construct)
D:\STM32\STM_Firmware_Lib\STM32CubeExpansion_Crypto_V4.4.0\Middlewares\ST\STM32_Cryptographic\lib\libSTM32Cryptographic_CM0_CM0PLUS.a(cmox_cipher.c.o)
                              ./Core/Src/main.o (cmox_cipher_encrypt)
D:\STM32\STM_Firmware_Lib\STM32CubeExpansion_Crypto_V4.4.0\Middlewares\ST\STM32_Cryptographic\lib\libSTM32Cryptographic_CM0_CM0PLUS.a(cmox_cipher_modes.c.o)
                              D:\STM32\STM_Firmware_Lib\STM32CubeExpansion_Crypto_V4.4.0\Middlewares\ST\STM32_Cryptographic\lib\libSTM32Cryptographic_CM0_CM0PLUS.a(cmox_cbc_common.c.o) (cmox_cipherMode_init)
D:\STM32\STM_Firmware_Lib\STM32CubeExpansion_Crypto_V4.4.0\Middlewares\ST\STM32_Cryptographic\lib\libSTM32Cryptographic_CM0_CM0PLUS.a(cmox_cipher_utils.c.o)
                              D:\STM32\STM_Firmware_Lib\STM32CubeExpansion_Crypto_V4.4.0\Middlewares\ST\STM32_Cryptographic\lib\libSTM32Cryptographic_CM0_CM0PLUS.a(cmox_cbc_encrypt.c.o) (convert_block_2_bytes)
D:\STM32\STM_Firmware_Lib\STM32CubeExpansion_Crypto_V4.4.0\Middlewares\ST\STM32_Cryptographic\lib\libSTM32Cryptographic_CM0_CM0PLUS.a(cmox_ctr_drbg.c.o)
                              ./Core/Src/main.o (cmox_ctr_drbg_construct)
D:\STM32\STM_Firmware_Lib\STM32CubeExpansion_Crypto_V4.4.0\Middlewares\ST\STM32_Cryptographic\lib\libSTM32Cryptographic_CM0_CM0PLUS.a(cmox_ctr_drbg_aes256_fast.c.o)
                              ./Core/Src/main.o (CMOX_CTR_DRBG_AES256_FAST)
D:\STM32\STM_Firmware_Lib\STM32CubeExpansion_Crypto_V4.4.0\Middlewares\ST\STM32_Cryptographic\lib\libSTM32Cryptographic_CM0_CM0PLUS.a(cmox_ctr_drbg_aes256_keys.c.o)
                              D:\STM32\STM_Firmware_Lib\STM32CubeExpansion_Crypto_V4.4.0\Middlewares\ST\STM32_Cryptographic\lib\libSTM32Cryptographic_CM0_CM0PLUS.a(cmox_ctr_drbg_aes256_fast.c.o) (CMOX_EXP_AES256_0_KEY)
D:\STM32\STM_Firmware_Lib\STM32CubeExpansion_Crypto_V4.4.0\Middlewares\ST\STM32_Cryptographic\lib\libSTM32Cryptographic_CM0_CM0PLUS.a(cmox_drbg.c.o)
                              ./Core/Src/main.o (cmox_drbg_cleanup)
D:\STM32\STM_Firmware_Lib\STM32CubeExpansion_Crypto_V4.4.0\Middlewares\ST\STM32_Cryptographic\lib\libSTM32Cryptographic_CM0_CM0PLUS.a(cmox_init.c.o)
                              D:\STM32\STM_Firmware_Lib\STM32CubeExpansion_Crypto_V4.4.0\Middlewares\ST\STM32_Cryptographic\lib\libSTM32Cryptographic_CM0_CM0PLUS.a(cmox_cipher_modes.c.o) (cmox_init_ctxi)
D:\STM32\STM_Firmware_Lib\STM32CubeExpansion_Crypto_V4.4.0\Middlewares\ST\STM32_Cryptographic\lib\libSTM32Cryptographic_CM0_CM0PLUS.a(cmox_aesfast_encrypt.c.o)
                              D:\STM32\STM_Firmware_Lib\STM32CubeExpansion_Crypto_V4.4.0\Middlewares\ST\STM32_Cryptographic\lib\libSTM32Cryptographic_CM0_CM0PLUS.a(cmox_cbc_aesfast_encrypt.c.o) (CMOX_AESFAST_ENCRYPT_VTABLE)
D:\STM32\STM_Firmware_Lib\STM32CubeExpansion_Crypto_V4.4.0\Middlewares\ST\STM32_Cryptographic\lib\libSTM32Cryptographic_CM0_CM0PLUS.a(cmox_aes_common.c.o)
                              D:\STM32\STM_Firmware_Lib\STM32CubeExpansion_Crypto_V4.4.0\Middlewares\ST\STM32_Cryptographic\lib\libSTM32Cryptographic_CM0_CM0PLUS.a(cmox_aesfast_encrypt.c.o) (CMOX_AES_SBOX)
C:/ST/STM32CubeIDE_1.18.0/STM32CubeIDE/plugins/com.st.stm32cube.ide.mcu.externaltools.gnu-tools-for-stm32.13.3.rel1.win32_1.0.0.202411081344/tools/bin/../lib/gcc/arm-none-eabi/13.3.1/../../../../arm-none-eabi/lib/thumb/v7-m/nofp\libc_nano.a(libc_a-exit.o)
                              C:/ST/STM32CubeIDE_1.18.0/STM32CubeIDE/plugins/com.st.stm32cube.ide.mcu.externaltools.gnu-tools-for-stm32.13.3.rel1.win32_1.0.0.202411081344/tools/bin/../lib/gcc/arm-none-eabi/13.3.1/../../../../arm-none-eabi/lib/thumb/v7-m/nofp/crt0.o (exit)
C:/ST/STM32CubeIDE_1.18.0/STM32CubeIDE/plugins/com.st.stm32cube.ide.mcu.externaltools.gnu-tools-for-stm32.13.3.rel1.win32_1.0.0.202411081344/tools/bin/../lib/gcc/arm-none-eabi/13.3.1/../../../../arm-none-eabi/lib/thumb/v7-m/nofp\libc_nano.a(libc_a-strtoul.o)
[...]
Memory Configuration

Name             Origin             Length             Attributes
RAM              0x20000000         0x00005000         xrw
FLASH            0x08000000         0x00020000         xr
*default*        0x00000000         0xffffffff

Linker script and memory map

LOAD C:/ST/STM32CubeIDE_1.18.0/STM32CubeIDE/plugins/com.st.stm32cube.ide.mcu.externaltools.gnu-tools-for-stm32.13.3.rel1.win32_1.0.0.202411081344/tools/bin/../lib/gcc/arm-none-eabi/13.3.1/thumb/v7-m/nofp/crti.o
LOAD C:/ST/STM32CubeIDE_1.18.0/STM32CubeIDE/plugins/com.st.stm32cube.ide.mcu.externaltools.gnu-tools-for-stm32.13.3.rel1.win32_1.0.0.202411081344/tools/bin/../lib/gcc/arm-none-eabi/13.3.1/thumb/v7-m/nofp/crtbegin.o
LOAD C:/ST/STM32CubeIDE_1.18.0/STM32CubeIDE/plugins/com.st.stm32cube.ide.mcu.externaltools.gnu-tools-for-stm32.13.3.rel1.win32_1.0.0.202411081344/tools/bin/../lib/gcc/arm-none-eabi/13.3.1/../../../../arm-none-eabi/lib/thumb/v7-m/nofp/crt0.o
LOAD ./Core/Src/cmox_low_level.o
LOAD ./Core/Src/freertos.o
LOAD ./Core/Src/main.o
LOAD ./Core/Src/stm32f1xx_hal_msp.o
LOAD ./Core/Src/stm32f1xx_hal_timebase_tim.o
LOAD ./Core/Src/stm32f1xx_it.o
LOAD ./Core/Src/syscalls.o
LOAD ./Core/Src/sysmem.o
LOAD ./Core/Src/system_stm32f1xx.o
LOAD ./Core/Startup/startup_stm32f103rbtx.o
LOAD ./Drivers/STM32F1xx_HAL_Driver/Src/stm32f1xx_hal.o
LOAD ./Drivers/STM32F1xx_HAL_Driver/Src/stm32f1xx_hal_cortex.o
LOAD ./Drivers/STM32F1xx_HAL_Driver/Src/stm32f1xx_hal_dma.o
LOAD ./Drivers/STM32F1xx_HAL_Driver/Src/stm32f1xx_hal_exti.o
LOAD ./Drivers/STM32F1xx_HAL_Driver/Src/stm32f1xx_hal_flash.o
LOAD ./Drivers/STM32F1xx_HAL_Driver/Src/stm32f1xx_hal_flash_ex.o
LOAD ./Drivers/STM32F1xx_HAL_Driver/Src/stm32f1xx_hal_gpio.o
LOAD ./Drivers/STM32F1xx_HAL_Driver/Src/stm32f1xx_hal_gpio_ex.o
LOAD ./Drivers/STM32F1xx_HAL_Driver/Src/stm32f1xx_hal_pwr.o
LOAD ./Drivers/STM32F1xx_HAL_Driver/Src/stm32f1xx_hal_rcc.o
LOAD ./Drivers/STM32F1xx_HAL_Driver/Src/stm32f1xx_hal_rcc_ex.o
LOAD ./Drivers/STM32F1xx_HAL_Driver/Src/stm32f1xx_hal_tim.o
LOAD ./Drivers/STM32F1xx_HAL_Driver/Src/stm32f1xx_hal_tim_ex.o
LOAD ./Drivers/STM32F1xx_HAL_Driver/Src/stm32f1xx_hal_uart.o
LOAD ./Middlewares/Third_Party/FreeRTOS/Source/CMSIS_RTOS_V2/cmsis_os2.o
LOAD ./Middlewares/Third_Party/FreeRTOS/Source/croutine.o
LOAD ./Middlewares/Third_Party/FreeRTOS/Source/event_groups.o
LOAD ./Middlewares/Third_Party/FreeRTOS/Source/list.o
LOAD ./Middlewares/Third_Party/FreeRTOS/Source/queue.o
LOAD ./Middlewares/Third_Party/FreeRTOS/Source/stream_buffer.o
LOAD ./Middlewares/Third_Party/FreeRTOS/Source/tasks.o
LOAD ./Middlewares/Third_Party/FreeRTOS/Source/timers.o
LOAD ./Middlewares/Third_Party/FreeRTOS/Source/portable/GCC/ARM_CM3/port.o
LOAD ./Middlewares/Third_Party/FreeRTOS/Source/portable/MemMang/heap_4.o
LOAD D:\STM32\STM_Firmware_Lib\STM32CubeExpansion_Crypto_V4.4.0\Middlewares\ST\STM32_Cryptographic\lib\libSTM32Cryptographic_CM0_CM0PLUS.a
START GROUP
LOAD C:/ST/STM32CubeIDE_1.18.0/STM32CubeIDE/plugins/com.st.stm32cube.ide.mcu.externaltools.gnu-tools-for-stm32.13.3.rel1.win32_1.0.0.202411081344/tools/bin/../lib/gcc/arm-none-eabi/13.3.1/../../../../arm-none-eabi/lib/thumb/v7-m/nofp\libc_nano.a
LOAD C:/ST/STM32CubeIDE_1.18.0/STM32CubeIDE/plugins/com.st.stm32cube.ide.mcu.externaltools.gnu-tools-for-stm32.13.3.rel1.win32_1.0.0.202411081344/tools/bin/../lib/gcc/arm-none-eabi/13.3.1/../../../../arm-none-eabi/lib/thumb/v7-m/nofp\libm.a
END GROUP
START GROUP
LOAD C:/ST/STM32CubeIDE_1.18.0/STM32CubeIDE/plugins/com.st.stm32cube.ide.mcu.externaltools.gnu-tools-for-stm32.13.3.rel1.win32_1.0.0.202411081344/tools/bin/../lib/gcc/arm-none-eabi/13.3.1/thumb/v7-m/nofp\libgcc.a
LOAD C:/ST/STM32CubeIDE_1.18.0/STM32CubeIDE/plugins/com.st.stm32cube.ide.mcu.externaltools.gnu-tools-for-stm32.13.3.rel1.win32_1.0.0.202411081344/tools/bin/../lib/gcc/arm-none-eabi/13.3.1/../../../../arm-none-eabi/lib/thumb/v7-m/nofp\libc_nano.a
END GROUP
START GROUP
LOAD C:/ST/STM32CubeIDE_1.18.0/STM32CubeIDE/plugins/com.st.stm32cube.ide.mcu.externaltools.gnu-tools-for-stm32.13.3.rel1.win32_1.0.0.202411081344/tools/bin/../lib/gcc/arm-none-eabi/13.3.1/thumb/v7-m/nofp\libgcc.a
LOAD C:/ST/STM32CubeIDE_1.18.0/STM32CubeIDE/plugins/com.st.stm32cube.ide.mcu.externaltools.gnu-tools-for-stm32.13.3.rel1.win32_1.0.0.202411081344/tools/bin/../lib/gcc/arm-none-eabi/13.3.1/../../../../arm-none-eabi/lib/thumb/v7-m/nofp\libc_nano.a
LOAD C:/ST/STM32CubeIDE_1.18.0/STM32CubeIDE/plugins/com.st.stm32cube.ide.mcu.externaltools.gnu-tools-for-stm32.13.3.rel1.win32_1.0.0.202411081344/tools/bin/../lib/gcc/arm-none-eabi/13.3.1/../../../../arm-none-eabi/lib/thumb/v7-m/nofp\libnosys.a
END GROUP
START GROUP
LOAD C:/ST/STM32CubeIDE_1.18.0/STM32CubeIDE/plugins/com.st.stm32cube.ide.mcu.externaltools.gnu-tools-for-stm32.13.3.rel1.win32_1.0.0.202411081344/tools/bin/../lib/gcc/arm-none-eabi/13.3.1/thumb/v7-m/nofp\libgcc.a
LOAD C:/ST/STM32CubeIDE_1.18.0/STM32CubeIDE/plugins/com.st.stm32cube.ide.mcu.externaltools.gnu-tools-for-stm32.13.3.rel1.win32_1.0.0.202411081344/tools/bin/../lib/gcc/arm-none-eabi/13.3.1/../../../../arm-none-eabi/lib/thumb/v7-m/nofp\libc_nano.a
LOAD C:/ST/STM32CubeIDE_1.18.0/STM32CubeIDE/plugins/com.st.stm32cube.ide.mcu.externaltools.gnu-tools-for-stm32.13.3.rel1.win32_1.0.0.202411081344/tools/bin/../lib/gcc/arm-none-eabi/13.3.1/../../../../arm-none-eabi/lib/thumb/v7-m/nofp\libnosys.a
END GROUP
LOAD C:/ST/STM32CubeIDE_1.18.0/STM32CubeIDE/plugins/com.st.stm32cube.ide.mcu.externaltools.gnu-tools-for-stm32.13.3.rel1.win32_1.0.0.202411081344/tools/bin/../lib/gcc/arm-none-eabi/13.3.1/thumb/v7-m/nofp/crtend.o
LOAD C:/ST/STM32CubeIDE_1.18.0/STM32CubeIDE/plugins/com.st.stm32cube.ide.mcu.externaltools.gnu-tools-for-stm32.13.3.rel1.win32_1.0.0.202411081344/tools/bin/../lib/gcc/arm-none-eabi/13.3.1/thumb/v7-m/nofp/crtn.o
                0x20005000                        _estack = (ORIGIN (RAM) + LENGTH (RAM))
                0x00000200                        _Min_Heap_Size = 0x200
                0x00000400                        _Min_Stack_Size = 0x400

.isr_vector     0x08000000      0x10c
                0x08000000                        . = ALIGN (0x4)
 *(.isr_vector)
 .isr_vector    0x08000000      0x10c ./Core/Startup/startup_stm32f103rbtx.o
                0x08000000                g_pfnVectors
                0x0800010c                        . = ALIGN (0x4)

.text           0x08000110     0x8510
                0x08000110                        . = ALIGN (0x4)
 *(.text)
 .text          0x08000110       0x40 C:/ST/STM32CubeIDE_1.18.0/STM32CubeIDE/plugins/com.st.stm32cube.ide.mcu.externaltools.gnu-tools-for-stm32.13.3.rel1.win32_1.0.0.202411081344/tools/bin/../lib/gcc/arm-none-eabi/13.3.1/thumb/v7-m/nofp/crtbegin.o
 .text          0x08000150       0x40 D:\STM32\STM_Firmware_Lib\STM32CubeExpansion_Crypto_V4.4.0\Middlewares\ST\STM32_Cryptographic\lib\libSTM32Cryptographic_CM0_CM0PLUS.a(cmox_cbc_aesfast_encrypt.c.o)
 .text          0x08000190        0xa D:\STM32\STM_Firmware_Lib\STM32CubeExpansion_Crypto_V4.4.0\Middlewares\ST\STM32_Cryptographic\lib\libSTM32Cryptographic_CM0_CM0PLUS.a(cmox_cbc_common.c.o)
                0x08000190                cmox_cbc_getByCipher
 .text          0x0800019a       0x1e D:\STM32\STM_Firmware_Lib\STM32CubeExpansion_Crypto_V4.4.0\Middlewares\ST\STM32_Cryptographic\lib\libSTM32Cryptographic_CM0_CM0PLUS.a(cmox_cbc_common.c.o)
                0x0800019a                cmox_cbc_cleanup
 .text          0x080001b8       0x28 D:\STM32\STM_Firmware_Lib\STM32CubeExpansion_Crypto_V4.4.0\Middlewares\ST\STM32_Cryptographic\lib\libSTM32Cryptographic_CM0_CM0PLUS.a(cmox_cbc_common.c.o)
                0x080001b8                cmox_cbc_init
 .text          0x080001e0       0x2c D:\STM32\STM_Firmware_Lib\STM32CubeExpansion_Crypto_V4.4.0\Middlewares\ST\STM32_Cryptographic\lib\libSTM32Cryptographic_CM0_CM0PLUS.a(cmox_cbc_common.c.o)
                0x080001e0                cmox_cbc_setKey
 .text          0x0800020c       0x3c D:\STM32\STM_Firmware_Lib\STM32CubeExpansion_Crypto_V4.4.0\Middlewares\ST\STM32_Cryptographic\lib\libSTM32Cryptographic_CM0_CM0PLUS.a(cmox_cbc_common.c.o)
                0x0800020c                cmox_cbc_setIV
 .text          0x08000248        0xe D:\STM32\STM_Firmware_Lib\STM32CubeExpansion_Crypto_V4.4.0\Middlewares\ST\STM32_Cryptographic\lib\libSTM32Cryptographic_CM0_CM0PLUS.a(cmox_cbc_common.c.o)
                0x08000248                cmox_cbc_construct
 *fill*         0x08000256        0x2 
 .text          0x08000258       0x10 D:\STM32\STM_Firmware_Lib\STM32CubeExpansion_Crypto_V4.4.0\Middlewares\ST\STM32_Cryptographic\lib\libSTM32Cryptographic_CM0_CM0PLUS.a(cmox_cbc_encrypt.c.o)
 .text          0x08000268       0x10 D:\STM32\STM_Firmware_Lib\STM32CubeExpansion_Crypto_V4.4.0\Middlewares\ST\STM32_Cryptographic\lib\libSTM32Cryptographic_CM0_CM0PLUS.a(cmox_cbc_encrypt.c.o)
 .text          0x08000278       0x10 D:\STM32\STM_Firmware_Lib\STM32CubeExpansion_Crypto_V4.4.0\Middlewares\ST\STM32_Cryptographic\lib\libSTM32Cryptographic_CM0_CM0PLUS.a(cmox_cbc_encrypt.c.o)
 .text          0x08000288       0x10 D:\STM32\STM_Firmware_Lib\STM32CubeExpansion_Crypto_V4.4.0\Middlewares\ST\STM32_Cryptographic\lib\libSTM32Cryptographic_CM0_CM0PLUS.a(cmox_cbc_encrypt.c.o)
 .text          0x08000298      0x1d4 D:\STM32\STM_Firmware_Lib\STM32CubeExpansion_Crypto_V4.4.0\Middlewares\ST\STM32_Cryptographic\lib\libSTM32Cryptographic_CM0_CM0PLUS.a(cmox_cbc_encrypt.c.o)
 .text          0x0800046c       0x10 D:\STM32\STM_Firmware_Lib\STM32CubeExpansion_Crypto_V4.4.0\Middlewares\ST\STM32_Cryptographic\lib\libSTM32Cryptographic_CM0_CM0PLUS.a(cmox_cbc_encrypt.c.o)
                0x0800046c                cmox_cbcEncrypt_construct
 .text          0x0800047c       0x5c D:\STM32\STM_Firmware_Lib\STM32CubeExpansion_Crypto_V4.4.0\Middlewares\ST\STM32_Cryptographic\lib\libSTM32Cryptographic_CM0_CM0PLUS.a(cmox_cipher.c.o)
                0x0800047c                cmox_cipher_encrypt
 .text          0x080004d8       0x62 D:\STM32\STM_Firmware_Lib\STM32CubeExpansion_Crypto_V4.4.0\Middlewares\ST\STM32_Cryptographic\lib\libSTM32Cryptographic_CM0_CM0PLUS.a(cmox_cipher.c.o)
                0x080004d8                cmox_cipher_innerCompute
 .text          0x0800053a        0xc D:\STM32\STM_Firmware_Lib\STM32CubeExpansion_Crypto_V4.4.0\Middlewares\ST\STM32_Cryptographic\lib\libSTM32Cryptographic_CM0_CM0PLUS.a(cmox_cipher_modes.c.o)
                0x0800053a                cmox_cipherMode_init
 *fill*         0x08000546        0x2 
 .text          0x08000548      0x3c0 D:\STM32\STM_Firmware_Lib\STM32CubeExpansion_Crypto_V4.4.0\Middlewares\ST\STM32_Cryptographic\lib\libSTM32Cryptographic_CM0_CM0PLUS.a(cmox_cipher_modes.c.o)
                0x08000548                cmox_cipherMode_setKey
 .text          0x08000908       0x48 D:\STM32\STM_Firmware_Lib\STM32CubeExpansion_Crypto_V4.4.0\Middlewares\ST\STM32_Cryptographic\lib\libSTM32Cryptographic_CM0_CM0PLUS.a(cmox_cipher_modes.c.o)
                0x08000908                cmox_cipherMode_setIV
 .text          0x08000950        0x6 D:\STM32\STM_Firmware_Lib\STM32CubeExpansion_Crypto_V4.4.0\Middlewares\ST\STM32_Cryptographic\lib\libSTM32Cryptographic_CM0_CM0PLUS.a(cmox_cipher_modes.c.o)
                0x08000950                cmox_cipher_setTagLen_empty
 .text          0x08000956        0x6 D:\STM32\STM_Firmware_Lib\STM32CubeExpansion_Crypto_V4.4.0\Middlewares\ST\STM32_Cryptographic\lib\libSTM32Cryptographic_CM0_CM0PLUS.a(cmox_cipher_modes.c.o)
                0x08000956                cmox_cipher_setPayloadLen_empty
 .text          0x0800095c        0x6 D:\STM32\STM_Firmware_Lib\STM32CubeExpansion_Crypto_V4.4.0\Middlewares\ST\STM32_Cryptographic\lib\libSTM32Cryptographic_CM0_CM0PLUS.a(cmox_cipher_modes.c.o)
                0x0800095c                cmox_cipher_setADLen_empty
 .text          0x08000962        0x6 D:\STM32\STM_Firmware_Lib\STM32CubeExpansion_Crypto_V4.4.0\Middlewares\ST\STM32_Cryptographic\lib\libSTM32Cryptographic_CM0_CM0PLUS.a(cmox_cipher_modes.c.o)
                0x08000962                cmox_cipher_appendAD_empty
 .text          0x08000968        0x8 D:\STM32\STM_Firmware_Lib\STM32CubeExpansion_Crypto_V4.4.0\Middlewares\ST\STM32_Cryptographic\lib\libSTM32Cryptographic_CM0_CM0PLUS.a(cmox_cipher_modes.c.o)
                0x08000968                cmox_cipher_generateTag_empty
 .text          0x08000970        0x8 D:\STM32\STM_Firmware_Lib\STM32CubeExpansion_Crypto_V4.4.0\Middlewares\ST\STM32_Cryptographic\lib\libSTM32Cryptographic_CM0_CM0PLUS.a(cmox_cipher_modes.c.o)
                0x08000970                cmox_cipher_verifyTag_empty
 .text          0x08000978        0x8 D:\STM32\STM_Firmware_Lib\STM32CubeExpansion_Crypto_V4.4.0\Middlewares\ST\STM32_Cryptographic\lib\libSTM32Cryptographic_CM0_CM0PLUS.a(cmox_cipher_modes.c.o)
 .text          0x08000980       0x28 D:\STM32\STM_Firmware_Lib\STM32CubeExpansion_Crypto_V4.4.0\Middlewares\ST\STM32_Cryptographic\lib\libSTM32Cryptographic_CM0_CM0PLUS.a(cmox_cipher_utils.c.o)
                0x08000980                convert_block_2_words
 .text          0x080009a8       0x2a D:\STM32\STM_Firmware_Lib\STM32CubeExpansion_Crypto_V4.4.0\Middlewares\ST\STM32_Cryptographic\lib\libSTM32Cryptographic_CM0_CM0PLUS.a(cmox_cipher_utils.c.o)
                0x080009a8                convert_block_2_bytes
 .text          0x080009d2       0x18 D:\STM32\STM_Firmware_Lib\STM32CubeExpansion_Crypto_V4.4.0\Middlewares\ST\STM32_Cryptographic\lib\libSTM32Cryptographic_CM0_CM0PLUS.a(cmox_cipher_utils.c.o)
                0x080009d2                xor_blocks
 .text          0x080009ea       0x12 D:\STM32\STM_Firmware_Lib\STM32CubeExpansion_Crypto_V4.4.0\Middlewares\ST\STM32_Cryptographic\lib\libSTM32Cryptographic_CM0_CM0PLUS.a(cmox_cipher_utils.c.o)
                0x080009ea                copy_block
 .text          0x080009fc       0x36 D:\STM32\STM_Firmware_Lib\STM32CubeExpansion_Crypto_V4.4.0\Middlewares\ST\STM32_Cryptographic\lib\libSTM32Cryptographic_CM0_CM0PLUS.a(cmox_ctr_drbg.c.o)
 .text          0x08000a32       0xac D:\STM32\STM_Firmware_Lib\STM32CubeExpansion_Crypto_V4.4.0\Middlewares\ST\STM32_Cryptographic\lib\libSTM32Cryptographic_CM0_CM0PLUS.a(cmox_ctr_drbg.c.o)
 .text          0x08000ade       0x20 D:\STM32\STM_Firmware_Lib\STM32CubeExpansion_Crypto_V4.4.0\Middlewares\ST\STM32_Cryptographic\lib\libSTM32Cryptographic_CM0_CM0PLUS.a(cmox_ctr_drbg.c.o)
 .text          0x08000afe       0x92 D:\STM32\STM_Firmware_Lib\STM32CubeExpansion_Crypto_V4.4.0\Middlewares\ST\STM32_Cryptographic\lib\libSTM32Cryptographic_CM0_CM0PLUS.a(cmox_ctr_drbg.c.o)
 .text          0x08000b90      0x1d8 D:\STM32\STM_Firmware_Lib\STM32CubeExpansion_Crypto_V4.4.0\Middlewares\ST\STM32_Cryptographic\lib\libSTM32Cryptographic_CM0_CM0PLUS.a(cmox_ctr_drbg.c.o)
 .text          0x08000d68       0x1e D:\STM32\STM_Firmware_Lib\STM32CubeExpansion_Crypto_V4.4.0\Middlewares\ST\STM32_Cryptographic\lib\libSTM32Cryptographic_CM0_CM0PLUS.a(cmox_ctr_drbg.c.o)
 .text          0x08000d86       0x80 D:\STM32\STM_Firmware_Lib\STM32CubeExpansion_Crypto_V4.4.0\Middlewares\ST\STM32_Cryptographic\lib\libSTM32Cryptographic_CM0_CM0PLUS.a(cmox_ctr_drbg.c.o)
 .text          0x08000e06       0xbc D:\STM32\STM_Firmware_Lib\STM32CubeExpansion_Crypto_V4.4.0\Middlewares\ST\STM32_Cryptographic\lib\libSTM32Cryptographic_CM0_CM0PLUS.a(cmox_ctr_drbg.c.o)
 *fill*         0x08000ec2        0x2 
 .text          0x08000ec4      0x2a0 D:\STM32\STM_Firmware_Lib\STM32CubeExpansion_Crypto_V4.4.0\Middlewares\ST\STM32_Cryptographic\lib\libSTM32Cryptographic_CM0_CM0PLUS.a(cmox_ctr_drbg.c.o)
 .text          0x08001164       0xb8 D:\STM32\STM_Firmware_Lib\STM32CubeExpansion_Crypto_V4.4.0\Middlewares\ST\STM32_Cryptographic\lib\libSTM32Cryptographic_CM0_CM0PLUS.a(cmox_ctr_drbg.c.o)
 .text          0x0800121c       0x3c D:\STM32\STM_Firmware_Lib\STM32CubeExpansion_Crypto_V4.4.0\Middlewares\ST\STM32_Cryptographic\lib\libSTM32Cryptographic_CM0_CM0PLUS.a(cmox_ctr_drbg.c.o)
 .text          0x08001258       0x44 D:\STM32\STM_Firmware_Lib\STM32CubeExpansion_Crypto_V4.4.0\Middlewares\ST\STM32_Cryptographic\lib\libSTM32Cryptographic_CM0_CM0PLUS.a(cmox_ctr_drbg.c.o)
                0x08001258                cmox_ctr_drbg_construct
 .text          0x0800129c       0x24 D:\STM32\STM_Firmware_Lib\STM32CubeExpansion_Crypto_V4.4.0\Middlewares\ST\STM32_Cryptographic\lib\libSTM32Cryptographic_CM0_CM0PLUS.a(cmox_drbg.c.o)
                0x0800129c                cmox_drbg_cleanup
 .text          0x080012c0       0x44 D:\STM32\STM_Firmware_Lib\STM32CubeExpansion_Crypto_V4.4.0\Middlewares\ST\STM32_Cryptographic\lib\libSTM32Cryptographic_CM0_CM0PLUS.a(cmox_drbg.c.o)
                0x080012c0                cmox_drbg_init
 .text          0x08001304       0x30 D:\STM32\STM_Firmware_Lib\STM32CubeExpansion_Crypto_V4.4.0\Middlewares\ST\STM32_Cryptographic\lib\libSTM32Cryptographic_CM0_CM0PLUS.a(cmox_drbg.c.o)
                0x08001304                cmox_drbg_reseed
 .text          0x08001334       0x34 D:\STM32\STM_Firmware_Lib\STM32CubeExpansion_Crypto_V4.4.0\Middlewares\ST\STM32_Cryptographic\lib\libSTM32Cryptographic_CM0_CM0PLUS.a(cmox_drbg.c.o)
                0x08001334                cmox_drbg_generate
 .text          0x08001368       0x28 D:\STM32\STM_Firmware_Lib\STM32CubeExpansion_Crypto_V4.4.0\Middlewares\ST\STM32_Cryptographic\lib\libSTM32Cryptographic_CM0_CM0PLUS.a(cmox_init.c.o)
                0x08001368                cmox_initialize
 .text          0x08001390      0x2dc D:\STM32\STM_Firmware_Lib\STM32CubeExpansion_Crypto_V4.4.0\Middlewares\ST\STM32_Cryptographic\lib\libSTM32Cryptographic_CM0_CM0PLUS.a(cmox_aesfast_encrypt.c.o)
 .text          0x0800166c      0x120 D:\STM32\STM_Firmware_Lib\STM32CubeExpansion_Crypto_V4.4.0\Middlewares\ST\STM32_Cryptographic\lib\libSTM32Cryptographic_CM0_CM0PLUS.a(cmox_aes_common.c.o)
                0x0800166c                cmox_aesSmall_keySchedule
 .text          0x0800178c       0x14 C:/ST/STM32CubeIDE_1.18.0/STM32CubeIDE/plugins/com.st.stm32cube.ide.mcu.externaltools.gnu-tools-for-stm32.13.3.rel1.win32_1.0.0.202411081344/tools/bin/../lib/gcc/arm-none-eabi/13.3.1/../../../../arm-none-eabi/lib/thumb/v7-m/nofp\libc_nano.a(libc_a-strcmp.o)
                0x0800178c                strcmp
 .text          0x080017a0       0x10 C:/ST/STM32CubeIDE_1.18.0/STM32CubeIDE/plugins/com.st.stm32cube.ide.mcu.externaltools.gnu-tools-for-stm32.13.3.rel1.win32_1.0.0.202411081344/tools/bin/../lib/gcc/arm-none-eabi/13.3.1/../../../../arm-none-eabi/lib/thumb/v7-m/nofp\libc_nano.a(libc_a-strlen.o)
                0x080017a0                strlen
 .text          0x080017b0       0x24 C:/ST/STM32CubeIDE_1.18.0/STM32CubeIDE/plugins/com.st.stm32cube.ide.mcu.externaltools.gnu-tools-for-stm32.13.3.rel1.win32_1.0.0.202411081344/tools/bin/../lib/gcc/arm-none-eabi/13.3.1/thumb/v7-m/nofp\libgcc.a(_udivsi3.o)
                0x080017b0                __aeabi_uidiv
                0x080017b0                __udivsi3
                0x080017c4                __aeabi_uidivmod
 .text          0x080017d4        0x4 C:/ST/STM32CubeIDE_1.18.0/STM32CubeIDE/plugins/com.st.stm32cube.ide.mcu.externaltools.gnu-tools-for-stm32.13.3.rel1.win32_1.0.0.202411081344/tools/bin/../lib/gcc/arm-none-eabi/13.3.1/thumb/v7-m/nofp\libgcc.a(_dvmd_tls.o)
                0x080017d4                __aeabi_idiv0
                0x080017d4                __aeabi_ldiv0
 *(.text*)
 .text.cmox_ll_init
                0x080017d8       0x30 ./Core/Src/cmox_low_level.o
                0x080017d8                cmox_ll_init
 .text.main     0x08001808       0xec ./Core/Src/main.o
                0x08001808                main
 .text.SystemClock_Config
                0x080018f4       0x82 ./Core/Src/main.o
                0x080018f4                SystemClock_Config
 *fill*         0x08001976        0x2 
 .text.MX_USART2_UART_Init
                0x08001978       0x54 ./Core/Src/main.o
 .text.MX_GPIO_Init
                0x080019cc       0xdc ./Core/Src/main.o
 .text.HandleInputKey
                0x08001aa8       0x74 ./Core/Src/main.o
                0x08001aa8                HandleInputKey
 .text.SerialTask
                0x08001b1c      0x130 ./Core/Src/main.o
                0x08001b1c                SerialTask
 .text.RequestSeedTask
                0x08001c4c      0x140 ./Core/Src/main.o
                0x08001c4c                RequestSeedTask
 .text.CompareKeyTask
                0x08001d8c       0xf0 ./Core/Src/main.o
                0x08001d8c                CompareKeyTask
 .text.HAL_TIM_PeriodElapsedCallback
                0x08001e7c       0x24 ./Core/Src/main.o
                0x08001e7c                HAL_TIM_PeriodElapsedCallback
 .text.Error_Handler
                0x08001ea0        0xc ./Core/Src/main.o
                0x08001ea0                Error_Handler
 .text.HAL_MspInit
                0x08001eac       0x70 ./Core/Src/stm32f1xx_hal_msp.o
                0x08001eac                HAL_MspInit
 .text.HAL_UART_MspInit
                0x08001f1c       0x8c ./Core/Src/stm32f1xx_hal_msp.o
                0x08001f1c                HAL_UART_MspInit
 .text.HAL_InitTick
                0x08001fa8       0xe4 ./Core/Src/stm32f1xx_hal_timebase_tim.o
                0x08001fa8                HAL_InitTick
 .text.NMI_Handler
                0x0800208c        0x8 ./Core/Src/stm32f1xx_it.o
                0x0800208c                NMI_Handler
 .text.HardFault_Handler
                0x08002094        0x8 ./Core/Src/stm32f1xx_it.o
                0x08002094                HardFault_Handler
 .text.MemManage_Handler
                0x0800209c        0x8 ./Core/Src/stm32f1xx_it.o
                0x0800209c                MemManage_Handler
 .text.BusFault_Handler
                0x080020a4        0x8 ./Core/Src/stm32f1xx_it.o
                0x080020a4                BusFault_Handler
 .text.UsageFault_Handler
                0x080020ac        0x8 ./Core/Src/stm32f1xx_it.o
                0x080020ac                UsageFault_Handler
 .text.DebugMon_Handler
                0x080020b4        0xc ./Core/Src/stm32f1xx_it.o
                0x080020b4                DebugMon_Handler
 .text.TIM1_UP_IRQHandler
                0x080020c0       0x14 ./Core/Src/stm32f1xx_it.o
                0x080020c0                TIM1_UP_IRQHandler
 .text.USART2_IRQHandler
                0x080020d4       0x14 ./Core/Src/stm32f1xx_it.o
                0x080020d4                USART2_IRQHandler
 .text.EXTI15_10_IRQHandler
                0x080020e8       0x10 ./Core/Src/stm32f1xx_it.o
                0x080020e8                EXTI15_10_IRQHandler
 .text._sbrk    0x080020f8       0x6c ./Core/Src/sysmem.o
                0x080020f8                _sbrk
 .text.SystemInit
                0x08002164        0xc ./Core/Src/system_stm32f1xx.o
                0x08002164                SystemInit
 .text.Reset_Handler
                0x08002170       0x48 ./Core/Startup/startup_stm32f103rbtx.o
                0x08002170                Reset_Handler
 .text.Default_Handler
                0x080021b8        0x2 ./Core/Startup/startup_stm32f103rbtx.o
                0x080021b8                RTC_Alarm_IRQHandler
                0x080021b8                EXTI2_IRQHandler
                0x080021b8                TIM1_CC_IRQHandler
                0x080021b8                PVD_IRQHandler
                0x080021b8                EXTI3_IRQHandler
                0x080021b8                EXTI0_IRQHandler
                0x080021b8                I2C2_EV_IRQHandler
                0x080021b8                ADC1_2_IRQHandler
                0x080021b8                SPI1_IRQHandler
                0x080021b8                TAMPER_IRQHandler
                0x080021b8                DMA1_Channel4_IRQHandler
                0x080021b8                USART3_IRQHandler
                0x080021b8                RTC_IRQHandler
                0x080021b8                DMA1_Channel7_IRQHandler
                0x080021b8                CAN1_RX1_IRQHandler
                0x080021b8                TIM4_IRQHandler
                0x080021b8                I2C1_EV_IRQHandler
                0x080021b8                DMA1_Channel6_IRQHandler
                0x080021b8                TIM3_IRQHandler
                0x080021b8                RCC_IRQHandler
                0x080021b8                TIM1_TRG_COM_IRQHandler
                0x080021b8                DMA1_Channel1_IRQHandler
                0x080021b8                Default_Handler
                0x080021b8                EXTI9_5_IRQHandler
                0x080021b8                SPI2_IRQHandler
                0x080021b8                DMA1_Channel5_IRQHandler
                0x080021b8                EXTI4_IRQHandler
                0x080021b8                USB_LP_CAN1_RX0_IRQHandler
                0x080021b8                USB_HP_CAN1_TX_IRQHandler
                0x080021b8                DMA1_Channel3_IRQHandler
                0x080021b8                WWDG_IRQHandler
                0x080021b8                TIM2_IRQHandler
                0x080021b8                TIM1_BRK_IRQHandler
                0x080021b8                EXTI1_IRQHandler
                0x080021b8                I2C2_ER_IRQHandler
                0x080021b8                DMA1_Channel2_IRQHandler
                0x080021b8                CAN1_SCE_IRQHandler
                0x080021b8                FLASH_IRQHandler
                0x080021b8                USART1_IRQHandler
                0x080021b8                I2C1_ER_IRQHandler
                0x080021b8                USBWakeUp_IRQHandler
 *fill*         0x080021ba        0x2 
 .text.HAL_Init
                0x080021bc       0x2c ./Drivers/STM32F1xx_HAL_Driver/Src/stm32f1xx_hal.o
                0x080021bc                HAL_Init
 .text.HAL_IncTick
                0x080021e8       0x24 ./Drivers/STM32F1xx_HAL_Driver/Src/stm32f1xx_hal.o
                0x080021e8                HAL_IncTick
 .text.HAL_GetTick
                0x0800220c       0x14 ./Drivers/STM32F1xx_HAL_Driver/Src/stm32f1xx_hal.o
                0x0800220c                HAL_GetTick
 .text.__NVIC_SetPriorityGrouping
                0x08002220       0x48 ./Drivers/STM32F1xx_HAL_Driver/Src/stm32f1xx_hal_cortex.o
 .text.__NVIC_GetPriorityGrouping
                0x08002268       0x1c ./Drivers/STM32F1xx_HAL_Driver/Src/stm32f1xx_hal_cortex.o
 .text.__NVIC_EnableIRQ
                0x08002284       0x38 ./Drivers/STM32F1xx_HAL_Driver/Src/stm32f1xx_hal_cortex.o
 .text.__NVIC_SetPriority
                0x080022bc       0x54 ./Drivers/STM32F1xx_HAL_Driver/Src/stm32f1xx_hal_cortex.o
 .text.NVIC_EncodePriority
                0x08002310       0x64 ./Drivers/STM32F1xx_HAL_Driver/Src/stm32f1xx_hal_cortex.o
 .text.HAL_NVIC_SetPriorityGrouping
                0x08002374       0x16 ./Drivers/STM32F1xx_HAL_Driver/Src/stm32f1xx_hal_cortex.o
                0x08002374                HAL_NVIC_SetPriorityGrouping
 .text.HAL_NVIC_SetPriority
                0x0800238a       0x38 ./Drivers/STM32F1xx_HAL_Driver/Src/stm32f1xx_hal_cortex.o
                0x0800238a                HAL_NVIC_SetPriority
 .text.HAL_NVIC_EnableIRQ
                0x080023c2       0x1c ./Drivers/STM32F1xx_HAL_Driver/Src/stm32f1xx_hal_cortex.o
                0x080023c2                HAL_NVIC_EnableIRQ
 .text.HAL_DMA_Abort
                0x080023de       0x76 ./Drivers/STM32F1xx_HAL_Driver/Src/stm32f1xx_hal_dma.o
                0x080023de                HAL_DMA_Abort
 .text.HAL_DMA_Abort_IT
                0x08002454       0xf0 ./Drivers/STM32F1xx_HAL_Driver/Src/stm32f1xx_hal_dma.o
                0x08002454                HAL_DMA_Abort_IT
 .text.HAL_GPIO_Init
                0x08002544      0x308 ./Drivers/STM32F1xx_HAL_Driver/Src/stm32f1xx_hal_gpio.o
                0x08002544                HAL_GPIO_Init
 .text.HAL_GPIO_WritePin
                0x0800284c       0x30 ./Drivers/STM32F1xx_HAL_Driver/Src/stm32f1xx_hal_gpio.o
                0x0800284c                HAL_GPIO_WritePin
 .text.HAL_GPIO_EXTI_IRQHandler
                0x0800287c       0x30 ./Drivers/STM32F1xx_HAL_Driver/Src/stm32f1xx_hal_gpio.o
                0x0800287c                HAL_GPIO_EXTI_IRQHandler
 .text.HAL_GPIO_EXTI_Callback
                0x080028ac       0x14 ./Drivers/STM32F1xx_HAL_Driver/Src/stm32f1xx_hal_gpio.o
                0x080028ac                HAL_GPIO_EXTI_Callback
 .text.HAL_RCC_OscConfig
                0x080028c0      0x504 ./Drivers/STM32F1xx_HAL_Driver/Src/stm32f1xx_hal_rcc.o
                0x080028c0                HAL_RCC_OscConfig
 .text.HAL_RCC_ClockConfig
                0x08002dc4      0x1d4 ./Drivers/STM32F1xx_HAL_Driver/Src/stm32f1xx_hal_rcc.o
                0x08002dc4                HAL_RCC_ClockConfig
 .text.HAL_RCC_GetSysClockFreq
                0x08002f98       0xa8 ./Drivers/STM32F1xx_HAL_Driver/Src/stm32f1xx_hal_rcc.o
                0x08002f98                HAL_RCC_GetSysClockFreq
 .text.HAL_RCC_GetHCLKFreq
                0x08003040       0x14 ./Drivers/STM32F1xx_HAL_Driver/Src/stm32f1xx_hal_rcc.o
                0x08003040                HAL_RCC_GetHCLKFreq
 .text.HAL_RCC_GetPCLK1Freq
                0x08003054       0x28 ./Drivers/STM32F1xx_HAL_Driver/Src/stm32f1xx_hal_rcc.o
                0x08003054                HAL_RCC_GetPCLK1Freq
 .text.HAL_RCC_GetPCLK2Freq
                0x0800307c       0x28 ./Drivers/STM32F1xx_HAL_Driver/Src/stm32f1xx_hal_rcc.o
                0x0800307c                HAL_RCC_GetPCLK2Freq
 .text.HAL_RCC_GetClockConfig
                0x080030a4       0x60 ./Drivers/STM32F1xx_HAL_Driver/Src/stm32f1xx_hal_rcc.o
                0x080030a4                HAL_RCC_GetClockConfig
 .text.RCC_Delay
                0x08003104       0x3c ./Drivers/STM32F1xx_HAL_Driver/Src/stm32f1xx_hal_rcc.o
 .text.HAL_TIM_Base_Init
                0x08003140       0x9e ./Drivers/STM32F1xx_HAL_Driver/Src/stm32f1xx_hal_tim.o
                0x08003140                HAL_TIM_Base_Init
 .text.HAL_TIM_Base_MspInit
                0x080031de       0x12 ./Drivers/STM32F1xx_HAL_Driver/Src/stm32f1xx_hal_tim.o
                0x080031de                HAL_TIM_Base_MspInit
 .text.HAL_TIM_Base_Start_IT
                0x080031f0       0xa4 ./Drivers/STM32F1xx_HAL_Driver/Src/stm32f1xx_hal_tim.o
                0x080031f0                HAL_TIM_Base_Start_IT
 .text.HAL_TIM_IRQHandler
                0x08003294      0x1e0 ./Drivers/STM32F1xx_HAL_Driver/Src/stm32f1xx_hal_tim.o
                0x08003294                HAL_TIM_IRQHandler
 .text.HAL_TIM_OC_DelayElapsedCallback
                0x08003474       0x12 ./Drivers/STM32F1xx_HAL_Driver/Src/stm32f1xx_hal_tim.o
                0x08003474                HAL_TIM_OC_DelayElapsedCallback
 .text.HAL_TIM_IC_CaptureCallback
                0x08003486       0x12 ./Drivers/STM32F1xx_HAL_Driver/Src/stm32f1xx_hal_tim.o
                0x08003486                HAL_TIM_IC_CaptureCallback
 .text.HAL_TIM_PWM_PulseFinishedCallback
                0x08003498       0x12 ./Drivers/STM32F1xx_HAL_Driver/Src/stm32f1xx_hal_tim.o
                0x08003498                HAL_TIM_PWM_PulseFinishedCallback
 .text.HAL_TIM_TriggerCallback
                0x080034aa       0x12 ./Drivers/STM32F1xx_HAL_Driver/Src/stm32f1xx_hal_tim.o
                0x080034aa                HAL_TIM_TriggerCallback
 .text.TIM_Base_SetConfig
                0x080034bc       0xdc ./Drivers/STM32F1xx_HAL_Driver/Src/stm32f1xx_hal_tim.o
                0x080034bc                TIM_Base_SetConfig
 .text.HAL_TIMEx_CommutCallback
                0x08003598       0x12 ./Drivers/STM32F1xx_HAL_Driver/Src/stm32f1xx_hal_tim_ex.o
                0x08003598                HAL_TIMEx_CommutCallback
 .text.HAL_TIMEx_BreakCallback
                0x080035aa       0x12 ./Drivers/STM32F1xx_HAL_Driver/Src/stm32f1xx_hal_tim_ex.o
                0x080035aa                HAL_TIMEx_BreakCallback
 .text.HAL_UART_Init
                0x080035bc       0xa0 ./Drivers/STM32F1xx_HAL_Driver/Src/stm32f1xx_hal_uart.o
                0x080035bc                HAL_UART_Init
 .text.HAL_UART_Transmit
                0x0800365c      0x116 ./Drivers/STM32F1xx_HAL_Driver/Src/stm32f1xx_hal_uart.o
                0x0800365c                HAL_UART_Transmit
 .text.HAL_UART_Receive
                0x08003772      0x12e ./Drivers/STM32F1xx_HAL_Driver/Src/stm32f1xx_hal_uart.o
                0x08003772                HAL_UART_Receive
 .text.HAL_UART_IRQHandler
                0x080038a0      0x524 ./Drivers/STM32F1xx_HAL_Driver/Src/stm32f1xx_hal_uart.o
                0x080038a0                HAL_UART_IRQHandler
 .text.HAL_UART_TxCpltCallback
                0x08003dc4       0x12 ./Drivers/STM32F1xx_HAL_Driver/Src/stm32f1xx_hal_uart.o
                0x08003dc4                HAL_UART_TxCpltCallback
 .text.HAL_UART_RxCpltCallback
                0x08003dd6       0x12 ./Drivers/STM32F1xx_HAL_Driver/Src/stm32f1xx_hal_uart.o
                0x08003dd6                HAL_UART_RxCpltCallback
 .text.HAL_UART_ErrorCallback
                0x08003de8       0x12 ./Drivers/STM32F1xx_HAL_Driver/Src/stm32f1xx_hal_uart.o
                0x08003de8                HAL_UART_ErrorCallback
 .text.HAL_UARTEx_RxEventCallback
                0x08003dfa       0x16 ./Drivers/STM32F1xx_HAL_Driver/Src/stm32f1xx_hal_uart.o
                0x08003dfa                HAL_UARTEx_RxEventCallback
 .text.UART_WaitOnFlagUntilTimeout
                0x08003e10       0xb2 ./Drivers/STM32F1xx_HAL_Driver/Src/stm32f1xx_hal_uart.o
 .text.UART_EndRxTransfer
                0x08003ec2       0xc4 ./Drivers/STM32F1xx_HAL_Driver/Src/stm32f1xx_hal_uart.o
 .text.UART_DMAAbortOnError
                0x08003f86       0x28 ./Drivers/STM32F1xx_HAL_Driver/Src/stm32f1xx_hal_uart.o
 .text.UART_Transmit_IT
                0x08003fae       0x9e ./Drivers/STM32F1xx_HAL_Driver/Src/stm32f1xx_hal_uart.o
 .text.UART_EndTransmit_IT
                0x0800404c       0x30 ./Drivers/STM32F1xx_HAL_Driver/Src/stm32f1xx_hal_uart.o
 .text.UART_Receive_IT
                0x0800407c      0x17c ./Drivers/STM32F1xx_HAL_Driver/Src/stm32f1xx_hal_uart.o
 .text.UART_SetConfig
                0x080041f8      0x11c ./Drivers/STM32F1xx_HAL_Driver/Src/stm32f1xx_hal_uart.o
 .text.__NVIC_SetPriority
                0x08004314       0x54 ./Middlewares/Third_Party/FreeRTOS/Source/CMSIS_RTOS_V2/cmsis_os2.o
 .text.SysTick_Handler
                0x08004368       0x20 ./Middlewares/Third_Party/FreeRTOS/Source/CMSIS_RTOS_V2/cmsis_os2.o
                0x08004368                SysTick_Handler
 .text.SVC_Setup
                0x08004388       0x12 ./Middlewares/Third_Party/FreeRTOS/Source/CMSIS_RTOS_V2/cmsis_os2.o
 *fill*         0x0800439a        0x2 
 .text.osKernelInitialize
                0x0800439c       0x44 ./Middlewares/Third_Party/FreeRTOS/Source/CMSIS_RTOS_V2/cmsis_os2.o
                0x0800439c                osKernelInitialize
 .text.osKernelStart
                0x080043e0       0x4c ./Middlewares/Third_Party/FreeRTOS/Source/CMSIS_RTOS_V2/cmsis_os2.o
                0x080043e0                osKernelStart
 .text.osThreadNew
                0x0800442c      0x124 ./Middlewares/Third_Party/FreeRTOS/Source/CMSIS_RTOS_V2/cmsis_os2.o
                0x0800442c                osThreadNew
 .text.osSemaphoreNew
                0x08004550      0x112 ./Middlewares/Third_Party/FreeRTOS/Source/CMSIS_RTOS_V2/cmsis_os2.o
                0x08004550                osSemaphoreNew
 *fill*         0x08004662        0x2 
 .text.osSemaphoreAcquire
                0x08004664       0xa4 ./Middlewares/Third_Party/FreeRTOS/Source/CMSIS_RTOS_V2/cmsis_os2.o
                0x08004664                osSemaphoreAcquire
 .text.osSemaphoreRelease
                0x08004708       0x88 ./Middlewares/Third_Party/FreeRTOS/Source/CMSIS_RTOS_V2/cmsis_os2.o
                0x08004708                osSemaphoreRelease
 .text.osMessageQueueNew
                0x08004790       0xe6 ./Middlewares/Third_Party/FreeRTOS/Source/CMSIS_RTOS_V2/cmsis_os2.o
                0x08004790                osMessageQueueNew
 *fill*         0x08004876        0x2 
 .text.osMessageQueuePut
                0x08004878       0xc0 ./Middlewares/Third_Party/FreeRTOS/Source/CMSIS_RTOS_V2/cmsis_os2.o
                0x08004878                osMessageQueuePut
 .text.osMessageQueueGet
                0x08004938       0xbc ./Middlewares/Third_Party/FreeRTOS/Source/CMSIS_RTOS_V2/cmsis_os2.o
                0x08004938                osMessageQueueGet
 .text.vApplicationGetIdleTaskMemory
                0x080049f4       0x30 ./Middlewares/Third_Party/FreeRTOS/Source/CMSIS_RTOS_V2/cmsis_os2.o
                0x080049f4                vApplicationGetIdleTaskMemory
 .text.vApplicationGetTimerTaskMemory
                0x08004a24       0x34 ./Middlewares/Third_Party/FreeRTOS/Source/CMSIS_RTOS_V2/cmsis_os2.o
                0x08004a24                vApplicationGetTimerTaskMemory
 .text.vListInitialise
                0x08004a58       0x3e ./Middlewares/Third_Party/FreeRTOS/Source/list.o
                0x08004a58                vListInitialise
 .text.vListInitialiseItem
                0x08004a96       0x18 ./Middlewares/Third_Party/FreeRTOS/Source/list.o
                0x08004a96                vListInitialiseItem
 .text.vListInsertEnd
                0x08004aae       0x46 ./Middlewares/Third_Party/FreeRTOS/Source/list.o
                0x08004aae                vListInsertEnd
 .text.vListInsert
                0x08004af4       0x70 ./Middlewares/Third_Party/FreeRTOS/Source/list.o
                0x08004af4                vListInsert
 .text.uxListRemove
                0x08004b64       0x52 ./Middlewares/Third_Party/FreeRTOS/Source/list.o
                0x08004b64                uxListRemove
 *fill*         0x08004bb6        0x2 
 .text.xQueueGenericReset
                0x08004bb8       0xd4 ./Middlewares/Third_Party/FreeRTOS/Source/queue.o
                0x08004bb8                xQueueGenericReset
 .text.xQueueGenericCreateStatic
                0x08004c8c       0xfa ./Middlewares/Third_Party/FreeRTOS/Source/queue.o
                0x08004c8c                xQueueGenericCreateStatic
 .text.xQueueGenericCreate
                0x08004d86       0x76 ./Middlewares/Third_Party/FreeRTOS/Source/queue.o
                0x08004d86                xQueueGenericCreate
 .text.prvInitialiseNewQueue
                0x08004dfc       0x46 ./Middlewares/Third_Party/FreeRTOS/Source/queue.o
 .text.xQueueCreateCountingSemaphoreStatic
                0x08004e42       0x72 ./Middlewares/Third_Party/FreeRTOS/Source/queue.o
                0x08004e42                xQueueCreateCountingSemaphoreStatic
 .text.xQueueCreateCountingSemaphore
                0x08004eb4       0x6a ./Middlewares/Third_Party/FreeRTOS/Source/queue.o
                0x08004eb4                xQueueCreateCountingSemaphore
 *fill*         0x08004f1e        0x2 
 .text.xQueueGenericSend
                0x08004f20      0x204 ./Middlewares/Third_Party/FreeRTOS/Source/queue.o
                0x08004f20                xQueueGenericSend
 .text.xQueueGenericSendFromISR
                0x08005124      0x13c ./Middlewares/Third_Party/FreeRTOS/Source/queue.o
                0x08005124                xQueueGenericSendFromISR
 .text.xQueueGiveFromISR
                0x08005260      0x120 ./Middlewares/Third_Party/FreeRTOS/Source/queue.o
                0x08005260                xQueueGiveFromISR
 .text.xQueueReceive
                0x08005380      0x1c4 ./Middlewares/Third_Party/FreeRTOS/Source/queue.o
                0x08005380                xQueueReceive
 .text.xQueueSemaphoreTake
                0x08005544      0x220 ./Middlewares/Third_Party/FreeRTOS/Source/queue.o
                0x08005544                xQueueSemaphoreTake
 .text.xQueueReceiveFromISR
                0x08005764      0x104 ./Middlewares/Third_Party/FreeRTOS/Source/queue.o
                0x08005764                xQueueReceiveFromISR
 .text.vQueueDelete
                0x08005868       0x48 ./Middlewares/Third_Party/FreeRTOS/Source/queue.o
                0x08005868                vQueueDelete
 .text.prvGetDisinheritPriorityAfterTimeout
                0x080058b0       0x2e ./Middlewares/Third_Party/FreeRTOS/Source/queue.o
 .text.prvCopyDataToQueue
                0x080058de       0xd4 ./Middlewares/Third_Party/FreeRTOS/Source/queue.o
 .text.prvCopyDataFromQueue
                0x080059b2       0x4c ./Middlewares/Third_Party/FreeRTOS/Source/queue.o
 .text.prvUnlockQueue
                0x080059fe       0xa4 ./Middlewares/Third_Party/FreeRTOS/Source/queue.o
 .text.prvIsQueueEmpty
                0x08005aa2       0x2c ./Middlewares/Third_Party/FreeRTOS/Source/queue.o
 .text.prvIsQueueFull
                0x08005ace       0x30 ./Middlewares/Third_Party/FreeRTOS/Source/queue.o
 *fill*         0x08005afe        0x2 
 .text.vQueueAddToRegistry
                0x08005b00       0x50 ./Middlewares/Third_Party/FreeRTOS/Source/queue.o
                0x08005b00                vQueueAddToRegistry
 .text.vQueueUnregisterQueue
                0x08005b50       0x54 ./Middlewares/Third_Party/FreeRTOS/Source/queue.o
                0x08005b50                vQueueUnregisterQueue
 .text.vQueueWaitForMessageRestricted
                0x08005ba4       0x68 ./Middlewares/Third_Party/FreeRTOS/Source/queue.o
                0x08005ba4                vQueueWaitForMessageRestricted
 .text.xTaskCreateStatic
                0x08005c0c       0xc0 ./Middlewares/Third_Party/FreeRTOS/Source/tasks.o
                0x08005c0c                xTaskCreateStatic
 .text.xTaskCreate
                0x08005ccc       0x8a ./Middlewares/Third_Party/FreeRTOS/Source/tasks.o
                0x08005ccc                xTaskCreate
 *fill*         0x08005d56        0x2 
 .text.prvInitialiseNewTask
                0x08005d58      0x150 ./Middlewares/Third_Party/FreeRTOS/Source/tasks.o
 .text.prvAddNewTaskToReadyList
                0x08005ea8       0xe0 ./Middlewares/Third_Party/FreeRTOS/Source/tasks.o
 .text.vTaskStartScheduler
                0x08005f88       0xe0 ./Middlewares/Third_Party/FreeRTOS/Source/tasks.o
                0x08005f88                vTaskStartScheduler
 .text.vTaskSuspendAll
                0x08006068       0x1c ./Middlewares/Third_Party/FreeRTOS/Source/tasks.o
                0x08006068                vTaskSuspendAll
 .text.xTaskResumeAll
                0x08006084      0x13c ./Middlewares/Third_Party/FreeRTOS/Source/tasks.o
                0x08006084                xTaskResumeAll
 .text.xTaskGetTickCount
                0x080061c0       0x1c ./Middlewares/Third_Party/FreeRTOS/Source/tasks.o
                0x080061c0                xTaskGetTickCount
 .text.xTaskIncrementTick
                0x080061dc      0x174 ./Middlewares/Third_Party/FreeRTOS/Source/tasks.o
                0x080061dc                xTaskIncrementTick
 .text.vTaskSwitchContext
                0x08006350       0xc8 ./Middlewares/Third_Party/FreeRTOS/Source/tasks.o
                0x08006350                vTaskSwitchContext
 .text.vTaskPlaceOnEventList
                0x08006418       0x4c ./Middlewares/Third_Party/FreeRTOS/Source/tasks.o
                0x08006418                vTaskPlaceOnEventList
 .text.vTaskPlaceOnEventListRestricted
                0x08006464       0x58 ./Middlewares/Third_Party/FreeRTOS/Source/tasks.o
                0x08006464                vTaskPlaceOnEventListRestricted
 .text.xTaskRemoveFromEventList
                0x080064bc       0xc8 ./Middlewares/Third_Party/FreeRTOS/Source/tasks.o
                0x080064bc                xTaskRemoveFromEventList
 .text.vTaskInternalSetTimeOutState
                0x08006584       0x2c ./Middlewares/Third_Party/FreeRTOS/Source/tasks.o
                0x08006584                vTaskInternalSetTimeOutState
 .text.xTaskCheckForTimeOut
                0x080065b0       0xc8 ./Middlewares/Third_Party/FreeRTOS/Source/tasks.o
                0x080065b0                xTaskCheckForTimeOut
 .text.vTaskMissedYield
                0x08006678       0x18 ./Middlewares/Third_Party/FreeRTOS/Source/tasks.o
                0x08006678                vTaskMissedYield
 .text.prvIdleTask
                0x08006690       0x30 ./Middlewares/Third_Party/FreeRTOS/Source/tasks.o
 .text.prvInitialiseTaskLists
                0x080066c0       0x80 ./Middlewares/Third_Party/FreeRTOS/Source/tasks.o
 .text.prvCheckTasksWaitingTermination
                0x08006740       0x5c ./Middlewares/Third_Party/FreeRTOS/Source/tasks.o
 .text.prvDeleteTCB
                0x0800679c       0x6a ./Middlewares/Third_Party/FreeRTOS/Source/tasks.o
 *fill*         0x08006806        0x2 
 .text.prvResetNextTaskUnblockTime
                0x08006808       0x40 ./Middlewares/Third_Party/FreeRTOS/Source/tasks.o
 .text.xTaskGetSchedulerState
                0x08006848       0x3c ./Middlewares/Third_Party/FreeRTOS/Source/tasks.o
                0x08006848                xTaskGetSchedulerState
 .text.xTaskPriorityInherit
                0x08006884       0xd0 ./Middlewares/Third_Party/FreeRTOS/Source/tasks.o
                0x08006884                xTaskPriorityInherit
 .text.xTaskPriorityDisinherit
                0x08006954       0xe0 ./Middlewares/Third_Party/FreeRTOS/Source/tasks.o
                0x08006954                xTaskPriorityDisinherit
 .text.vTaskPriorityDisinheritAfterTimeout
                0x08006a34      0x108 ./Middlewares/Third_Party/FreeRTOS/Source/tasks.o
                0x08006a34                vTaskPriorityDisinheritAfterTimeout
 .text.pvTaskIncrementMutexHeldCount
                0x08006b3c       0x28 ./Middlewares/Third_Party/FreeRTOS/Source/tasks.o
                0x08006b3c                pvTaskIncrementMutexHeldCount
 .text.prvAddCurrentTaskToDelayedList
                0x08006b64       0xa8 ./Middlewares/Third_Party/FreeRTOS/Source/tasks.o
 .text.xTimerCreateTimerTask
                0x08006c0c       0x94 ./Middlewares/Third_Party/FreeRTOS/Source/timers.o
                0x08006c0c                xTimerCreateTimerTask
 .text.xTimerGenericCommand
                0x08006ca0       0x9c ./Middlewares/Third_Party/FreeRTOS/Source/timers.o
                0x08006ca0                xTimerGenericCommand
 .text.prvProcessExpiredTimer
                0x08006d3c       0x9c ./Middlewares/Third_Party/FreeRTOS/Source/timers.o
 .text.prvTimerTask
                0x08006dd8       0x26 ./Middlewares/Third_Party/FreeRTOS/Source/timers.o
 *fill*         0x08006dfe        0x2 
 .text.prvProcessTimerOrBlockTask
                0x08006e00       0x9c ./Middlewares/Third_Party/FreeRTOS/Source/timers.o
 .text.prvGetNextExpireTime
                0x08006e9c       0x44 ./Middlewares/Third_Party/FreeRTOS/Source/timers.o
 .text.prvSampleTimeNow
                0x08006ee0       0x40 ./Middlewares/Third_Party/FreeRTOS/Source/timers.o
 .text.prvInsertTimerInActiveList
                0x08006f20       0x84 ./Middlewares/Third_Party/FreeRTOS/Source/timers.o
 .text.prvProcessReceivedCommands
                0x08006fa4      0x1cc ./Middlewares/Third_Party/FreeRTOS/Source/timers.o
 .text.prvSwitchTimerLists
                0x08007170       0xcc ./Middlewares/Third_Party/FreeRTOS/Source/timers.o
 .text.prvCheckForValidListAndQueue
                0x0800723c       0x80 ./Middlewares/Third_Party/FreeRTOS/Source/timers.o
 .text.pxPortInitialiseStack
                0x080072bc       0x58 ./Middlewares/Third_Party/FreeRTOS/Source/portable/GCC/ARM_CM3/port.o
                0x080072bc                pxPortInitialiseStack
 .text.prvTaskExitError
                0x08007314       0x58 ./Middlewares/Third_Party/FreeRTOS/Source/portable/GCC/ARM_CM3/port.o
 *fill*         0x0800736c        0x4 
 .text.SVC_Handler
                0x08007370       0x28 ./Middlewares/Third_Party/FreeRTOS/Source/portable/GCC/ARM_CM3/port.o
                0x08007370                SVC_Handler
 .text.prvPortStartFirstTask
                0x08007398       0x20 ./Middlewares/Third_Party/FreeRTOS/Source/portable/GCC/ARM_CM3/port.o
 .text.xPortStartScheduler
                0x080073b8       0xe4 ./Middlewares/Third_Party/FreeRTOS/Source/portable/GCC/ARM_CM3/port.o
                0x080073b8                xPortStartScheduler
 .text.vPortEnterCritical
                0x0800749c       0x60 ./Middlewares/Third_Party/FreeRTOS/Source/portable/GCC/ARM_CM3/port.o
                0x0800749c                vPortEnterCritical
 .text.vPortExitCritical
                0x080074fc       0x54 ./Middlewares/Third_Party/FreeRTOS/Source/portable/GCC/ARM_CM3/port.o
                0x080074fc                vPortExitCritical
 .text.PendSV_Handler
                0x08007550       0x48 ./Middlewares/Third_Party/FreeRTOS/Source/portable/GCC/ARM_CM3/port.o
                0x08007550                PendSV_Handler
 .text.xPortSysTickHandler
                0x08007598       0x44 ./Middlewares/Third_Party/FreeRTOS/Source/portable/GCC/ARM_CM3/port.o
                0x08007598                xPortSysTickHandler
 .text.vPortSetupTimerInterrupt
                0x080075dc       0x44 ./Middlewares/Third_Party/FreeRTOS/Source/portable/GCC/ARM_CM3/port.o
                0x080075dc                vPortSetupTimerInterrupt
 .text.vPortValidateInterruptPriority
                0x08007620       0x80 ./Middlewares/Third_Party/FreeRTOS/Source/portable/GCC/ARM_CM3/port.o
                0x08007620                vPortValidateInterruptPriority
 .text.pvPortMalloc
                0x080076a0      0x19c ./Middlewares/Third_Party/FreeRTOS/Source/portable/MemMang/heap_4.o
                0x080076a0                pvPortMalloc
 .text.vPortFree
                0x0800783c       0xc8 ./Middlewares/Third_Party/FreeRTOS/Source/portable/MemMang/heap_4.o
                0x0800783c                vPortFree
 .text.prvHeapInit
                0x08007904       0xc4 ./Middlewares/Third_Party/FreeRTOS/Source/portable/MemMang/heap_4.o
 .text.prvInsertBlockIntoFreeList
                0x080079c8       0xb0 ./Middlewares/Third_Party/FreeRTOS/Source/portable/MemMang/heap_4.o
 .text._strtoul_l.isra.0
                0x08007a78       0xdc C:/ST/STM32CubeIDE_1.18.0/STM32CubeIDE/plugins/com.st.stm32cube.ide.mcu.externaltools.gnu-tools-for-stm32.13.3.rel1.win32_1.0.0.202411081344/tools/bin/../lib/gcc/arm-none-eabi/13.3.1/../../../../arm-none-eabi/lib/thumb/v7-m/nofp\libc_nano.a(libc_a-strtoul.o)
 .text.strtoul  0x08007b54       0x14 C:/ST/STM32CubeIDE_1.18.0/STM32CubeIDE/plugins/com.st.stm32cube.ide.mcu.externaltools.gnu-tools-for-stm32.13.3.rel1.win32_1.0.0.202411081344/tools/bin/../lib/gcc/arm-none-eabi/13.3.1/../../../../arm-none-eabi/lib/thumb/v7-m/nofp\libc_nano.a(libc_a-strtoul.o)
                0x08007b54                strtoul
 .text.sprintf  0x08007b68       0x44 C:/ST/STM32CubeIDE_1.18.0/STM32CubeIDE/plugins/com.st.stm32cube.ide.mcu.externaltools.gnu-tools-for-stm32.13.3.rel1.win32_1.0.0.202411081344/tools/bin/../lib/gcc/arm-none-eabi/13.3.1/../../../../arm-none-eabi/lib/thumb/v7-m/nofp\libc_nano.a(libc_a-sprintf.o)
                0x08007b68                siprintf
                0x08007b68                sprintf
 .text.memcmp   0x08007bac       0x20 C:/ST/STM32CubeIDE_1.18.0/STM32CubeIDE/plugins/com.st.stm32cube.ide.mcu.externaltools.gnu-tools-for-stm32.13.3.rel1.win32_1.0.0.202411081344/tools/bin/../lib/gcc/arm-none-eabi/13.3.1/../../../../arm-none-eabi/lib/thumb/v7-m/nofp\libc_nano.a(libc_a-memcmp.o)
                0x08007bac                memcmp
 .text.memset   0x08007bcc       0x10 C:/ST/STM32CubeIDE_1.18.0/STM32CubeIDE/plugins/com.st.stm32cube.ide.mcu.externaltools.gnu-tools-for-stm32.13.3.rel1.win32_1.0.0.202411081344/tools/bin/../lib/gcc/arm-none-eabi/13.3.1/../../../../arm-none-eabi/lib/thumb/v7-m/nofp\libc_nano.a(libc_a-memset.o)
                0x08007bcc                memset
 .text.strncmp  0x08007bdc       0x24 C:/ST/STM32CubeIDE_1.18.0/STM32CubeIDE/plugins/com.st.stm32cube.ide.mcu.externaltools.gnu-tools-for-stm32.13.3.rel1.win32_1.0.0.202411081344/tools/bin/../lib/gcc/arm-none-eabi/13.3.1/../../../../arm-none-eabi/lib/thumb/v7-m/nofp\libc_nano.a(libc_a-strncmp.o)
                0x08007bdc                strncmp
 .text.strncpy  0x08007c00       0x26 C:/ST/STM32CubeIDE_1.18.0/STM32CubeIDE/plugins/com.st.stm32cube.ide.mcu.externaltools.gnu-tools-for-stm32.13.3.rel1.win32_1.0.0.202411081344/tools/bin/../lib/gcc/arm-none-eabi/13.3.1/../../../../arm-none-eabi/lib/thumb/v7-m/nofp\libc_nano.a(libc_a-strncpy.o)
                0x08007c00                strncpy
 *fill*         0x08007c26        0x2 
 .text._reclaim_reent
                0x08007c28       0xbc C:/ST/STM32CubeIDE_1.18.0/STM32CubeIDE/plugins/com.st.stm32cube.ide.mcu.externaltools.gnu-tools-for-stm32.13.3.rel1.win32_1.0.0.202411081344/tools/bin/../lib/gcc/arm-none-eabi/13.3.1/../../../../arm-none-eabi/lib/thumb/v7-m/nofp\libc_nano.a(libc_a-reent.o)
                0x08007c28                _reclaim_reent
 .text.__errno  0x08007ce4        0xc C:/ST/STM32CubeIDE_1.18.0/STM32CubeIDE/plugins/com.st.stm32cube.ide.mcu.externaltools.gnu-tools-for-stm32.13.3.rel1.win32_1.0.0.202411081344/tools/bin/../lib/gcc/arm-none-eabi/13.3.1/../../../../arm-none-eabi/lib/thumb/v7-m/nofp\libc_nano.a(libc_a-errno.o)
                0x08007ce4                __errno
 .text.__libc_init_array
                0x08007cf0       0x48 C:/ST/STM32CubeIDE_1.18.0/STM32CubeIDE/plugins/com.st.stm32cube.ide.mcu.externaltools.gnu-tools-for-stm32.13.3.rel1.win32_1.0.0.202411081344/tools/bin/../lib/gcc/arm-none-eabi/13.3.1/../../../../arm-none-eabi/lib/thumb/v7-m/nofp\libc_nano.a(libc_a-init.o)
                0x08007cf0                __libc_init_array
 .text.__retarget_lock_acquire_recursive
                0x08007d38        0x2 C:/ST/STM32CubeIDE_1.18.0/STM32CubeIDE/plugins/com.st.stm32cube.ide.mcu.externaltools.gnu-tools-for-stm32.13.3.rel1.win32_1.0.0.202411081344/tools/bin/../lib/gcc/arm-none-eabi/13.3.1/../../../../arm-none-eabi/lib/thumb/v7-m/nofp\libc_nano.a(libc_a-lock.o)
                0x08007d38                __retarget_lock_acquire_recursive
 .text.__retarget_lock_release_recursive
                0x08007d3a        0x2 C:/ST/STM32CubeIDE_1.18.0/STM32CubeIDE/plugins/com.st.stm32cube.ide.mcu.externaltools.gnu-tools-for-stm32.13.3.rel1.win32_1.0.0.202411081344/tools/bin/../lib/gcc/arm-none-eabi/13.3.1/../../../../arm-none-eabi/lib/thumb/v7-m/nofp\libc_nano.a(libc_a-lock.o)
                0x08007d3a                __retarget_lock_release_recursive
 .text.__aeabi_memcpy
                0x08007d3c        0x4 C:/ST/STM32CubeIDE_1.18.0/STM32CubeIDE/plugins/com.st.stm32cube.ide.mcu.externaltools.gnu-tools-for-stm32.13.3.rel1.win32_1.0.0.202411081344/tools/bin/../lib/gcc/arm-none-eabi/13.3.1/../../../../arm-none-eabi/lib/thumb/v7-m/nofp\libc_nano.a(libc_a-aeabi_memcpy.o)
                0x08007d3c                __aeabi_memcpy4
                0x08007d3c                __aeabi_memcpy8
                0x08007d3c                __aeabi_memcpy
 .text.__aeabi_memclr
                0x08007d40        0x6 C:/ST/STM32CubeIDE_1.18.0/STM32CubeIDE/plugins/com.st.stm32cube.ide.mcu.externaltools.gnu-tools-for-stm32.13.3.rel1.win32_1.0.0.202411081344/tools/bin/../lib/gcc/arm-none-eabi/13.3.1/../../../../arm-none-eabi/lib/thumb/v7-m/nofp\libc_nano.a(libc_a-aeabi_memclr.o)
                0x08007d40                __aeabi_memclr
                0x08007d40                __aeabi_memclr4
                0x08007d40                __aeabi_memclr8
 .text.memcpy   0x08007d46       0x1c C:/ST/STM32CubeIDE_1.18.0/STM32CubeIDE/plugins/com.st.stm32cube.ide.mcu.externaltools.gnu-tools-for-stm32.13.3.rel1.win32_1.0.0.202411081344/tools/bin/../lib/gcc/arm-none-eabi/13.3.1/../../../../arm-none-eabi/lib/thumb/v7-m/nofp\libc_nano.a(libc_a-memcpy-stub.o)
                0x08007d46                memcpy
 *fill*         0x08007d62        0x2 
 .text._free_r  0x08007d64       0x90 C:/ST/STM32CubeIDE_1.18.0/STM32CubeIDE/plugins/com.st.stm32cube.ide.mcu.externaltools.gnu-tools-for-stm32.13.3.rel1.win32_1.0.0.202411081344/tools/bin/../lib/gcc/arm-none-eabi/13.3.1/../../../../arm-none-eabi/lib/thumb/v7-m/nofp\libc_nano.a(libc_a-freer.o)
                0x08007d64                _free_r
 .text.sbrk_aligned
                0x08007df4       0x44 C:/ST/STM32CubeIDE_1.18.0/STM32CubeIDE/plugins/com.st.stm32cube.ide.mcu.externaltools.gnu-tools-for-stm32.13.3.rel1.win32_1.0.0.202411081344/tools/bin/../lib/gcc/arm-none-eabi/13.3.1/../../../../arm-none-eabi/lib/thumb/v7-m/nofp\libc_nano.a(libc_a-mallocr.o)
 .text._malloc_r
                0x08007e38      0x100 C:/ST/STM32CubeIDE_1.18.0/STM32CubeIDE/plugins/com.st.stm32cube.ide.mcu.externaltools.gnu-tools-for-stm32.13.3.rel1.win32_1.0.0.202411081344/tools/bin/../lib/gcc/arm-none-eabi/13.3.1/../../../../arm-none-eabi/lib/thumb/v7-m/nofp\libc_nano.a(libc_a-mallocr.o)
                0x08007e38                _malloc_r
 .text.__malloc_lock
                0x08007f38        0xc C:/ST/STM32CubeIDE_1.18.0/STM32CubeIDE/plugins/com.st.stm32cube.ide.mcu.externaltools.gnu-tools-for-stm32.13.3.rel1.win32_1.0.0.202411081344/tools/bin/../lib/gcc/arm-none-eabi/13.3.1/../../../../arm-none-eabi/lib/thumb/v7-m/nofp\libc_nano.a(libc_a-mlock.o)
                0x08007f38                __malloc_lock
 .text.__malloc_unlock
                0x08007f44        0xc C:/ST/STM32CubeIDE_1.18.0/STM32CubeIDE/plugins/com.st.stm32cube.ide.mcu.externaltools.gnu-tools-for-stm32.13.3.rel1.win32_1.0.0.202411081344/tools/bin/../lib/gcc/arm-none-eabi/13.3.1/../../../../arm-none-eabi/lib/thumb/v7-m/nofp\libc_nano.a(libc_a-mlock.o)
                0x08007f44                __malloc_unlock
 .text.__ssputs_r
                0x08007f50       0xb6 C:/ST/STM32CubeIDE_1.18.0/STM32CubeIDE/plugins/com.st.stm32cube.ide.mcu.externaltools.gnu-tools-for-stm32.13.3.rel1.win32_1.0.0.202411081344/tools/bin/../lib/gcc/arm-none-eabi/13.3.1/../../../../arm-none-eabi/lib/thumb/v7-m/nofp\libc_nano.a(libc_a-nano-svfprintf.o)
                0x08007f50                __ssputs_r
 *fill*         0x08008006        0x2 
 .text._svfprintf_r
                0x08008008      0x1f8 C:/ST/STM32CubeIDE_1.18.0/STM32CubeIDE/plugins/com.st.stm32cube.ide.mcu.externaltools.gnu-tools-for-stm32.13.3.rel1.win32_1.0.0.202411081344/tools/bin/../lib/gcc/arm-none-eabi/13.3.1/../../../../arm-none-eabi/lib/thumb/v7-m/nofp\libc_nano.a(libc_a-nano-svfprintf.o)
                0x08008008                _svfiprintf_r
                0x08008008                _svfprintf_r
 .text._printf_common
                0x08008200       0xe4 C:/ST/STM32CubeIDE_1.18.0/STM32CubeIDE/plugins/com.st.stm32cube.ide.mcu.externaltools.gnu-tools-for-stm32.13.3.rel1.win32_1.0.0.202411081344/tools/bin/../lib/gcc/arm-none-eabi/13.3.1/../../../../arm-none-eabi/lib/thumb/v7-m/nofp\libc_nano.a(libc_a-nano-vfprintf_i.o)
                0x08008200                _printf_common
 .text._printf_i
                0x080082e4      0x23c C:/ST/STM32CubeIDE_1.18.0/STM32CubeIDE/plugins/com.st.stm32cube.ide.mcu.externaltools.gnu-tools-for-stm32.13.3.rel1.win32_1.0.0.202411081344/tools/bin/../lib/gcc/arm-none-eabi/13.3.1/../../../../arm-none-eabi/lib/thumb/v7-m/nofp\libc_nano.a(libc_a-nano-vfprintf_i.o)
                0x080082e4                _printf_i
 .text.memmove  0x08008520       0x34 C:/ST/STM32CubeIDE_1.18.0/STM32CubeIDE/plugins/com.st.stm32cube.ide.mcu.externaltools.gnu-tools-for-stm32.13.3.rel1.win32_1.0.0.202411081344/tools/bin/../lib/gcc/arm-none-eabi/13.3.1/../../../../arm-none-eabi/lib/thumb/v7-m/nofp\libc_nano.a(libc_a-memmove.o)
                0x08008520                memmove
 .text._sbrk_r  0x08008554       0x20 C:/ST/STM32CubeIDE_1.18.0/STM32CubeIDE/plugins/com.st.stm32cube.ide.mcu.externaltools.gnu-tools-for-stm32.13.3.rel1.win32_1.0.0.202411081344/tools/bin/../lib/gcc/arm-none-eabi/13.3.1/../../../../arm-none-eabi/lib/thumb/v7-m/nofp\libc_nano.a(libc_a-sbrkr.o)
                0x08008554                _sbrk_r
 .text.__aeabi_memset
                0x08008574        0xa C:/ST/STM32CubeIDE_1.18.0/STM32CubeIDE/plugins/com.st.stm32cube.ide.mcu.externaltools.gnu-tools-for-stm32.13.3.rel1.win32_1.0.0.202411081344/tools/bin/../lib/gcc/arm-none-eabi/13.3.1/../../../../arm-none-eabi/lib/thumb/v7-m/nofp\libc_nano.a(libc_a-aeabi_memset.o)
                0x08008574                __aeabi_memset8
                0x08008574                __aeabi_memset4
                0x08008574                __aeabi_memset
 .text.memchr   0x0800857e       0x1c C:/ST/STM32CubeIDE_1.18.0/STM32CubeIDE/plugins/com.st.stm32cube.ide.mcu.externaltools.gnu-tools-for-stm32.13.3.rel1.win32_1.0.0.202411081344/tools/bin/../lib/gcc/arm-none-eabi/13.3.1/../../../../arm-none-eabi/lib/thumb/v7-m/nofp\libc_nano.a(libc_a-memchr-stub.o)
                0x0800857e                memchr
 .text._realloc_r
                0x0800859a       0x5c C:/ST/STM32CubeIDE_1.18.0/STM32CubeIDE/plugins/com.st.stm32cube.ide.mcu.externaltools.gnu-tools-for-stm32.13.3.rel1.win32_1.0.0.202411081344/tools/bin/../lib/gcc/arm-none-eabi/13.3.1/../../../../arm-none-eabi/lib/thumb/v7-m/nofp\libc_nano.a(libc_a-reallocr.o)
                0x0800859a                _realloc_r
 .text._malloc_usable_size_r
                0x080085f6       0x10 C:/ST/STM32CubeIDE_1.18.0/STM32CubeIDE/plugins/com.st.stm32cube.ide.mcu.externaltools.gnu-tools-for-stm32.13.3.rel1.win32_1.0.0.202411081344/tools/bin/../lib/gcc/arm-none-eabi/13.3.1/../../../../arm-none-eabi/lib/thumb/v7-m/nofp\libc_nano.a(libc_a-msizer.o)
                0x080085f6                _malloc_usable_size_r
 *(.glue_7)
 .glue_7        0x08008606        0x0 linker stubs
 *(.glue_7t)
 .glue_7t       0x08008606        0x0 linker stubs
 *(.eh_frame)
 *fill*         0x08008606        0x2 
 .eh_frame      0x08008608        0x0 C:/ST/STM32CubeIDE_1.18.0/STM32CubeIDE/plugins/com.st.stm32cube.ide.mcu.externaltools.gnu-tools-for-stm32.13.3.rel1.win32_1.0.0.202411081344/tools/bin/../lib/gcc/arm-none-eabi/13.3.1/thumb/v7-m/nofp/crtbegin.o
 *(.init)
 .init          0x08008608        0x4 C:/ST/STM32CubeIDE_1.18.0/STM32CubeIDE/plugins/com.st.stm32cube.ide.mcu.externaltools.gnu-tools-for-stm32.13.3.rel1.win32_1.0.0.202411081344/tools/bin/../lib/gcc/arm-none-eabi/13.3.1/thumb/v7-m/nofp/crti.o
                0x08008608                _init
 .init          0x0800860c        0x8 C:/ST/STM32CubeIDE_1.18.0/STM32CubeIDE/plugins/com.st.stm32cube.ide.mcu.externaltools.gnu-tools-for-stm32.13.3.rel1.win32_1.0.0.202411081344/tools/bin/../lib/gcc/arm-none-eabi/13.3.1/thumb/v7-m/nofp/crtn.o
 *(.fini)
 .fini          0x08008614        0x4 C:/ST/STM32CubeIDE_1.18.0/STM32CubeIDE/plugins/com.st.stm32cube.ide.mcu.externaltools.gnu-tools-for-stm32.13.3.rel1.win32_1.0.0.202411081344/tools/bin/../lib/gcc/arm-none-eabi/13.3.1/thumb/v7-m/nofp/crti.o
                0x08008614                _fini
 .fini          0x08008618        0x8 C:/ST/STM32CubeIDE_1.18.0/STM32CubeIDE/plugins/com.st.stm32cube.ide.mcu.externaltools.gnu-tools-for-stm32.13.3.rel1.win32_1.0.0.202411081344/tools/bin/../lib/gcc/arm-none-eabi/13.3.1/thumb/v7-m/nofp/crtn.o
                0x08008620                        . = ALIGN (0x4)
                0x08008620                        _etext = .

.vfp11_veneer   0x08008620        0x0
 .vfp11_veneer  0x08008620        0x0 linker stubs

.v4_bx          0x08008620        0x0
 .v4_bx         0x08008620        0x0 linker stubs

.iplt           0x08008620        0x0
 .iplt          0x08008620        0x0 C:/ST/STM32CubeIDE_1.18.0/STM32CubeIDE/plugins/com.st.stm32cube.ide.mcu.externaltools.gnu-tools-for-stm32.13.3.rel1.win32_1.0.0.202411081344/tools/bin/../lib/gcc/arm-none-eabi/13.3.1/thumb/v7-m/nofp/crtbegin.o

.rodata         0x08008620      0x598
                0x08008620                        . = ALIGN (0x4)
 *(.rodata)
 .rodata        0x08008620       0xb2 ./Core/Src/main.o
 *fill*         0x080086d2        0x2 
 .rodata        0x080086d4        0x5 ./Middlewares/Third_Party/FreeRTOS/Source/tasks.o
 *fill*         0x080086d9        0x3 
 .rodata        0x080086dc        0xd ./Middlewares/Third_Party/FreeRTOS/Source/timers.o
 *fill*         0x080086e9        0x3 
 .rodata        0x080086ec        0x8 D:\STM32\STM_Firmware_Lib\STM32CubeExpansion_Crypto_V4.4.0\Middlewares\ST\STM32_Cryptographic\lib\libSTM32Cryptographic_CM0_CM0PLUS.a(cmox_cbc_aesfast_encrypt.c.o)
 .rodata        0x080086f4        0x4 D:\STM32\STM_Firmware_Lib\STM32CubeExpansion_Crypto_V4.4.0\Middlewares\ST\STM32_Cryptographic\lib\libSTM32Cryptographic_CM0_CM0PLUS.a(cmox_cbc_aesfast_encrypt.c.o)
                0x080086f4                CMOX_AESFAST_CBC_ENC_ALGO
 .rodata        0x080086f8       0x2c D:\STM32\STM_Firmware_Lib\STM32CubeExpansion_Crypto_V4.4.0\Middlewares\ST\STM32_Cryptographic\lib\libSTM32Cryptographic_CM0_CM0PLUS.a(cmox_cbc_encrypt.c.o)
 .rodata        0x08008724       0x20 D:\STM32\STM_Firmware_Lib\STM32CubeExpansion_Crypto_V4.4.0\Middlewares\ST\STM32_Cryptographic\lib\libSTM32Cryptographic_CM0_CM0PLUS.a(cmox_ctr_drbg_aes256_fast.c.o)
 .rodata        0x08008744        0x4 D:\STM32\STM_Firmware_Lib\STM32CubeExpansion_Crypto_V4.4.0\Middlewares\ST\STM32_Cryptographic\lib\libSTM32Cryptographic_CM0_CM0PLUS.a(cmox_ctr_drbg_aes256_fast.c.o)
                0x08008744                CMOX_CTR_DRBG_AES256_FAST
 .rodata        0x08008748       0xf0 D:\STM32\STM_Firmware_Lib\STM32CubeExpansion_Crypto_V4.4.0\Middlewares\ST\STM32_Cryptographic\lib\libSTM32Cryptographic_CM0_CM0PLUS.a(cmox_ctr_drbg_aes256_keys.c.o)
                0x08008748                CMOX_EXP_AES256_0_KEY
 .rodata        0x08008838       0xf0 D:\STM32\STM_Firmware_Lib\STM32CubeExpansion_Crypto_V4.4.0\Middlewares\ST\STM32_Cryptographic\lib\libSTM32Cryptographic_CM0_CM0PLUS.a(cmox_ctr_drbg_aes256_keys.c.o)
                0x08008838                CMOX_EXP_DF_AES256_KEY
 .rodata        0x08008928        0x8 D:\STM32\STM_Firmware_Lib\STM32CubeExpansion_Crypto_V4.4.0\Middlewares\ST\STM32_Cryptographic\lib\libSTM32Cryptographic_CM0_CM0PLUS.a(cmox_init.c.o)
                0x08008928                cmox_table
 .rodata        0x08008930        0x8 D:\STM32\STM_Firmware_Lib\STM32CubeExpansion_Crypto_V4.4.0\Middlewares\ST\STM32_Cryptographic\lib\libSTM32Cryptographic_CM0_CM0PLUS.a(cmox_aesfast_encrypt.c.o)
 .rodata        0x08008938        0x4 D:\STM32\STM_Firmware_Lib\STM32CubeExpansion_Crypto_V4.4.0\Middlewares\ST\STM32_Cryptographic\lib\libSTM32Cryptographic_CM0_CM0PLUS.a(cmox_aesfast_encrypt.c.o)
                0x08008938                CMOX_AESFAST_ENCRYPT_VTABLE
 .rodata        0x0800893c       0x28 D:\STM32\STM_Firmware_Lib\STM32CubeExpansion_Crypto_V4.4.0\Middlewares\ST\STM32_Cryptographic\lib\libSTM32Cryptographic_CM0_CM0PLUS.a(cmox_aes_common.c.o)
 *(.rodata*)
 .rodata.serialTask_attributes
                0x08008964       0x24 ./Core/Src/main.o
                0x08008964                serialTask_attributes
 .rodata.requestSeedTask_attributes
                0x08008988       0x24 ./Core/Src/main.o
                0x08008988                requestSeedTask_attributes
 .rodata.compareKeyTask_attributes
                0x080089ac       0x24 ./Core/Src/main.o
                0x080089ac                compareKeyTask_attributes
 .rodata.outputQueue_attributes
                0x080089d0       0x18 ./Core/Src/main.o
                0x080089d0                outputQueue_attributes
 .rodata.requestSeedBinarySem_attributes
                0x080089e8       0x10 ./Core/Src/main.o
                0x080089e8                requestSeedBinarySem_attributes
 .rodata.sendKeyBinarySem_attributes
                0x080089f8       0x10 ./Core/Src/main.o
                0x080089f8                sendKeyBinarySem_attributes
 .rodata.SecretKey
                0x08008a08       0x10 ./Core/Src/main.o
                0x08008a08                SecretKey
 .rodata.IV     0x08008a18       0x10 ./Core/Src/main.o
                0x08008a18                IV
 .rodata.Nonce  0x08008a28       0x10 ./Core/Src/main.o
                0x08008a28                Nonce
 .rodata.Personalization
                0x08008a38       0x20 ./Core/Src/main.o
                0x08008a38                Personalization
 .rodata.AHBPrescTable
                0x08008a58       0x10 ./Core/Src/system_stm32f1xx.o
                0x08008a58                AHBPrescTable
 .rodata.APBPrescTable
                0x08008a68        0x8 ./Core/Src/system_stm32f1xx.o
                0x08008a68                APBPrescTable
 .rodata.aPLLMULFactorTable.1
                0x08008a70       0x10 ./Drivers/STM32F1xx_HAL_Driver/Src/stm32f1xx_hal_rcc.o
 .rodata.aPredivFactorTable.0
                0x08008a80        0x2 ./Drivers/STM32F1xx_HAL_Driver/Src/stm32f1xx_hal_rcc.o
 .rodata._ctype_
                0x08008a82      0x101 C:/ST/STM32CubeIDE_1.18.0/STM32CubeIDE/plugins/com.st.stm32cube.ide.mcu.externaltools.gnu-tools-for-stm32.13.3.rel1.win32_1.0.0.202411081344/tools/bin/../lib/gcc/arm-none-eabi/13.3.1/../../../../arm-none-eabi/lib/thumb/v7-m/nofp\libc_nano.a(libc_a-ctype_.o)
                0x08008a82                _ctype_
 .rodata._svfprintf_r.str1.1
                0x08008b83       0x33 C:/ST/STM32CubeIDE_1.18.0/STM32CubeIDE/plugins/com.st.stm32cube.ide.mcu.externaltools.gnu-tools-for-stm32.13.3.rel1.win32_1.0.0.202411081344/tools/bin/../lib/gcc/arm-none-eabi/13.3.1/../../../../arm-none-eabi/lib/thumb/v7-m/nofp\libc_nano.a(libc_a-nano-svfprintf.o)
                                 0x11 (size before relaxing)
 .rodata._printf_i.str1.1
                0x08008bb6       0x22 C:/ST/STM32CubeIDE_1.18.0/STM32CubeIDE/plugins/com.st.stm32cube.ide.mcu.externaltools.gnu-tools-for-stm32.13.3.rel1.win32_1.0.0.202411081344/tools/bin/../lib/gcc/arm-none-eabi/13.3.1/../../../../arm-none-eabi/lib/thumb/v7-m/nofp\libc_nano.a(libc_a-nano-vfprintf_i.o)
                0x08008bd8                        . = ALIGN (0x4)
 *fill*         0x08008bb6        0x2 

CMOX_CTA_PROTECTED_DATA
                0x08008bb8      0x500
 CMOX_CTA_PROTECTED_DATA
                0x08008bb8      0x400 D:\STM32\STM_Firmware_Lib\STM32CubeExpansion_Crypto_V4.4.0\Middlewares\ST\STM32_Cryptographic\lib\libSTM32Cryptographic_CM0_CM0PLUS.a(cmox_aesfast_encrypt.c.o)
                0x08008bb8                CMOX_AES_ENC_TABLE
 CMOX_CTA_PROTECTED_DATA
                0x08008fb8      0x100 D:\STM32\STM_Firmware_Lib\STM32CubeExpansion_Crypto_V4.4.0\Middlewares\ST\STM32_Cryptographic\lib\libSTM32Cryptographic_CM0_CM0PLUS.a(cmox_aes_common.c.o)
                0x08008fb8                CMOX_AES_SBOX

.ARM.extab      0x080090b8        0x0
                0x080090b8                        . = ALIGN (0x4)
 *(.ARM.extab* .gnu.linkonce.armextab.*)
                0x080090b8                        . = ALIGN (0x4)

.ARM            0x080090b8        0x8
                0x080090b8                        . = ALIGN (0x4)
                0x080090b8                        __exidx_start = .
 *(.ARM.exidx*)
 .ARM.exidx     0x080090b8        0x8 C:/ST/STM32CubeIDE_1.18.0/STM32CubeIDE/plugins/com.st.stm32cube.ide.mcu.externaltools.gnu-tools-for-stm32.13.3.rel1.win32_1.0.0.202411081344/tools/bin/../lib/gcc/arm-none-eabi/13.3.1/../../../../arm-none-eabi/lib/thumb/v7-m/nofp\libc_nano.a(libc_a-strcmp.o)
 .ARM.exidx     0x080090c0        0x0 C:/ST/STM32CubeIDE_1.18.0/STM32CubeIDE/plugins/com.st.stm32cube.ide.mcu.externaltools.gnu-tools-for-stm32.13.3.rel1.win32_1.0.0.202411081344/tools/bin/../lib/gcc/arm-none-eabi/13.3.1/../../../../arm-none-eabi/lib/thumb/v7-m/nofp\libc_nano.a(libc_a-strlen.o)
                                  0x8 (size before relaxing)
                0x080090c0                        __exidx_end = .
                0x080090c0                        . = ALIGN (0x4)

.preinit_array  0x080090c0        0x0
                0x080090c0                        . = ALIGN (0x4)
                0x080090c0                        PROVIDE (__preinit_array_start = .)
 *(.preinit_array*)
                0x080090c0                        PROVIDE (__preinit_array_end = .)
                0x080090c0                        . = ALIGN (0x4)

.init_array     0x080090c0        0x4
                0x080090c0                        . = ALIGN (0x4)
                0x080090c0                        PROVIDE (__init_array_start = .)
 *(SORT_BY_NAME(.init_array.*))
 *(.init_array*)
 .init_array    0x080090c0        0x4 C:/ST/STM32CubeIDE_1.18.0/STM32CubeIDE/plugins/com.st.stm32cube.ide.mcu.externaltools.gnu-tools-for-stm32.13.3.rel1.win32_1.0.0.202411081344/tools/bin/../lib/gcc/arm-none-eabi/13.3.1/thumb/v7-m/nofp/crtbegin.o
                0x080090c4                        PROVIDE (__init_array_end = .)
                0x080090c4                        . = ALIGN (0x4)

.fini_array     0x080090c4        0x4
                0x080090c4                        . = ALIGN (0x4)
                [!provide]                        PROVIDE (__fini_array_start = .)
 *(SORT_BY_NAME(.fini_array.*))
 *(.fini_array*)
 .fini_array    0x080090c4        0x4 C:/ST/STM32CubeIDE_1.18.0/STM32CubeIDE/plugins/com.st.stm32cube.ide.mcu.externaltools.gnu-tools-for-stm32.13.3.rel1.win32_1.0.0.202411081344/tools/bin/../lib/gcc/arm-none-eabi/13.3.1/thumb/v7-m/nofp/crtbegin.o
                [!provide]                        PROVIDE (__fini_array_end = .)
                0x080090c8                        . = ALIGN (0x4)
                0x080090c8                        _sidata = LOADADDR (.data)

.rel.dyn        0x080090c8        0x0
 .rel.iplt      0x080090c8        0x0 C:/ST/STM32CubeIDE_1.18.0/STM32CubeIDE/plugins/com.st.stm32cube.ide.mcu.externaltools.gnu-tools-for-stm32.13.3.rel1.win32_1.0.0.202411081344/tools/bin/../lib/gcc/arm-none-eabi/13.3.1/thumb/v7-m/nofp/crtbegin.o

.data           0x20000000       0xbc load address 0x080090c8
                0x20000000                        . = ALIGN (0x4)
                0x20000000                        _sdata = .
 *(.data)
 *(.data*)
 .data.requestSeed
                0x20000000        0x5 ./Core/Src/main.o
                0x20000000                requestSeed
 *fill*         0x20000005        0x3 
 .data.sendKey  0x20000008        0x4 ./Core/Src/main.o
                0x20000008                sendKey
 .data.InputCiphertext
                0x2000000c       0x10 ./Core/Src/main.o
                0x2000000c                InputCiphertext
 .data.Entropy  0x2000001c       0x20 ./Core/Src/main.o
                0x2000001c                Entropy
 .data.EntropyInputReseed
                0x2000003c       0x20 ./Core/Src/main.o
                0x2000003c                EntropyInputReseed
 .data.SystemCoreClock
                0x2000005c        0x4 ./Core/Src/system_stm32f1xx.o
                0x2000005c                SystemCoreClock
 .data.uwTickPrio
                0x20000060        0x4 ./Drivers/STM32F1xx_HAL_Driver/Src/stm32f1xx_hal.o
                0x20000060                uwTickPrio
 .data.uwTickFreq
                0x20000064        0x1 ./Drivers/STM32F1xx_HAL_Driver/Src/stm32f1xx_hal.o
                0x20000064                uwTickFreq
 *fill*         0x20000065        0x3 
 .data.uxCriticalNesting
                0x20000068        0x4 ./Middlewares/Third_Party/FreeRTOS/Source/portable/GCC/ARM_CM3/port.o
 .data._impure_ptr
                0x2000006c        0x4 C:/ST/STM32CubeIDE_1.18.0/STM32CubeIDE/plugins/com.st.stm32cube.ide.mcu.externaltools.gnu-tools-for-stm32.13.3.rel1.win32_1.0.0.202411081344/tools/bin/../lib/gcc/arm-none-eabi/13.3.1/../../../../arm-none-eabi/lib/thumb/v7-m/nofp\libc_nano.a(libc_a-impure.o)
                0x2000006c                _impure_ptr
 .data._impure_data
                0x20000070       0x4c C:/ST/STM32CubeIDE_1.18.0/STM32CubeIDE/plugins/com.st.stm32cube.ide.mcu.externaltools.gnu-tools-for-stm32.13.3.rel1.win32_1.0.0.202411081344/tools/bin/../lib/gcc/arm-none-eabi/13.3.1/../../../../arm-none-eabi/lib/thumb/v7-m/nofp\libc_nano.a(libc_a-impure.o)
                0x20000070                _impure_data
 *(.RamFunc)
 *(.RamFunc*)
                0x200000bc                        . = ALIGN (0x4)
                0x200000bc                        _edata = .

.igot.plt       0x200000bc        0x0 load address 0x08009184
 .igot.plt      0x200000bc        0x0 C:/ST/STM32CubeIDE_1.18.0/STM32CubeIDE/plugins/com.st.stm32cube.ide.mcu.externaltools.gnu-tools-for-stm32.13.3.rel1.win32_1.0.0.202411081344/tools/bin/../lib/gcc/arm-none-eabi/13.3.1/thumb/v7-m/nofp/crtbegin.o
                0x200000bc                        . = ALIGN (0x4)

.bss            0x200000c0     0x32a0 load address 0x08009184
                0x200000c0                        _sbss = .
                0x200000c0                        __bss_start__ = _sbss
 *(.bss)
 .bss           0x200000c0       0x1c C:/ST/STM32CubeIDE_1.18.0/STM32CubeIDE/plugins/com.st.stm32cube.ide.mcu.externaltools.gnu-tools-for-stm32.13.3.rel1.win32_1.0.0.202411081344/tools/bin/../lib/gcc/arm-none-eabi/13.3.1/thumb/v7-m/nofp/crtbegin.o
 .bss           0x200000dc        0x1 D:\STM32\STM_Firmware_Lib\STM32CubeExpansion_Crypto_V4.4.0\Middlewares\ST\STM32_Cryptographic\lib\libSTM32Cryptographic_CM0_CM0PLUS.a(cmox_init.c.o)
                0x200000dc                cmox_init_ctxi
 *(.bss*)
 *fill*         0x200000dd        0x3 
 .bss.huart2    0x200000e0       0x48 ./Core/Src/main.o
                0x200000e0                huart2
 .bss.serialTaskHandle
                0x20000128        0x4 ./Core/Src/main.o
                0x20000128                serialTaskHandle
 .bss.requestSeedTaskHandle
                0x2000012c        0x4 ./Core/Src/main.o
                0x2000012c                requestSeedTaskHandle
 .bss.compareKeyTaskHandle
                0x20000130        0x4 ./Core/Src/main.o
                0x20000130                compareKeyTaskHandle
 .bss.outputQueueHandle
                0x20000134        0x4 ./Core/Src/main.o
                0x20000134                outputQueueHandle
 .bss.requestSeedBinarySemHandle
                0x20000138        0x4 ./Core/Src/main.o
                0x20000138                requestSeedBinarySemHandle
 .bss.sendKeyBinarySemHandle
                0x2000013c        0x4 ./Core/Src/main.o
                0x2000013c                sendKeyBinarySemHandle
 .bss.inputMsg  0x20000140       0x28 ./Core/Src/main.o
                0x20000140                inputMsg
 .bss.ComputedCiphertext
                0x20000168       0x10 ./Core/Src/main.o
                0x20000168                ComputedCiphertext
 .bss.Drbg_Ctx  0x20000178      0x258 ./Core/Src/main.o
                0x20000178                Drbg_Ctx
 .bss.ComputedRandom
                0x200003d0       0x10 ./Core/Src/main.o
                0x200003d0                ComputedRandom
 .bss.htim1     0x200003e0       0x48 ./Core/Src/stm32f1xx_hal_timebase_tim.o
                0x200003e0                htim1
 .bss.__sbrk_heap_end
                0x20000428        0x4 ./Core/Src/sysmem.o
 .bss.uwTick    0x2000042c        0x4 ./Drivers/STM32F1xx_HAL_Driver/Src/stm32f1xx_hal.o
                0x2000042c                uwTick
 .bss.KernelState
                0x20000430        0x4 ./Middlewares/Third_Party/FreeRTOS/Source/CMSIS_RTOS_V2/cmsis_os2.o
 .bss.Idle_TCB.3
                0x20000434       0xa8 ./Middlewares/Third_Party/FreeRTOS/Source/CMSIS_RTOS_V2/cmsis_os2.o
 .bss.Idle_Stack.2
                0x200004dc      0x200 ./Middlewares/Third_Party/FreeRTOS/Source/CMSIS_RTOS_V2/cmsis_os2.o
 .bss.Timer_TCB.1
                0x200006dc       0xa8 ./Middlewares/Third_Party/FreeRTOS/Source/CMSIS_RTOS_V2/cmsis_os2.o
 .bss.Timer_Stack.0
                0x20000784      0x400 ./Middlewares/Third_Party/FreeRTOS/Source/CMSIS_RTOS_V2/cmsis_os2.o
 .bss.xQueueRegistry
                0x20000b84       0x40 ./Middlewares/Third_Party/FreeRTOS/Source/queue.o
                0x20000b84                xQueueRegistry
 .bss.pxCurrentTCB
                0x20000bc4        0x4 ./Middlewares/Third_Party/FreeRTOS/Source/tasks.o
                0x20000bc4                pxCurrentTCB
 .bss.pxReadyTasksLists
                0x20000bc8      0x460 ./Middlewares/Third_Party/FreeRTOS/Source/tasks.o
 .bss.xDelayedTaskList1
                0x20001028       0x14 ./Middlewares/Third_Party/FreeRTOS/Source/tasks.o
 .bss.xDelayedTaskList2
                0x2000103c       0x14 ./Middlewares/Third_Party/FreeRTOS/Source/tasks.o
 .bss.pxDelayedTaskList
                0x20001050        0x4 ./Middlewares/Third_Party/FreeRTOS/Source/tasks.o
 .bss.pxOverflowDelayedTaskList
                0x20001054        0x4 ./Middlewares/Third_Party/FreeRTOS/Source/tasks.o
 .bss.xPendingReadyList
                0x20001058       0x14 ./Middlewares/Third_Party/FreeRTOS/Source/tasks.o
 .bss.xTasksWaitingTermination
                0x2000106c       0x14 ./Middlewares/Third_Party/FreeRTOS/Source/tasks.o
 .bss.uxDeletedTasksWaitingCleanUp
                0x20001080        0x4 ./Middlewares/Third_Party/FreeRTOS/Source/tasks.o
 .bss.xSuspendedTaskList
                0x20001084       0x14 ./Middlewares/Third_Party/FreeRTOS/Source/tasks.o
 .bss.uxCurrentNumberOfTasks
                0x20001098        0x4 ./Middlewares/Third_Party/FreeRTOS/Source/tasks.o
 .bss.xTickCount
                0x2000109c        0x4 ./Middlewares/Third_Party/FreeRTOS/Source/tasks.o
 .bss.uxTopReadyPriority
                0x200010a0        0x4 ./Middlewares/Third_Party/FreeRTOS/Source/tasks.o
 .bss.xSchedulerRunning
                0x200010a4        0x4 ./Middlewares/Third_Party/FreeRTOS/Source/tasks.o
 .bss.xPendedTicks
                0x200010a8        0x4 ./Middlewares/Third_Party/FreeRTOS/Source/tasks.o
 .bss.xYieldPending
                0x200010ac        0x4 ./Middlewares/Third_Party/FreeRTOS/Source/tasks.o
 .bss.xNumOfOverflows
                0x200010b0        0x4 ./Middlewares/Third_Party/FreeRTOS/Source/tasks.o
 .bss.uxTaskNumber
                0x200010b4        0x4 ./Middlewares/Third_Party/FreeRTOS/Source/tasks.o
 .bss.xNextTaskUnblockTime
                0x200010b8        0x4 ./Middlewares/Third_Party/FreeRTOS/Source/tasks.o
 .bss.xIdleTaskHandle
                0x200010bc        0x4 ./Middlewares/Third_Party/FreeRTOS/Source/tasks.o
 .bss.uxSchedulerSuspended
                0x200010c0        0x4 ./Middlewares/Third_Party/FreeRTOS/Source/tasks.o
 .bss.xActiveTimerList1
                0x200010c4       0x14 ./Middlewares/Third_Party/FreeRTOS/Source/timers.o
 .bss.xActiveTimerList2
                0x200010d8       0x14 ./Middlewares/Third_Party/FreeRTOS/Source/timers.o
 .bss.pxCurrentTimerList
                0x200010ec        0x4 ./Middlewares/Third_Party/FreeRTOS/Source/timers.o
 .bss.pxOverflowTimerList
                0x200010f0        0x4 ./Middlewares/Third_Party/FreeRTOS/Source/timers.o
 .bss.xTimerQueue
                0x200010f4        0x4 ./Middlewares/Third_Party/FreeRTOS/Source/timers.o
 .bss.xTimerTaskHandle
                0x200010f8        0x4 ./Middlewares/Third_Party/FreeRTOS/Source/timers.o
 .bss.xLastTime.2
                0x200010fc        0x4 ./Middlewares/Third_Party/FreeRTOS/Source/timers.o
 .bss.ucStaticTimerQueueStorage.1
                0x20001100       0xa0 ./Middlewares/Third_Party/FreeRTOS/Source/timers.o
 .bss.xStaticTimerQueue.0
                0x200011a0       0x50 ./Middlewares/Third_Party/FreeRTOS/Source/timers.o
 .bss.ucMaxSysCallPriority
                0x200011f0        0x1 ./Middlewares/Third_Party/FreeRTOS/Source/portable/GCC/ARM_CM3/port.o
 *fill*         0x200011f1        0x3 
 .bss.ulMaxPRIGROUPValue
                0x200011f4        0x4 ./Middlewares/Third_Party/FreeRTOS/Source/portable/GCC/ARM_CM3/port.o
 .bss.ucHeap    0x200011f8     0x2000 ./Middlewares/Third_Party/FreeRTOS/Source/portable/MemMang/heap_4.o
 .bss.xStart    0x200031f8        0x8 ./Middlewares/Third_Party/FreeRTOS/Source/portable/MemMang/heap_4.o
 .bss.pxEnd     0x20003200        0x4 ./Middlewares/Third_Party/FreeRTOS/Source/portable/MemMang/heap_4.o
 .bss.xFreeBytesRemaining
                0x20003204        0x4 ./Middlewares/Third_Party/FreeRTOS/Source/portable/MemMang/heap_4.o
 .bss.xMinimumEverFreeBytesRemaining
                0x20003208        0x4 ./Middlewares/Third_Party/FreeRTOS/Source/portable/MemMang/heap_4.o
 .bss.xNumberOfSuccessfulAllocations
                0x2000320c        0x4 ./Middlewares/Third_Party/FreeRTOS/Source/portable/MemMang/heap_4.o
 .bss.xNumberOfSuccessfulFrees
                0x20003210        0x4 ./Middlewares/Third_Party/FreeRTOS/Source/portable/MemMang/heap_4.o
 .bss.xBlockAllocatedBit
                0x20003214        0x4 ./Middlewares/Third_Party/FreeRTOS/Source/portable/MemMang/heap_4.o
 .bss.__sf      0x20003218      0x138 C:/ST/STM32CubeIDE_1.18.0/STM32CubeIDE/plugins/com.st.stm32cube.ide.mcu.externaltools.gnu-tools-for-stm32.13.3.rel1.win32_1.0.0.202411081344/tools/bin/../lib/gcc/arm-none-eabi/13.3.1/../../../../arm-none-eabi/lib/thumb/v7-m/nofp\libc_nano.a(libc_a-findfp.o)
                0x20003218                __sf
 .bss.errno     0x20003350        0x4 C:/ST/STM32CubeIDE_1.18.0/STM32CubeIDE/plugins/com.st.stm32cube.ide.mcu.externaltools.gnu-tools-for-stm32.13.3.rel1.win32_1.0.0.202411081344/tools/bin/../lib/gcc/arm-none-eabi/13.3.1/../../../../arm-none-eabi/lib/thumb/v7-m/nofp\libc_nano.a(libc_a-reent.o)
                0x20003350                errno
 .bss.__lock___malloc_recursive_mutex
                0x20003354        0x1 C:/ST/STM32CubeIDE_1.18.0/STM32CubeIDE/plugins/com.st.stm32cube.ide.mcu.externaltools.gnu-tools-for-stm32.13.3.rel1.win32_1.0.0.202411081344/tools/bin/../lib/gcc/arm-none-eabi/13.3.1/../../../../arm-none-eabi/lib/thumb/v7-m/nofp\libc_nano.a(libc_a-lock.o)
                0x20003354                __lock___malloc_recursive_mutex
 *fill*         0x20003355        0x3 
 .bss.__malloc_sbrk_start
                0x20003358        0x4 C:/ST/STM32CubeIDE_1.18.0/STM32CubeIDE/plugins/com.st.stm32cube.ide.mcu.externaltools.gnu-tools-for-stm32.13.3.rel1.win32_1.0.0.202411081344/tools/bin/../lib/gcc/arm-none-eabi/13.3.1/../../../../arm-none-eabi/lib/thumb/v7-m/nofp\libc_nano.a(libc_a-mallocr.o)
                0x20003358                __malloc_sbrk_start
 .bss.__malloc_free_list
                0x2000335c        0x4 C:/ST/STM32CubeIDE_1.18.0/STM32CubeIDE/plugins/com.st.stm32cube.ide.mcu.externaltools.gnu-tools-for-stm32.13.3.rel1.win32_1.0.0.202411081344/tools/bin/../lib/gcc/arm-none-eabi/13.3.1/../../../../arm-none-eabi/lib/thumb/v7-m/nofp\libc_nano.a(libc_a-mallocr.o)
                0x2000335c                __malloc_free_list
 *(COMMON)
                0x20003360                        . = ALIGN (0x4)
                0x20003360                        _ebss = .
                0x20003360                        __bss_end__ = _ebss

._user_heap_stack
                0x20003360      0x600 load address 0x08009184
                0x20003360                        . = ALIGN (0x8)
                [!provide]                        PROVIDE (end = .)
                0x20003360                        PROVIDE (_end = .)
                0x20003560                        . = (. + _Min_Heap_Size)
 *fill*         0x20003360      0x200 
                0x20003960                        . = (. + _Min_Stack_Size)
 *fill*         0x20003560      0x400 
                0x20003960                        . = ALIGN (0x8)

/DISCARD/
 libc.a(*)
 libm.a(*)
 libgcc.a(*)

.ARM.attributes
                0x00000000       0x2d
 *(.ARM.attributes)
 .ARM.attributes
                0x00000000       0x1d C:/ST/STM32CubeIDE_1.18.0/STM32CubeIDE/plugins/com.st.stm32cube.ide.mcu.externaltools.gnu-tools-for-stm32.13.3.rel1.win32_1.0.0.202411081344/tools/bin/../lib/gcc/arm-none-eabi/13.3.1/thumb/v7-m/nofp/crti.o
 .ARM.attributes
                0x0000001d       0x2d C:/ST/STM32CubeIDE_1.18.0/STM32CubeIDE/plugins/com.st.stm32cube.ide.mcu.externaltools.gnu-tools-for-stm32.13.3.rel1.win32_1.0.0.202411081344/tools/bin/../lib/gcc/arm-none-eabi/13.3.1/thumb/v7-m/nofp/crtbegin.o
 .ARM.attributes
                0x0000004a       0x2d ./Core/Src/cmox_low_level.o
 .ARM.attributes
                0x00000077       0x2d ./Core/Src/main.o
 .ARM.attributes
                0x000000a4       0x2d ./Core/Src/stm32f1xx_hal_msp.o
 .ARM.attributes
                0x000000d1       0x2d ./Core/Src/stm32f1xx_hal_timebase_tim.o
 .ARM.attributes
                0x000000fe       0x2d ./Core/Src/stm32f1xx_it.o
 .ARM.attributes
                0x0000012b       0x2d ./Core/Src/sysmem.o
 .ARM.attributes
                0x00000158       0x2d ./Core/Src/system_stm32f1xx.o
 .ARM.attributes
                0x00000185       0x21 ./Core/Startup/startup_stm32f103rbtx.o
 .ARM.attributes
                0x000001a6       0x2d ./Drivers/STM32F1xx_HAL_Driver/Src/stm32f1xx_hal.o
 .ARM.attributes
                0x000001d3       0x2d ./Drivers/STM32F1xx_HAL_Driver/Src/stm32f1xx_hal_cortex.o
 .ARM.attributes
                0x00000200       0x2d ./Drivers/STM32F1xx_HAL_Driver/Src/stm32f1xx_hal_dma.o
 .ARM.attributes
                0x0000022d       0x2d ./Drivers/STM32F1xx_HAL_Driver/Src/stm32f1xx_hal_gpio.o
 .ARM.attributes
                0x0000025a       0x2d ./Drivers/STM32F1xx_HAL_Driver/Src/stm32f1xx_hal_rcc.o
 .ARM.attributes
                0x00000287       0x2d ./Drivers/STM32F1xx_HAL_Driver/Src/stm32f1xx_hal_tim.o
 .ARM.attributes
                0x000002b4       0x2d ./Drivers/STM32F1xx_HAL_Driver/Src/stm32f1xx_hal_tim_ex.o
 .ARM.attributes
                0x000002e1       0x2d ./Drivers/STM32F1xx_HAL_Driver/Src/stm32f1xx_hal_uart.o
 .ARM.attributes
                0x0000030e       0x2d ./Middlewares/Third_Party/FreeRTOS/Source/CMSIS_RTOS_V2/cmsis_os2.o
 .ARM.attributes
                0x0000033b       0x2d ./Middlewares/Third_Party/FreeRTOS/Source/list.o
 .ARM.attributes
                0x00000368       0x2d ./Middlewares/Third_Party/FreeRTOS/Source/queue.o
 .ARM.attributes
                0x00000395       0x2d ./Middlewares/Third_Party/FreeRTOS/Source/tasks.o
 .ARM.attributes
                0x000003c2       0x2d ./Middlewares/Third_Party/FreeRTOS/Source/timers.o
 .ARM.attributes
                0x000003ef       0x2d ./Middlewares/Third_Party/FreeRTOS/Source/portable/GCC/ARM_CM3/port.o
 .ARM.attributes
                0x0000041c       0x2d ./Middlewares/Third_Party/FreeRTOS/Source/portable/MemMang/heap_4.o
 .ARM.attributes
                0x00000449       0x4c D:\STM32\STM_Firmware_Lib\STM32CubeExpansion_Crypto_V4.4.0\Middlewares\ST\STM32_Cryptographic\lib\libSTM32Cryptographic_CM0_CM0PLUS.a(cmox_cbc_aesfast_encrypt.c.o)
 .ARM.attributes
                0x00000495       0x4e D:\STM32\STM_Firmware_Lib\STM32CubeExpansion_Crypto_V4.4.0\Middlewares\ST\STM32_Cryptographic\lib\libSTM32Cryptographic_CM0_CM0PLUS.a(cmox_cbc_common.c.o)
 .ARM.attributes
                0x000004e3       0x4c D:\STM32\STM_Firmware_Lib\STM32CubeExpansion_Crypto_V4.4.0\Middlewares\ST\STM32_Cryptographic\lib\libSTM32Cryptographic_CM0_CM0PLUS.a(cmox_cbc_encrypt.c.o)
 .ARM.attributes
                0x0000052f       0x4e D:\STM32\STM_Firmware_Lib\STM32CubeExpansion_Crypto_V4.4.0\Middlewares\ST\STM32_Cryptographic\lib\libSTM32Cryptographic_CM0_CM0PLUS.a(cmox_cipher.c.o)
 .ARM.attributes
                0x0000057d       0x4c D:\STM32\STM_Firmware_Lib\STM32CubeExpansion_Crypto_V4.4.0\Middlewares\ST\STM32_Cryptographic\lib\libSTM32Cryptographic_CM0_CM0PLUS.a(cmox_cipher_modes.c.o)
 .ARM.attributes
                0x000005c9       0x4e D:\STM32\STM_Firmware_Lib\STM32CubeExpansion_Crypto_V4.4.0\Middlewares\ST\STM32_Cryptographic\lib\libSTM32Cryptographic_CM0_CM0PLUS.a(cmox_cipher_utils.c.o)
 .ARM.attributes
                0x00000617       0x4c D:\STM32\STM_Firmware_Lib\STM32CubeExpansion_Crypto_V4.4.0\Middlewares\ST\STM32_Cryptographic\lib\libSTM32Cryptographic_CM0_CM0PLUS.a(cmox_ctr_drbg.c.o)
 .ARM.attributes
                0x00000663       0x4a D:\STM32\STM_Firmware_Lib\STM32CubeExpansion_Crypto_V4.4.0\Middlewares\ST\STM32_Cryptographic\lib\libSTM32Cryptographic_CM0_CM0PLUS.a(cmox_ctr_drbg_aes256_fast.c.o)
 .ARM.attributes
                0x000006ad       0x4a D:\STM32\STM_Firmware_Lib\STM32CubeExpansion_Crypto_V4.4.0\Middlewares\ST\STM32_Cryptographic\lib\libSTM32Cryptographic_CM0_CM0PLUS.a(cmox_ctr_drbg_aes256_keys.c.o)
 .ARM.attributes
                0x000006f7       0x4e D:\STM32\STM_Firmware_Lib\STM32CubeExpansion_Crypto_V4.4.0\Middlewares\ST\STM32_Cryptographic\lib\libSTM32Cryptographic_CM0_CM0PLUS.a(cmox_drbg.c.o)
 .ARM.attributes
                0x00000745       0x4c D:\STM32\STM_Firmware_Lib\STM32CubeExpansion_Crypto_V4.4.0\Middlewares\ST\STM32_Cryptographic\lib\libSTM32Cryptographic_CM0_CM0PLUS.a(cmox_init.c.o)
 .ARM.attributes
                0x00000791       0x4c D:\STM32\STM_Firmware_Lib\STM32CubeExpansion_Crypto_V4.4.0\Middlewares\ST\STM32_Cryptographic\lib\libSTM32Cryptographic_CM0_CM0PLUS.a(cmox_aesfast_encrypt.c.o)
 .ARM.attributes
                0x000007dd       0x4c D:\STM32\STM_Firmware_Lib\STM32CubeExpansion_Crypto_V4.4.0\Middlewares\ST\STM32_Cryptographic\lib\libSTM32Cryptographic_CM0_CM0PLUS.a(cmox_aes_common.c.o)
 .ARM.attributes
                0x00000829       0x2d C:/ST/STM32CubeIDE_1.18.0/STM32CubeIDE/plugins/com.st.stm32cube.ide.mcu.externaltools.gnu-tools-for-stm32.13.3.rel1.win32_1.0.0.202411081344/tools/bin/../lib/gcc/arm-none-eabi/13.3.1/../../../../arm-none-eabi/lib/thumb/v7-m/nofp\libc_nano.a(libc_a-strtoul.o)
 .ARM.attributes
                0x00000856       0x2d C:/ST/STM32CubeIDE_1.18.0/STM32CubeIDE/plugins/com.st.stm32cube.ide.mcu.externaltools.gnu-tools-for-stm32.13.3.rel1.win32_1.0.0.202411081344/tools/bin/../lib/gcc/arm-none-eabi/13.3.1/../../../../arm-none-eabi/lib/thumb/v7-m/nofp\libc_nano.a(libc_a-ctype_.o)
 .ARM.attributes
                0x00000883       0x2d C:/ST/STM32CubeIDE_1.18.0/STM32CubeIDE/plugins/com.st.stm32cube.ide.mcu.externaltools.gnu-tools-for-stm32.13.3.rel1.win32_1.0.0.202411081344/tools/bin/../lib/gcc/arm-none-eabi/13.3.1/../../../../arm-none-eabi/lib/thumb/v7-m/nofp\libc_nano.a(libc_a-findfp.o)
 .ARM.attributes
                0x000008b0       0x2d C:/ST/STM32CubeIDE_1.18.0/STM32CubeIDE/plugins/com.st.stm32cube.ide.mcu.externaltools.gnu-tools-for-stm32.13.3.rel1.win32_1.0.0.202411081344/tools/bin/../lib/gcc/arm-none-eabi/13.3.1/../../../../arm-none-eabi/lib/thumb/v7-m/nofp\libc_nano.a(libc_a-sprintf.o)
 .ARM.attributes
                0x000008dd       0x2d C:/ST/STM32CubeIDE_1.18.0/STM32CubeIDE/plugins/com.st.stm32cube.ide.mcu.externaltools.gnu-tools-for-stm32.13.3.rel1.win32_1.0.0.202411081344/tools/bin/../lib/gcc/arm-none-eabi/13.3.1/../../../../arm-none-eabi/lib/thumb/v7-m/nofp\libc_nano.a(libc_a-memcmp.o)
 .ARM.attributes
                0x0000090a       0x2d C:/ST/STM32CubeIDE_1.18.0/STM32CubeIDE/plugins/com.st.stm32cube.ide.mcu.externaltools.gnu-tools-for-stm32.13.3.rel1.win32_1.0.0.202411081344/tools/bin/../lib/gcc/arm-none-eabi/13.3.1/../../../../arm-none-eabi/lib/thumb/v7-m/nofp\libc_nano.a(libc_a-memset.o)
 .ARM.attributes