08:28:11 **** Build of configuration Debug for project AES_CBC_EncryptDecrypt ****
make -j8 all 
arm-none-eabi-gcc "D:/STM32/en.x-cube-cryptolib-v4-4-0/STM32CubeExpansion_Crypto_V4.4.0/Drivers/STM32L4xx_HAL_Driver/Src/stm32l4xx_hal.c" -mcpu=cortex-m4 -std=gnu11 -g3 -DDEBUG -DUSE_STM32L4XX_NUCLEO -DSTM32L476xx -DUSE_HAL_DRIVER -c -I../../Inc -I../../../../../../../Drivers/CMSIS/Device/ST/STM32L4xx/Include -I../../../../../../../Drivers/STM32L4xx_HAL_Driver/Inc -I../../../../../../../Drivers/BSP/STM32L4xx_Nucleo -I../../../../../../../Drivers/BSP/Components/Common -I../../../../../../../Middlewares/ST/STM32_Cryptographic/include -I../../../../../../../Drivers/STM32L4xx_HAL_Driver/Inc/Legacy -I../../../../../../../Drivers/CMSIS/Include -O0 -ffunction-sections -fdata-sections -Wall -fstack-usage -fcyclomatic-complexity -MMD -MP -MF"Drivers/STM32L4xx_HAL_Driver/stm32l4xx_hal.d" -MT"Drivers/STM32L4xx_HAL_Driver/stm32l4xx_hal.o" --specs=nano.specs -mfpu=fpv4-sp-d16 -mfloat-abi=hard -mthumb -o "Drivers/STM32L4xx_HAL_Driver/stm32l4xx_hal.o"
arm-none-eabi-gcc "D:/STM32/en.x-cube-cryptolib-v4-4-0/STM32CubeExpansion_Crypto_V4.4.0/Drivers/STM32L4xx_HAL_Driver/Src/stm32l4xx_hal_cortex.c" -mcpu=cortex-m4 -std=gnu11 -g3 -DDEBUG -DUSE_STM32L4XX_NUCLEO -DSTM32L476xx -DUSE_HAL_DRIVER -c -I../../Inc -I../../../../../../../Drivers/CMSIS/Device/ST/STM32L4xx/Include -I../../../../../../../Drivers/STM32L4xx_HAL_Driver/Inc -I../../../../../../../Drivers/BSP/STM32L4xx_Nucleo -I../../../../../../../Drivers/BSP/Components/Common -I../../../../../../../Middlewares/ST/STM32_Cryptographic/include -I../../../../../../../Drivers/STM32L4xx_HAL_Driver/Inc/Legacy -I../../../../../../../Drivers/CMSIS/Include -O0 -ffunction-sections -fdata-sections -Wall -fstack-usage -fcyclomatic-complexity -MMD -MP -MF"Drivers/STM32L4xx_HAL_Driver/stm32l4xx_hal_cortex.d" -MT"Drivers/STM32L4xx_HAL_Driver/stm32l4xx_hal_cortex.o" --specs=nano.specs -mfpu=fpv4-sp-d16 -mfloat-abi=hard -mthumb -o "Drivers/STM32L4xx_HAL_Driver/stm32l4xx_hal_cortex.o"
arm-none-eabi-gcc "D:/STM32/en.x-cube-cryptolib-v4-4-0/STM32CubeExpansion_Crypto_V4.4.0/Drivers/STM32L4xx_HAL_Driver/Src/stm32l4xx_hal_gpio.c" -mcpu=cortex-m4 -std=gnu11 -g3 -DDEBUG -DUSE_STM32L4XX_NUCLEO -DSTM32L476xx -DUSE_HAL_DRIVER -c -I../../Inc -I../../../../../../../Drivers/CMSIS/Device/ST/STM32L4xx/Include -I../../../../../../../Drivers/STM32L4xx_HAL_Driver/Inc -I../../../../../../../Drivers/BSP/STM32L4xx_Nucleo -I../../../../../../../Drivers/BSP/Components/Common -I../../../../../../../Middlewares/ST/STM32_Cryptographic/include -I../../../../../../../Drivers/STM32L4xx_HAL_Driver/Inc/Legacy -I../../../../../../../Drivers/CMSIS/Include -O0 -ffunction-sections -fdata-sections -Wall -fstack-usage -fcyclomatic-complexity -MMD -MP -MF"Drivers/STM32L4xx_HAL_Driver/stm32l4xx_hal_gpio.d" -MT"Drivers/STM32L4xx_HAL_Driver/stm32l4xx_hal_gpio.o" --specs=nano.specs -mfpu=fpv4-sp-d16 -mfloat-abi=hard -mthumb -o "Drivers/STM32L4xx_HAL_Driver/stm32l4xx_hal_gpio.o"
arm-none-eabi-gcc "D:/STM32/en.x-cube-cryptolib-v4-4-0/STM32CubeExpansion_Crypto_V4.4.0/Drivers/STM32L4xx_HAL_Driver/Src/stm32l4xx_hal_pwr.c" -mcpu=cortex-m4 -std=gnu11 -g3 -DDEBUG -DUSE_STM32L4XX_NUCLEO -DSTM32L476xx -DUSE_HAL_DRIVER -c -I../../Inc -I../../../../../../../Drivers/CMSIS/Device/ST/STM32L4xx/Include -I../../../../../../../Drivers/STM32L4xx_HAL_Driver/Inc -I../../../../../../../Drivers/BSP/STM32L4xx_Nucleo -I../../../../../../../Drivers/BSP/Components/Common -I../../../../../../../Middlewares/ST/STM32_Cryptographic/include -I../../../../../../../Drivers/STM32L4xx_HAL_Driver/Inc/Legacy -I../../../../../../../Drivers/CMSIS/Include -O0 -ffunction-sections -fdata-sections -Wall -fstack-usage -fcyclomatic-complexity -MMD -MP -MF"Drivers/STM32L4xx_HAL_Driver/stm32l4xx_hal_pwr.d" -MT"Drivers/STM32L4xx_HAL_Driver/stm32l4xx_hal_pwr.o" --specs=nano.specs -mfpu=fpv4-sp-d16 -mfloat-abi=hard -mthumb -o "Drivers/STM32L4xx_HAL_Driver/stm32l4xx_hal_pwr.o"
arm-none-eabi-gcc "D:/STM32/en.x-cube-cryptolib-v4-4-0/STM32CubeExpansion_Crypto_V4.4.0/Drivers/STM32L4xx_HAL_Driver/Src/stm32l4xx_hal_pwr_ex.c" -mcpu=cortex-m4 -std=gnu11 -g3 -DDEBUG -DUSE_STM32L4XX_NUCLEO -DSTM32L476xx -DUSE_HAL_DRIVER -c -I../../Inc -I../../../../../../../Drivers/CMSIS/Device/ST/STM32L4xx/Include -I../../../../../../../Drivers/STM32L4xx_HAL_Driver/Inc -I../../../../../../../Drivers/BSP/STM32L4xx_Nucleo -I../../../../../../../Drivers/BSP/Components/Common -I../../../../../../../Middlewares/ST/STM32_Cryptographic/include -I../../../../../../../Drivers/STM32L4xx_HAL_Driver/Inc/Legacy -I../../../../../../../Drivers/CMSIS/Include -O0 -ffunction-sections -fdata-sections -Wall -fstack-usage -fcyclomatic-complexity -MMD -MP -MF"Drivers/STM32L4xx_HAL_Driver/stm32l4xx_hal_pwr_ex.d" -MT"Drivers/STM32L4xx_HAL_Driver/stm32l4xx_hal_pwr_ex.o" --specs=nano.specs -mfpu=fpv4-sp-d16 -mfloat-abi=hard -mthumb -o "Drivers/STM32L4xx_HAL_Driver/stm32l4xx_hal_pwr_ex.o"
arm-none-eabi-gcc "D:/STM32/en.x-cube-cryptolib-v4-4-0/STM32CubeExpansion_Crypto_V4.4.0/Drivers/STM32L4xx_HAL_Driver/Src/stm32l4xx_hal_rcc.c" -mcpu=cortex-m4 -std=gnu11 -g3 -DDEBUG -DUSE_STM32L4XX_NUCLEO -DSTM32L476xx -DUSE_HAL_DRIVER -c -I../../Inc -I../../../../../../../Drivers/CMSIS/Device/ST/STM32L4xx/Include -I../../../../../../../Drivers/STM32L4xx_HAL_Driver/Inc -I../../../../../../../Drivers/BSP/STM32L4xx_Nucleo -I../../../../../../../Drivers/BSP/Components/Common -I../../../../../../../Middlewares/ST/STM32_Cryptographic/include -I../../../../../../../Drivers/STM32L4xx_HAL_Driver/Inc/Legacy -I../../../../../../../Drivers/CMSIS/Include -O0 -ffunction-sections -fdata-sections -Wall -fstack-usage -fcyclomatic-complexity -MMD -MP -MF"Drivers/STM32L4xx_HAL_Driver/stm32l4xx_hal_rcc.d" -MT"Drivers/STM32L4xx_HAL_Driver/stm32l4xx_hal_rcc.o" --specs=nano.specs -mfpu=fpv4-sp-d16 -mfloat-abi=hard -mthumb -o "Drivers/STM32L4xx_HAL_Driver/stm32l4xx_hal_rcc.o"
arm-none-eabi-gcc "D:/STM32/en.x-cube-cryptolib-v4-4-0/STM32CubeExpansion_Crypto_V4.4.0/Drivers/STM32L4xx_HAL_Driver/Src/stm32l4xx_hal_rcc_ex.c" -mcpu=cortex-m4 -std=gnu11 -g3 -DDEBUG -DUSE_STM32L4XX_NUCLEO -DSTM32L476xx -DUSE_HAL_DRIVER -c -I../../Inc -I../../../../../../../Drivers/CMSIS/Device/ST/STM32L4xx/Include -I../../../../../../../Drivers/STM32L4xx_HAL_Driver/Inc -I../../../../../../../Drivers/BSP/STM32L4xx_Nucleo -I../../../../../../../Drivers/BSP/Components/Common -I../../../../../../../Middlewares/ST/STM32_Cryptographic/include -I../../../../../../../Drivers/STM32L4xx_HAL_Driver/Inc/Legacy -I../../../../../../../Drivers/CMSIS/Include -O0 -ffunction-sections -fdata-sections -Wall -fstack-usage -fcyclomatic-complexity -MMD -MP -MF"Drivers/STM32L4xx_HAL_Driver/stm32l4xx_hal_rcc_ex.d" -MT"Drivers/STM32L4xx_HAL_Driver/stm32l4xx_hal_rcc_ex.o" --specs=nano.specs -mfpu=fpv4-sp-d16 -mfloat-abi=hard -mthumb -o "Drivers/STM32L4xx_HAL_Driver/stm32l4xx_hal_rcc_ex.o"
arm-none-eabi-gcc "D:/STM32/en.x-cube-cryptolib-v4-4-0/STM32CubeExpansion_Crypto_V4.4.0/Projects/NUCLEO-L476RG/Applications/Cipher/AES_CBC_EncryptDecrypt/Src/system_stm32l4xx.c" -mcpu=cortex-m4 -std=gnu11 -g3 -DDEBUG -DUSE_STM32L4XX_NUCLEO -DSTM32L476xx -DUSE_HAL_DRIVER -c -I../../Inc -I../../../../../../../Drivers/CMSIS/Device/ST/STM32L4xx/Include -I../../../../../../../Drivers/STM32L4xx_HAL_Driver/Inc -I../../../../../../../Drivers/BSP/STM32L4xx_Nucleo -I../../../../../../../Drivers/BSP/Components/Common -I../../../../../../../Middlewares/ST/STM32_Cryptographic/include -I../../../../../../../Drivers/STM32L4xx_HAL_Driver/Inc/Legacy -I../../../../../../../Drivers/CMSIS/Include -O0 -ffunction-sections -fdata-sections -Wall -fstack-usage -fcyclomatic-complexity -MMD -MP -MF"Drivers/CMSIS/system_stm32l4xx.d" -MT"Drivers/CMSIS/system_stm32l4xx.o" --specs=nano.specs -mfpu=fpv4-sp-d16 -mfloat-abi=hard -mthumb -o "Drivers/CMSIS/system_stm32l4xx.o"
arm-none-eabi-gcc "D:/STM32/en.x-cube-cryptolib-v4-4-0/STM32CubeExpansion_Crypto_V4.4.0/Drivers/BSP/STM32L4xx_Nucleo/stm32l4xx_nucleo.c" -mcpu=cortex-m4 -std=gnu11 -g3 -DDEBUG -DUSE_STM32L4XX_NUCLEO -DSTM32L476xx -DUSE_HAL_DRIVER -c -I../../Inc -I../../../../../../../Drivers/CMSIS/Device/ST/STM32L4xx/Include -I../../../../../../../Drivers/STM32L4xx_HAL_Driver/Inc -I../../../../../../../Drivers/BSP/STM32L4xx_Nucleo -I../../../../../../../Drivers/BSP/Components/Common -I../../../../../../../Middlewares/ST/STM32_Cryptographic/include -I../../../../../../../Drivers/STM32L4xx_HAL_Driver/Inc/Legacy -I../../../../../../../Drivers/CMSIS/Include -O0 -ffunction-sections -fdata-sections -Wall -fstack-usage -fcyclomatic-complexity -MMD -MP -MF"Drivers/BSP/STM32L4xx_Nucleo/stm32l4xx_nucleo.d" -MT"Drivers/BSP/STM32L4xx_Nucleo/stm32l4xx_nucleo.o" --specs=nano.specs -mfpu=fpv4-sp-d16 -mfloat-abi=hard -mthumb -o "Drivers/BSP/STM32L4xx_Nucleo/stm32l4xx_nucleo.o"
arm-none-eabi-gcc "D:/STM32/en.x-cube-cryptolib-v4-4-0/STM32CubeExpansion_Crypto_V4.4.0/Projects/NUCLEO-L476RG/Applications/Cipher/AES_CBC_EncryptDecrypt/Src/cmox_low_level.c" -mcpu=cortex-m4 -std=gnu11 -g3 -DDEBUG -DUSE_STM32L4XX_NUCLEO -DSTM32L476xx -DUSE_HAL_DRIVER -c -I../../Inc -I../../../../../../../Drivers/CMSIS/Device/ST/STM32L4xx/Include -I../../../../../../../Drivers/STM32L4xx_HAL_Driver/Inc -I../../../../../../../Drivers/BSP/STM32L4xx_Nucleo -I../../../../../../../Drivers/BSP/Components/Common -I../../../../../../../Middlewares/ST/STM32_Cryptographic/include -I../../../../../../../Drivers/STM32L4xx_HAL_Driver/Inc/Legacy -I../../../../../../../Drivers/CMSIS/Include -O0 -ffunction-sections -fdata-sections -Wall -fstack-usage -fcyclomatic-complexity -MMD -MP -MF"Application/User/cmox_low_level.d" -MT"Application/User/cmox_low_level.o" --specs=nano.specs -mfpu=fpv4-sp-d16 -mfloat-abi=hard -mthumb -o "Application/User/cmox_low_level.o"
arm-none-eabi-gcc "D:/STM32/en.x-cube-cryptolib-v4-4-0/STM32CubeExpansion_Crypto_V4.4.0/Projects/NUCLEO-L476RG/Applications/Cipher/AES_CBC_EncryptDecrypt/Src/main.c" -mcpu=cortex-m4 -std=gnu11 -g3 -DDEBUG -DUSE_STM32L4XX_NUCLEO -DSTM32L476xx -DUSE_HAL_DRIVER -c -I../../Inc -I../../../../../../../Drivers/CMSIS/Device/ST/STM32L4xx/Include -I../../../../../../../Drivers/STM32L4xx_HAL_Driver/Inc -I../../../../../../../Drivers/BSP/STM32L4xx_Nucleo -I../../../../../../../Drivers/BSP/Components/Common -I../../../../../../../Middlewares/ST/STM32_Cryptographic/include -I../../../../../../../Drivers/STM32L4xx_HAL_Driver/Inc/Legacy -I../../../../../../../Drivers/CMSIS/Include -O0 -ffunction-sections -fdata-sections -Wall -fstack-usage -fcyclomatic-complexity -MMD -MP -MF"Application/User/main.d" -MT"Application/User/main.o" --specs=nano.specs -mfpu=fpv4-sp-d16 -mfloat-abi=hard -mthumb -o "Application/User/main.o"
arm-none-eabi-gcc "D:/STM32/en.x-cube-cryptolib-v4-4-0/STM32CubeExpansion_Crypto_V4.4.0/Projects/NUCLEO-L476RG/Applications/Cipher/AES_CBC_EncryptDecrypt/Src/stm32l4xx_hal_msp.c" -mcpu=cortex-m4 -std=gnu11 -g3 -DDEBUG -DUSE_STM32L4XX_NUCLEO -DSTM32L476xx -DUSE_HAL_DRIVER -c -I../../Inc -I../../../../../../../Drivers/CMSIS/Device/ST/STM32L4xx/Include -I../../../../../../../Drivers/STM32L4xx_HAL_Driver/Inc -I../../../../../../../Drivers/BSP/STM32L4xx_Nucleo -I../../../../../../../Drivers/BSP/Components/Common -I../../../../../../../Middlewares/ST/STM32_Cryptographic/include -I../../../../../../../Drivers/STM32L4xx_HAL_Driver/Inc/Legacy -I../../../../../../../Drivers/CMSIS/Include -O0 -ffunction-sections -fdata-sections -Wall -fstack-usage -fcyclomatic-complexity -MMD -MP -MF"Application/User/stm32l4xx_hal_msp.d" -MT"Application/User/stm32l4xx_hal_msp.o" --specs=nano.specs -mfpu=fpv4-sp-d16 -mfloat-abi=hard -mthumb -o "Application/User/stm32l4xx_hal_msp.o"
arm-none-eabi-gcc "D:/STM32/en.x-cube-cryptolib-v4-4-0/STM32CubeExpansion_Crypto_V4.4.0/Projects/NUCLEO-L476RG/Applications/Cipher/AES_CBC_EncryptDecrypt/Src/stm32l4xx_it.c" -mcpu=cortex-m4 -std=gnu11 -g3 -DDEBUG -DUSE_STM32L4XX_NUCLEO -DSTM32L476xx -DUSE_HAL_DRIVER -c -I../../Inc -I../../../../../../../Drivers/CMSIS/Device/ST/STM32L4xx/Include -I../../../../../../../Drivers/STM32L4xx_HAL_Driver/Inc -I../../../../../../../Drivers/BSP/STM32L4xx_Nucleo -I../../../../../../../Drivers/BSP/Components/Common -I../../../../../../../Middlewares/ST/STM32_Cryptographic/include -I../../../../../../../Drivers/STM32L4xx_HAL_Driver/Inc/Legacy -I../../../../../../../Drivers/CMSIS/Include -O0 -ffunction-sections -fdata-sections -Wall -fstack-usage -fcyclomatic-complexity -MMD -MP -MF"Application/User/stm32l4xx_it.d" -MT"Application/User/stm32l4xx_it.o" --specs=nano.specs -mfpu=fpv4-sp-d16 -mfloat-abi=hard -mthumb -o "Application/User/stm32l4xx_it.o"
arm-none-eabi-gcc "../Application/User/syscalls.c" -mcpu=cortex-m4 -std=gnu11 -g3 -DDEBUG -DUSE_STM32L4XX_NUCLEO -DSTM32L476xx -DUSE_HAL_DRIVER -c -I../../Inc -I../../../../../../../Drivers/CMSIS/Device/ST/STM32L4xx/Include -I../../../../../../../Drivers/STM32L4xx_HAL_Driver/Inc -I../../../../../../../Drivers/BSP/STM32L4xx_Nucleo -I../../../../../../../Drivers/BSP/Components/Common -I../../../../../../../Middlewares/ST/STM32_Cryptographic/include -I../../../../../../../Drivers/STM32L4xx_HAL_Driver/Inc/Legacy -I../../../../../../../Drivers/CMSIS/Include -O0 -ffunction-sections -fdata-sections -Wall -fstack-usage -fcyclomatic-complexity -MMD -MP -MF"Application/User/syscalls.d" -MT"Application/User/syscalls.o" --specs=nano.specs -mfpu=fpv4-sp-d16 -mfloat-abi=hard -mthumb -o "Application/User/syscalls.o"
arm-none-eabi-gcc "../Application/User/sysmem.c" -mcpu=cortex-m4 -std=gnu11 -g3 -DDEBUG -DUSE_STM32L4XX_NUCLEO -DSTM32L476xx -DUSE_HAL_DRIVER -c -I../../Inc -I../../../../../../../Drivers/CMSIS/Device/ST/STM32L4xx/Include -I../../../../../../../Drivers/STM32L4xx_HAL_Driver/Inc -I../../../../../../../Drivers/BSP/STM32L4xx_Nucleo -I../../../../../../../Drivers/BSP/Components/Common -I../../../../../../../Middlewares/ST/STM32_Cryptographic/include -I../../../../../../../Drivers/STM32L4xx_HAL_Driver/Inc/Legacy -I../../../../../../../Drivers/CMSIS/Include -O0 -ffunction-sections -fdata-sections -Wall -fstack-usage -fcyclomatic-complexity -MMD -MP -MF"Application/User/sysmem.d" -MT"Application/User/sysmem.o" --specs=nano.specs -mfpu=fpv4-sp-d16 -mfloat-abi=hard -mthumb -o "Application/User/sysmem.o"
arm-none-eabi-gcc -mcpu=cortex-m4 -g3 -c -x assembler-with-cpp -MMD -MP -MF"Application/Startup/startup_stm32l476rgtx.d" -MT"Application/Startup/startup_stm32l476rgtx.o" --specs=nano.specs -mfpu=fpv4-sp-d16 -mfloat-abi=hard -mthumb -o "Application/Startup/startup_stm32l476rgtx.o" "../Application/Startup/startup_stm32l476rgtx.s"
arm-none-eabi-gcc -o "AES_CBC_EncryptDecrypt.elf" @"objects.list"  -l:libSTM32Cryptographic_CM4.a -mcpu=cortex-m4 -T"D:\STM32\en.x-cube-cryptolib-v4-4-0\STM32CubeExpansion_Crypto_V4.4.0\Projects\NUCLEO-L476RG\Applications\Cipher\AES_CBC_EncryptDecrypt\STM32CubeIDE\STM32L476RGTX_FLASH.ld" --specs=nosys.specs -Wl,-Map="AES_CBC_EncryptDecrypt.map" -Wl,--gc-sections -static -L../../../../../../../Middlewares/ST/STM32_Cryptographic/lib --specs=nano.specs -mfpu=fpv4-sp-d16 -mfloat-abi=hard -mthumb -Wl,--start-group -lc -lm -Wl,--end-group
Finished building target: AES_CBC_EncryptDecrypt.elf
 
arm-none-eabi-size  AES_CBC_EncryptDecrypt.elf 
arm-none-eabi-objdump -h -S AES_CBC_EncryptDecrypt.elf  > "AES_CBC_EncryptDecrypt.list"
   text	   data	    bss	    dec	    hex	filename
  15144	     16	   1472	  16632	   40f8	AES_CBC_EncryptDecrypt.elf
Finished building: default.size.stdout
 
Finished building: AES_CBC_EncryptDecrypt.list
 

08:28:16 Build Finished. 0 errors, 0 warnings. (took 4s.543ms)

