17:23:12 **** Incremental Build of configuration Debug for project NUCLEO-F103RB_FreeRTOS_CMSIS ****
make -j8 all 
arm-none-eabi-gcc "../Core/Src/main.c" -mcpu=cortex-m3 -std=gnu11 -g3 -DDEBUG -DUSE_HAL_DRIVER -DSTM32F103xB -c -I../Core/Inc -I../Drivers/STM32F1xx_HAL_Driver/Inc -I../Drivers/STM32F1xx_HAL_Driver/Inc/Legacy -I../Drivers/CMSIS/Device/ST/STM32F1xx/Include -I../Drivers/CMSIS/Include -I../Middlewares/Third_Party/FreeRTOS/Source/include -I../Middlewares/Third_Party/FreeRTOS/Source/CMSIS_RTOS_V2 -I../Middlewares/Third_Party/FreeRTOS/Source/portable/GCC/ARM_CM3 -I../Middlewares/ST/STM32_Cryptographic/include -O0 -ffunction-sections -fdata-sections -Wall -fstack-usage -fcyclomatic-complexity -MMD -MP -MF"Core/Src/main.d" -MT"Core/Src/main.o" --specs=nano.specs -mfloat-abi=soft -mthumb -o "Core/Src/main.o"
arm-none-eabi-gcc -o "NUCLEO-F103RB_FreeRTOS_CMSIS.elf" @"objects.list"  -lSTM32Cryptographic_CM0_CM0PLUS -mcpu=cortex-m3 -T"D:\STM32\workspace\NUCLEO-F103RB_FreeRTOS_CMSIS\STM32F103RBTX_FLASH.ld" --specs=nosys.specs -Wl,-Map="NUCLEO-F103RB_FreeRTOS_CMSIS.map" -Wl,--gc-sections -static -L"D:\STM32\STM_Firmware_Lib\STM32CubeExpansion_Crypto_V4.4.0\Middlewares\ST\STM32_Cryptographic\lib" --specs=nano.specs -mfloat-abi=soft -mthumb -Wl,--start-group -lc -lm -Wl,--end-group
Finished building target: NUCLEO-F103RB_FreeRTOS_CMSIS.elf
 
arm-none-eabi-size  NUCLEO-F103RB_FreeRTOS_CMSIS.elf 
arm-none-eabi-objdump -h -S NUCLEO-F103RB_FreeRTOS_CMSIS.elf  > "NUCLEO-F103RB_FreeRTOS_CMSIS.list"
   text	   data	    bss	    dec	    hex	filename
  34116	    172	  14488	  48776	   be88	NUCLEO-F103RB_FreeRTOS_CMSIS.elf
Finished building: default.size.stdout
 
Finished building: NUCLEO-F103RB_FreeRTOS_CMSIS.list
 
17:23:18 **** Incremental Build of configuration Debug for project NUCLEO-F103RB_FreeRTOS_CMSIS ****
make -j8 all 
arm-none-eabi-size  NUCLEO-F103RB_FreeRTOS_CMSIS.elf 
   text	   data	    bss	    dec	    hex	filename
  34116	    172	  14488	  48776	   be88	NUCLEO-F103RB_FreeRTOS_CMSIS.elf
Finished building: default.size.stdout
 
17:25:01 **** Incremental Build of configuration Debug for project NUCLEO-F103RB_FreeRTOS_CMSIS ****
make -j8 all 
arm-none-eabi-gcc "../Core/Src/main.c" -mcpu=cortex-m3 -std=gnu11 -g3 -DDEBUG -DUSE_HAL_DRIVER -DSTM32F103xB -c -I../Core/Inc -I../Drivers/STM32F1xx_HAL_Driver/Inc -I../Drivers/STM32F1xx_HAL_Driver/Inc/Legacy -I../Drivers/CMSIS/Device/ST/STM32F1xx/Include -I../Drivers/CMSIS/Include -I../Middlewares/Third_Party/FreeRTOS/Source/include -I../Middlewares/Third_Party/FreeRTOS/Source/CMSIS_RTOS_V2 -I../Middlewares/Third_Party/FreeRTOS/Source/portable/GCC/ARM_CM3 -I../Middlewares/ST/STM32_Cryptographic/include -O0 -ffunction-sections -fdata-sections -Wall -fstack-usage -fcyclomatic-complexity -MMD -MP -MF"Core/Src/main.d" -MT"Core/Src/main.o" --specs=nano.specs -mfloat-abi=soft -mthumb -o "Core/Src/main.o"
arm-none-eabi-gcc -o "NUCLEO-F103RB_FreeRTOS_CMSIS.elf" @"objects.list"  -lSTM32Cryptographic_CM0_CM0PLUS -mcpu=cortex-m3 -T"D:\STM32\workspace\NUCLEO-F103RB_FreeRTOS_CMSIS\STM32F103RBTX_FLASH.ld" --specs=nosys.specs -Wl,-Map="NUCLEO-F103RB_FreeRTOS_CMSIS.map" -Wl,--gc-sections -static -L"D:\STM32\STM_Firmware_Lib\STM32CubeExpansion_Crypto_V4.4.0\Middlewares\ST\STM32_Cryptographic\lib" --specs=nano.specs -mfloat-abi=soft -mthumb -Wl,--start-group -lc -lm -Wl,--end-group
Finished building target: NUCLEO-F103RB_FreeRTOS_CMSIS.elf
 
arm-none-eabi-size  NUCLEO-F103RB_FreeRTOS_CMSIS.elf 
arm-none-eabi-objdump -h -S NUCLEO-F103RB_FreeRTOS_CMSIS.elf  > "NUCLEO-F103RB_FreeRTOS_CMSIS.list"
   text	   data	    bss	    dec	    hex	filename
  34004	    172	  14488	  48664	   be18	NUCLEO-F103RB_FreeRTOS_CMSIS.elf
Finished building: default.size.stdout
 
Finished building: NUCLEO-F103RB_FreeRTOS_CMSIS.list
 
17:25:21 **** Incremental Build of configuration Debug for project NUCLEO-F103RB_FreeRTOS_CMSIS ****
make -j8 all 
arm-none-eabi-gcc "../Core/Src/main.c" -mcpu=cortex-m3 -std=gnu11 -g3 -DDEBUG -DUSE_HAL_DRIVER -DSTM32F103xB -c -I../Core/Inc -I../Drivers/STM32F1xx_HAL_Driver/Inc -I../Drivers/STM32F1xx_HAL_Driver/Inc/Legacy -I../Drivers/CMSIS/Device/ST/STM32F1xx/Include -I../Drivers/CMSIS/Include -I../Middlewares/Third_Party/FreeRTOS/Source/include -I../Middlewares/Third_Party/FreeRTOS/Source/CMSIS_RTOS_V2 -I../Middlewares/Third_Party/FreeRTOS/Source/portable/GCC/ARM_CM3 -I../Middlewares/ST/STM32_Cryptographic/include -O0 -ffunction-sections -fdata-sections -Wall -fstack-usage -fcyclomatic-complexity -MMD -MP -MF"Core/Src/main.d" -MT"Core/Src/main.o" --specs=nano.specs -mfloat-abi=soft -mthumb -o "Core/Src/main.o"
arm-none-eabi-gcc -o "NUCLEO-F103RB_FreeRTOS_CMSIS.elf" @"objects.list"  -lSTM32Cryptographic_CM0_CM0PLUS -mcpu=cortex-m3 -T"D:\STM32\workspace\NUCLEO-F103RB_FreeRTOS_CMSIS\STM32F103RBTX_FLASH.ld" --specs=nosys.specs -Wl,-Map="NUCLEO-F103RB_FreeRTOS_CMSIS.map" -Wl,--gc-sections -static -L"D:\STM32\STM_Firmware_Lib\STM32CubeExpansion_Crypto_V4.4.0\Middlewares\ST\STM32_Cryptographic\lib" --specs=nano.specs -mfloat-abi=soft -mthumb -Wl,--start-group -lc -lm -Wl,--end-group
Finished building target: NUCLEO-F103RB_FreeRTOS_CMSIS.elf
 
arm-none-eabi-size  NUCLEO-F103RB_FreeRTOS_CMSIS.elf 
arm-none-eabi-objdump -h -S NUCLEO-F103RB_FreeRTOS_CMSIS.elf  > "NUCLEO-F103RB_FreeRTOS_CMSIS.list"
   text	   data	    bss	    dec	    hex	filename
  33988	    172	  14488	  48648	   be08	NUCLEO-F103RB_FreeRTOS_CMSIS.elf
Finished building: default.size.stdout
 
Finished building: NUCLEO-F103RB_FreeRTOS_CMSIS.list
 
17:28:17 **** Incremental Build of configuration Debug for project NUCLEO-F103RB_FreeRTOS_CMSIS ****
make -j8 all 
arm-none-eabi-gcc "../Core/Src/main.c" -mcpu=cortex-m3 -std=gnu11 -g3 -DDEBUG -DUSE_HAL_DRIVER -DSTM32F103xB -c -I../Core/Inc -I../Drivers/STM32F1xx_HAL_Driver/Inc -I../Drivers/STM32F1xx_HAL_Driver/Inc/Legacy -I../Drivers/CMSIS/Device/ST/STM32F1xx/Include -I../Drivers/CMSIS/Include -I../Middlewares/Third_Party/FreeRTOS/Source/include -I../Middlewares/Third_Party/FreeRTOS/Source/CMSIS_RTOS_V2 -I../Middlewares/Third_Party/FreeRTOS/Source/portable/GCC/ARM_CM3 -I../Middlewares/ST/STM32_Cryptographic/include -O0 -ffunction-sections -fdata-sections -Wall -fstack-usage -fcyclomatic-complexity -MMD -MP -MF"Core/Src/main.d" -MT"Core/Src/main.o" --specs=nano.specs -mfloat-abi=soft -mthumb -o "Core/Src/main.o"
arm-none-eabi-gcc -o "NUCLEO-F103RB_FreeRTOS_CMSIS.elf" @"objects.list"  -lSTM32Cryptographic_CM0_CM0PLUS -mcpu=cortex-m3 -T"D:\STM32\workspace\NUCLEO-F103RB_FreeRTOS_CMSIS\STM32F103RBTX_FLASH.ld" --specs=nosys.specs -Wl,-Map="NUCLEO-F103RB_FreeRTOS_CMSIS.map" -Wl,--gc-sections -static -L"D:\STM32\STM_Firmware_Lib\STM32CubeExpansion_Crypto_V4.4.0\Middlewares\ST\STM32_Cryptographic\lib" --specs=nano.specs -mfloat-abi=soft -mthumb -Wl,--start-group -lc -lm -Wl,--end-group
Finished building target: NUCLEO-F103RB_FreeRTOS_CMSIS.elf
 
arm-none-eabi-size  NUCLEO-F103RB_FreeRTOS_CMSIS.elf 
arm-none-eabi-objdump -h -S NUCLEO-F103RB_FreeRTOS_CMSIS.elf  > "NUCLEO-F103RB_FreeRTOS_CMSIS.list"
   text	   data	    bss	    dec	    hex	filename
  34004	    172	  14488	  48664	   be18	NUCLEO-F103RB_FreeRTOS_CMSIS.elf
Finished building: default.size.stdout
 
Finished building: NUCLEO-F103RB_FreeRTOS_CMSIS.list
 
17:28:33 **** Incremental Build of configuration Debug for project NUCLEO-F103RB_FreeRTOS_CMSIS ****
make -j8 all 
arm-none-eabi-size  NUCLEO-F103RB_FreeRTOS_CMSIS.elf 
   text	   data	    bss	    dec	    hex	filename
  34004	    172	  14488	  48664	   be18	NUCLEO-F103RB_FreeRTOS_CMSIS.elf
Finished building: default.size.stdout
 
17:30:24 **** Incremental Build of configuration Debug for project NUCLEO-F103RB_FreeRTOS_CMSIS ****
make -j8 all 
arm-none-eabi-gcc "../Core/Src/main.c" -mcpu=cortex-m3 -std=gnu11 -g3 -DDEBUG -DUSE_HAL_DRIVER -DSTM32F103xB -c -I../Core/Inc -I../Drivers/STM32F1xx_HAL_Driver/Inc -I../Drivers/STM32F1xx_HAL_Driver/Inc/Legacy -I../Drivers/CMSIS/Device/ST/STM32F1xx/Include -I../Drivers/CMSIS/Include -I../Middlewares/Third_Party/FreeRTOS/Source/include -I../Middlewares/Third_Party/FreeRTOS/Source/CMSIS_RTOS_V2 -I../Middlewares/Third_Party/FreeRTOS/Source/portable/GCC/ARM_CM3 -I../Middlewares/ST/STM32_Cryptographic/include -O0 -ffunction-sections -fdata-sections -Wall -fstack-usage -fcyclomatic-complexity -MMD -MP -MF"Core/Src/main.d" -MT"Core/Src/main.o" --specs=nano.specs -mfloat-abi=soft -mthumb -o "Core/Src/main.o"
arm-none-eabi-gcc -o "NUCLEO-F103RB_FreeRTOS_CMSIS.elf" @"objects.list"  -lSTM32Cryptographic_CM0_CM0PLUS -mcpu=cortex-m3 -T"D:\STM32\workspace\NUCLEO-F103RB_FreeRTOS_CMSIS\STM32F103RBTX_FLASH.ld" --specs=nosys.specs -Wl,-Map="NUCLEO-F103RB_FreeRTOS_CMSIS.map" -Wl,--gc-sections -static -L"D:\STM32\STM_Firmware_Lib\STM32CubeExpansion_Crypto_V4.4.0\Middlewares\ST\STM32_Cryptographic\lib" --specs=nano.specs -mfloat-abi=soft -mthumb -Wl,--start-group -lc -lm -Wl,--end-group
Finished building target: NUCLEO-F103RB_FreeRTOS_CMSIS.elf
 
arm-none-eabi-size  NUCLEO-F103RB_FreeRTOS_CMSIS.elf 
arm-none-eabi-objdump -h -S NUCLEO-F103RB_FreeRTOS_CMSIS.elf  > "NUCLEO-F103RB_FreeRTOS_CMSIS.list"
   text	   data	    bss	    dec	    hex	filename
  34004	    172	  14488	  48664	   be18	NUCLEO-F103RB_FreeRTOS_CMSIS.elf
Finished building: default.size.stdout
 
Finished building: NUCLEO-F103RB_FreeRTOS_CMSIS.list
 
17:30:41 **** Incremental Build of configuration Debug for project NUCLEO-F103RB_FreeRTOS_CMSIS ****
make -j8 all 
arm-none-eabi-size  NUCLEO-F103RB_FreeRTOS_CMSIS.elf 
   text	   data	    bss	    dec	    hex	filename
  34004	    172	  14488	  48664	   be18	NUCLEO-F103RB_FreeRTOS_CMSIS.elf
Finished building: default.size.stdout
 
17:31:54 **** Incremental Build of configuration Debug for project NUCLEO-F103RB_FreeRTOS_CMSIS ****
make -j8 all 
arm-none-eabi-gcc "../Core/Src/main.c" -mcpu=cortex-m3 -std=gnu11 -g3 -DDEBUG -DUSE_HAL_DRIVER -DSTM32F103xB -c -I../Core/Inc -I../Drivers/STM32F1xx_HAL_Driver/Inc -I../Drivers/STM32F1xx_HAL_Driver/Inc/Legacy -I../Drivers/CMSIS/Device/ST/STM32F1xx/Include -I../Drivers/CMSIS/Include -I../Middlewares/Third_Party/FreeRTOS/Source/include -I../Middlewares/Third_Party/FreeRTOS/Source/CMSIS_RTOS_V2 -I../Middlewares/Third_Party/FreeRTOS/Source/portable/GCC/ARM_CM3 -I../Middlewares/ST/STM32_Cryptographic/include -O0 -ffunction-sections -fdata-sections -Wall -fstack-usage -fcyclomatic-complexity -MMD -MP -MF"Core/Src/main.d" -MT"Core/Src/main.o" --specs=nano.specs -mfloat-abi=soft -mthumb -o "Core/Src/main.o"
arm-none-eabi-gcc -o "NUCLEO-F103RB_FreeRTOS_CMSIS.elf" @"objects.list"  -lSTM32Cryptographic_CM0_CM0PLUS -mcpu=cortex-m3 -T"D:\STM32\workspace\NUCLEO-F103RB_FreeRTOS_CMSIS\STM32F103RBTX_FLASH.ld" --specs=nosys.specs -Wl,-Map="NUCLEO-F103RB_FreeRTOS_CMSIS.map" -Wl,--gc-sections -static -L"D:\STM32\STM_Firmware_Lib\STM32CubeExpansion_Crypto_V4.4.0\Middlewares\ST\STM32_Cryptographic\lib" --specs=nano.specs -mfloat-abi=soft -mthumb -Wl,--start-group -lc -lm -Wl,--end-group
Finished building target: NUCLEO-F103RB_FreeRTOS_CMSIS.elf
 
arm-none-eabi-size  NUCLEO-F103RB_FreeRTOS_CMSIS.elf 
arm-none-eabi-objdump -h -S NUCLEO-F103RB_FreeRTOS_CMSIS.elf  > "NUCLEO-F103RB_FreeRTOS_CMSIS.list"
   text	   data	    bss	    dec	    hex	filename
  33972	    172	  14488	  48632	   bdf8	NUCLEO-F103RB_FreeRTOS_CMSIS.elf
Finished building: default.size.stdout
 
Finished building: NUCLEO-F103RB_FreeRTOS_CMSIS.list
 
17:48:05 **** Incremental Build of configuration Debug for project NUCLEO-F103RB_FreeRTOS_CMSIS ****
make -j8 all 
arm-none-eabi-gcc "../Core/Src/main.c" -mcpu=cortex-m3 -std=gnu11 -g3 -DDEBUG -DUSE_HAL_DRIVER -DSTM32F103xB -c -I../Core/Inc -I../Drivers/STM32F1xx_HAL_Driver/Inc -I../Drivers/STM32F1xx_HAL_Driver/Inc/Legacy -I../Drivers/CMSIS/Device/ST/STM32F1xx/Include -I../Drivers/CMSIS/Include -I../Middlewares/Third_Party/FreeRTOS/Source/include -I../Middlewares/Third_Party/FreeRTOS/Source/CMSIS_RTOS_V2 -I../Middlewares/Third_Party/FreeRTOS/Source/portable/GCC/ARM_CM3 -I../Middlewares/ST/STM32_Cryptographic/include -O0 -ffunction-sections -fdata-sections -Wall -fstack-usage -fcyclomatic-complexity -MMD -MP -MF"Core/Src/main.d" -MT"Core/Src/main.o" --specs=nano.specs -mfloat-abi=soft -mthumb -o "Core/Src/main.o"
arm-none-eabi-gcc -o "NUCLEO-F103RB_FreeRTOS_CMSIS.elf" @"objects.list"  -lSTM32Cryptographic_CM0_CM0PLUS -mcpu=cortex-m3 -T"D:\STM32\workspace\NUCLEO-F103RB_FreeRTOS_CMSIS\STM32F103RBTX_FLASH.ld" --specs=nosys.specs -Wl,-Map="NUCLEO-F103RB_FreeRTOS_CMSIS.map" -Wl,--gc-sections -static -L"D:\STM32\STM_Firmware_Lib\STM32CubeExpansion_Crypto_V4.4.0\Middlewares\ST\STM32_Cryptographic\lib" --specs=nano.specs -mfloat-abi=soft -mthumb -Wl,--start-group -lc -lm -Wl,--end-group
Finished building target: NUCLEO-F103RB_FreeRTOS_CMSIS.elf
 
arm-none-eabi-size  NUCLEO-F103RB_FreeRTOS_CMSIS.elf 
arm-none-eabi-objdump -h -S NUCLEO-F103RB_FreeRTOS_CMSIS.elf  > "NUCLEO-F103RB_FreeRTOS_CMSIS.list"
   text	   data	    bss	    dec	    hex	filename
  33988	    172	  14488	  48648	   be08	NUCLEO-F103RB_FreeRTOS_CMSIS.elf
Finished building: default.size.stdout
 
Finished building: NUCLEO-F103RB_FreeRTOS_CMSIS.list
 
17:49:15 **** Incremental Build of configuration Debug for project NUCLEO-F103RB_FreeRTOS_CMSIS ****
make -j8 all 
arm-none-eabi-gcc "../Core/Src/main.c" -mcpu=cortex-m3 -std=gnu11 -g3 -DDEBUG -DUSE_HAL_DRIVER -DSTM32F103xB -c -I../Core/Inc -I../Drivers/STM32F1xx_HAL_Driver/Inc -I../Drivers/STM32F1xx_HAL_Driver/Inc/Legacy -I../Drivers/CMSIS/Device/ST/STM32F1xx/Include -I../Drivers/CMSIS/Include -I../Middlewares/Third_Party/FreeRTOS/Source/include -I../Middlewares/Third_Party/FreeRTOS/Source/CMSIS_RTOS_V2 -I../Middlewares/Third_Party/FreeRTOS/Source/portable/GCC/ARM_CM3 -I../Middlewares/ST/STM32_Cryptographic/include -O0 -ffunction-sections -fdata-sections -Wall -fstack-usage -fcyclomatic-complexity -MMD -MP -MF"Core/Src/main.d" -MT"Core/Src/main.o" --specs=nano.specs -mfloat-abi=soft -mthumb -o "Core/Src/main.o"
arm-none-eabi-gcc -o "NUCLEO-F103RB_FreeRTOS_CMSIS.elf" @"objects.list"  -lSTM32Cryptographic_CM0_CM0PLUS -mcpu=cortex-m3 -T"D:\STM32\workspace\NUCLEO-F103RB_FreeRTOS_CMSIS\STM32F103RBTX_FLASH.ld" --specs=nosys.specs -Wl,-Map="NUCLEO-F103RB_FreeRTOS_CMSIS.map" -Wl,--gc-sections -static -L"D:\STM32\STM_Firmware_Lib\STM32CubeExpansion_Crypto_V4.4.0\Middlewares\ST\STM32_Cryptographic\lib" --specs=nano.specs -mfloat-abi=soft -mthumb -Wl,--start-group -lc -lm -Wl,--end-group
Finished building target: NUCLEO-F103RB_FreeRTOS_CMSIS.elf
 
arm-none-eabi-size  NUCLEO-F103RB_FreeRTOS_CMSIS.elf 
arm-none-eabi-objdump -h -S NUCLEO-F103RB_FreeRTOS_CMSIS.elf  > "NUCLEO-F103RB_FreeRTOS_CMSIS.list"
   text	   data	    bss	    dec	    hex	filename
  33972	    172	  14488	  48632	   bdf8	NUCLEO-F103RB_FreeRTOS_CMSIS.elf
Finished building: default.size.stdout
 
Finished building: NUCLEO-F103RB_FreeRTOS_CMSIS.list
 
17:51:57 **** Incremental Build of configuration Debug for project NUCLEO-F103RB_FreeRTOS_CMSIS ****
make -j8 all 
arm-none-eabi-gcc "../Core/Src/main.c" -mcpu=cortex-m3 -std=gnu11 -g3 -DDEBUG -DUSE_HAL_DRIVER -DSTM32F103xB -c -I../Core/Inc -I../Drivers/STM32F1xx_HAL_Driver/Inc -I../Drivers/STM32F1xx_HAL_Driver/Inc/Legacy -I../Drivers/CMSIS/Device/ST/STM32F1xx/Include -I../Drivers/CMSIS/Include -I../Middlewares/Third_Party/FreeRTOS/Source/include -I../Middlewares/Third_Party/FreeRTOS/Source/CMSIS_RTOS_V2 -I../Middlewares/Third_Party/FreeRTOS/Source/portable/GCC/ARM_CM3 -I../Middlewares/ST/STM32_Cryptographic/include -O0 -ffunction-sections -fdata-sections -Wall -fstack-usage -fcyclomatic-complexity -MMD -MP -MF"Core/Src/main.d" -MT"Core/Src/main.o" --specs=nano.specs -mfloat-abi=soft -mthumb -o "Core/Src/main.o"
arm-none-eabi-gcc -o "NUCLEO-F103RB_FreeRTOS_CMSIS.elf" @"objects.list"  -lSTM32Cryptographic_CM0_CM0PLUS -mcpu=cortex-m3 -T"D:\STM32\workspace\NUCLEO-F103RB_FreeRTOS_CMSIS\STM32F103RBTX_FLASH.ld" --specs=nosys.specs -Wl,-Map="NUCLEO-F103RB_FreeRTOS_CMSIS.map" -Wl,--gc-sections -static -L"D:\STM32\STM_Firmware_Lib\STM32CubeExpansion_Crypto_V4.4.0\Middlewares\ST\STM32_Cryptographic\lib" --specs=nano.specs -mfloat-abi=soft -mthumb -Wl,--start-group -lc -lm -Wl,--end-group
Finished building target: NUCLEO-F103RB_FreeRTOS_CMSIS.elf
 
arm-none-eabi-size  NUCLEO-F103RB_FreeRTOS_CMSIS.elf 
arm-none-eabi-objdump -h -S NUCLEO-F103RB_FreeRTOS_CMSIS.elf  > "NUCLEO-F103RB_FreeRTOS_CMSIS.list"
   text	   data	    bss	    dec	    hex	filename
  34012	    172	  14488	  48672	   be20	NUCLEO-F103RB_FreeRTOS_CMSIS.elf
Finished building: default.size.stdout
 
Finished building: NUCLEO-F103RB_FreeRTOS_CMSIS.list
 
17:52:54 **** Incremental Build of configuration Debug for project NUCLEO-F103RB_FreeRTOS_CMSIS ****
make -j8 all 
arm-none-eabi-gcc "../Core/Src/main.c" -mcpu=cortex-m3 -std=gnu11 -g3 -DDEBUG -DUSE_HAL_DRIVER -DSTM32F103xB -c -I../Core/Inc -I../Drivers/STM32F1xx_HAL_Driver/Inc -I../Drivers/STM32F1xx_HAL_Driver/Inc/Legacy -I../Drivers/CMSIS/Device/ST/STM32F1xx/Include -I../Drivers/CMSIS/Include -I../Middlewares/Third_Party/FreeRTOS/Source/include -I../Middlewares/Third_Party/FreeRTOS/Source/CMSIS_RTOS_V2 -I../Middlewares/Third_Party/FreeRTOS/Source/portable/GCC/ARM_CM3 -I../Middlewares/ST/STM32_Cryptographic/include -O0 -ffunction-sections -fdata-sections -Wall -fstack-usage -fcyclomatic-complexity -MMD -MP -MF"Core/Src/main.d" -MT"Core/Src/main.o" --specs=nano.specs -mfloat-abi=soft -mthumb -o "Core/Src/main.o"
arm-none-eabi-gcc -o "NUCLEO-F103RB_FreeRTOS_CMSIS.elf" @"objects.list"  -lSTM32Cryptographic_CM0_CM0PLUS -mcpu=cortex-m3 -T"D:\STM32\workspace\NUCLEO-F103RB_FreeRTOS_CMSIS\STM32F103RBTX_FLASH.ld" --specs=nosys.specs -Wl,-Map="NUCLEO-F103RB_FreeRTOS_CMSIS.map" -Wl,--gc-sections -static -L"D:\STM32\STM_Firmware_Lib\STM32CubeExpansion_Crypto_V4.4.0\Middlewares\ST\STM32_Cryptographic\lib" --specs=nano.specs -mfloat-abi=soft -mthumb -Wl,--start-group -lc -lm -Wl,--end-group
Finished building target: NUCLEO-F103RB_FreeRTOS_CMSIS.elf
 
arm-none-eabi-size  NUCLEO-F103RB_FreeRTOS_CMSIS.elf 
arm-none-eabi-objdump -h -S NUCLEO-F103RB_FreeRTOS_CMSIS.elf  > "NUCLEO-F103RB_FreeRTOS_CMSIS.list"
   text	   data	    bss	    dec	    hex	filename
  33972	    172	  14488	  48632	   bdf8	NUCLEO-F103RB_FreeRTOS_CMSIS.elf
Finished building: default.size.stdout
 
Finished building: NUCLEO-F103RB_FreeRTOS_CMSIS.list
 
17:54:58 **** Incremental Build of configuration Debug for project NUCLEO-F103RB_FreeRTOS_CMSIS ****
make -j8 all 
arm-none-eabi-gcc "../Core/Src/main.c" -mcpu=cortex-m3 -std=gnu11 -g3 -DDEBUG -DUSE_HAL_DRIVER -DSTM32F103xB -c -I../Core/Inc -I../Drivers/STM32F1xx_HAL_Driver/Inc -I../Drivers/STM32F1xx_HAL_Driver/Inc/Legacy -I../Drivers/CMSIS/Device/ST/STM32F1xx/Include -I../Drivers/CMSIS/Include -I../Middlewares/Third_Party/FreeRTOS/Source/include -I../Middlewares/Third_Party/FreeRTOS/Source/CMSIS_RTOS_V2 -I../Middlewares/Third_Party/FreeRTOS/Source/portable/GCC/ARM_CM3 -I../Middlewares/ST/STM32_Cryptographic/include -O0 -ffunction-sections -fdata-sections -Wall -fstack-usage -fcyclomatic-complexity -MMD -MP -MF"Core/Src/main.d" -MT"Core/Src/main.o" --specs=nano.specs -mfloat-abi=soft -mthumb -o "Core/Src/main.o"
arm-none-eabi-gcc -o "NUCLEO-F103RB_FreeRTOS_CMSIS.elf" @"objects.list"  -lSTM32Cryptographic_CM0_CM0PLUS -mcpu=cortex-m3 -T"D:\STM32\workspace\NUCLEO-F103RB_FreeRTOS_CMSIS\STM32F103RBTX_FLASH.ld" --specs=nosys.specs -Wl,-Map="NUCLEO-F103RB_FreeRTOS_CMSIS.map" -Wl,--gc-sections -static -L"D:\STM32\STM_Firmware_Lib\STM32CubeExpansion_Crypto_V4.4.0\Middlewares\ST\STM32_Cryptographic\lib" --specs=nano.specs -mfloat-abi=soft -mthumb -Wl,--start-group -lc -lm -Wl,--end-group
Finished building target: NUCLEO-F103RB_FreeRTOS_CMSIS.elf
 
arm-none-eabi-size  NUCLEO-F103RB_FreeRTOS_CMSIS.elf 
arm-none-eabi-objdump -h -S NUCLEO-F103RB_FreeRTOS_CMSIS.elf  > "NUCLEO-F103RB_FreeRTOS_CMSIS.list"
   text	   data	    bss	    dec	    hex	filename
  34004	    172	  14488	  48664	   be18	NUCLEO-F103RB_FreeRTOS_CMSIS.elf
Finished building: default.size.stdout
 
Finished building: NUCLEO-F103RB_FreeRTOS_CMSIS.list
 
17:57:11 **** Incremental Build of configuration Debug for project NUCLEO-F103RB_FreeRTOS_CMSIS ****
make -j8 all 
arm-none-eabi-gcc "../Core/Src/main.c" -mcpu=cortex-m3 -std=gnu11 -g3 -DDEBUG -DUSE_HAL_DRIVER -DSTM32F103xB -c -I../Core/Inc -I../Drivers/STM32F1xx_HAL_Driver/Inc -I../Drivers/STM32F1xx_HAL_Driver/Inc/Legacy -I../Drivers/CMSIS/Device/ST/STM32F1xx/Include -I../Drivers/CMSIS/Include -I../Middlewares/Third_Party/FreeRTOS/Source/include -I../Middlewares/Third_Party/FreeRTOS/Source/CMSIS_RTOS_V2 -I../Middlewares/Third_Party/FreeRTOS/Source/portable/GCC/ARM_CM3 -I../Middlewares/ST/STM32_Cryptographic/include -O0 -ffunction-sections -fdata-sections -Wall -fstack-usage -fcyclomatic-complexity -MMD -MP -MF"Core/Src/main.d" -MT"Core/Src/main.o" --specs=nano.specs -mfloat-abi=soft -mthumb -o "Core/Src/main.o"
arm-none-eabi-gcc -o "NUCLEO-F103RB_FreeRTOS_CMSIS.elf" @"objects.list"  -lSTM32Cryptographic_CM0_CM0PLUS -mcpu=cortex-m3 -T"D:\STM32\workspace\NUCLEO-F103RB_FreeRTOS_CMSIS\STM32F103RBTX_FLASH.ld" --specs=nosys.specs -Wl,-Map="NUCLEO-F103RB_FreeRTOS_CMSIS.map" -Wl,--gc-sections -static -L"D:\STM32\STM_Firmware_Lib\STM32CubeExpansion_Crypto_V4.4.0\Middlewares\ST\STM32_Cryptographic\lib" --specs=nano.specs -mfloat-abi=soft -mthumb -Wl,--start-group -lc -lm -Wl,--end-group
Finished building target: NUCLEO-F103RB_FreeRTOS_CMSIS.elf
 
arm-none-eabi-size  NUCLEO-F103RB_FreeRTOS_CMSIS.elf 
arm-none-eabi-objdump -h -S NUCLEO-F103RB_FreeRTOS_CMSIS.elf  > "NUCLEO-F103RB_FreeRTOS_CMSIS.list"
   text	   data	    bss	    dec	    hex	filename
  33988	    172	  14488	  48648	   be08	NUCLEO-F103RB_FreeRTOS_CMSIS.elf
Finished building: default.size.stdout
 
Finished building: NUCLEO-F103RB_FreeRTOS_CMSIS.list
 
17:57:54 **** Incremental Build of configuration Debug for project NUCLEO-F103RB_FreeRTOS_CMSIS ****
make -j8 all 
arm-none-eabi-gcc "../Core/Src/main.c" -mcpu=cortex-m3 -std=gnu11 -g3 -DDEBUG -DUSE_HAL_DRIVER -DSTM32F103xB -c -I../Core/Inc -I../Drivers/STM32F1xx_HAL_Driver/Inc -I../Drivers/STM32F1xx_HAL_Driver/Inc/Legacy -I../Drivers/CMSIS/Device/ST/STM32F1xx/Include -I../Drivers/CMSIS/Include -I../Middlewares/Third_Party/FreeRTOS/Source/include -I../Middlewares/Third_Party/FreeRTOS/Source/CMSIS_RTOS_V2 -I../Middlewares/Third_Party/FreeRTOS/Source/portable/GCC/ARM_CM3 -I../Middlewares/ST/STM32_Cryptographic/include -O0 -ffunction-sections -fdata-sections -Wall -fstack-usage -fcyclomatic-complexity -MMD -MP -MF"Core/Src/main.d" -MT"Core/Src/main.o" --specs=nano.specs -mfloat-abi=soft -mthumb -o "Core/Src/main.o"
arm-none-eabi-gcc -o "NUCLEO-F103RB_FreeRTOS_CMSIS.elf" @"objects.list"  -lSTM32Cryptographic_CM0_CM0PLUS -mcpu=cortex-m3 -T"D:\STM32\workspace\NUCLEO-F103RB_FreeRTOS_CMSIS\STM32F103RBTX_FLASH.ld" --specs=nosys.specs -Wl,-Map="NUCLEO-F103RB_FreeRTOS_CMSIS.map" -Wl,--gc-sections -static -L"D:\STM32\STM_Firmware_Lib\STM32CubeExpansion_Crypto_V4.4.0\Middlewares\ST\STM32_Cryptographic\lib" --specs=nano.specs -mfloat-abi=soft -mthumb -Wl,--start-group -lc -lm -Wl,--end-group
Finished building target: NUCLEO-F103RB_FreeRTOS_CMSIS.elf
 
arm-none-eabi-size  NUCLEO-F103RB_FreeRTOS_CMSIS.elf 
arm-none-eabi-objdump -h -S NUCLEO-F103RB_FreeRTOS_CMSIS.elf  > "NUCLEO-F103RB_FreeRTOS_CMSIS.list"
   text	   data	    bss	    dec	    hex	filename
  33988	    172	  14488	  48648	   be08	NUCLEO-F103RB_FreeRTOS_CMSIS.elf
Finished building: default.size.stdout
 
Finished building: NUCLEO-F103RB_FreeRTOS_CMSIS.list
 
18:05:56 **** Incremental Build of configuration Debug for project NUCLEO-F103RB_FreeRTOS_CMSIS ****
make -j8 all 
arm-none-eabi-gcc "../Core/Src/main.c" -mcpu=cortex-m3 -std=gnu11 -g3 -DDEBUG -DUSE_HAL_DRIVER -DSTM32F103xB -c -I../Core/Inc -I../Drivers/STM32F1xx_HAL_Driver/Inc -I../Drivers/STM32F1xx_HAL_Driver/Inc/Legacy -I../Drivers/CMSIS/Device/ST/STM32F1xx/Include -I../Drivers/CMSIS/Include -I../Middlewares/Third_Party/FreeRTOS/Source/include -I../Middlewares/Third_Party/FreeRTOS/Source/CMSIS_RTOS_V2 -I../Middlewares/Third_Party/FreeRTOS/Source/portable/GCC/ARM_CM3 -I../Middlewares/ST/STM32_Cryptographic/include -O0 -ffunction-sections -fdata-sections -Wall -fstack-usage -fcyclomatic-complexity -MMD -MP -MF"Core/Src/main.d" -MT"Core/Src/main.o" --specs=nano.specs -mfloat-abi=soft -mthumb -o "Core/Src/main.o"
arm-none-eabi-gcc -o "NUCLEO-F103RB_FreeRTOS_CMSIS.elf" @"objects.list"  -lSTM32Cryptographic_CM0_CM0PLUS -mcpu=cortex-m3 -T"D:\STM32\workspace\NUCLEO-F103RB_FreeRTOS_CMSIS\STM32F103RBTX_FLASH.ld" --specs=nosys.specs -Wl,-Map="NUCLEO-F103RB_FreeRTOS_CMSIS.map" -Wl,--gc-sections -static -L"D:\STM32\STM_Firmware_Lib\STM32CubeExpansion_Crypto_V4.4.0\Middlewares\ST\STM32_Cryptographic\lib" --specs=nano.specs -mfloat-abi=soft -mthumb -Wl,--start-group -lc -lm -Wl,--end-group
Finished building target: NUCLEO-F103RB_FreeRTOS_CMSIS.elf
 
arm-none-eabi-size  NUCLEO-F103RB_FreeRTOS_CMSIS.elf 
arm-none-eabi-objdump -h -S NUCLEO-F103RB_FreeRTOS_CMSIS.elf  > "NUCLEO-F103RB_FreeRTOS_CMSIS.list"
   text	   data	    bss	    dec	    hex	filename
  34020	    172	  14488	  48680	   be28	NUCLEO-F103RB_FreeRTOS_CMSIS.elf
Finished building: default.size.stdout
 
Finished building: NUCLEO-F103RB_FreeRTOS_CMSIS.list
 
18:06:37 **** Incremental Build of configuration Debug for project NUCLEO-F103RB_FreeRTOS_CMSIS ****
make -j8 all 
arm-none-eabi-gcc "../Core/Src/main.c" -mcpu=cortex-m3 -std=gnu11 -g3 -DDEBUG -DUSE_HAL_DRIVER -DSTM32F103xB -c -I../Core/Inc -I../Drivers/STM32F1xx_HAL_Driver/Inc -I../Drivers/STM32F1xx_HAL_Driver/Inc/Legacy -I../Drivers/CMSIS/Device/ST/STM32F1xx/Include -I../Drivers/CMSIS/Include -I../Middlewares/Third_Party/FreeRTOS/Source/include -I../Middlewares/Third_Party/FreeRTOS/Source/CMSIS_RTOS_V2 -I../Middlewares/Third_Party/FreeRTOS/Source/portable/GCC/ARM_CM3 -I../Middlewares/ST/STM32_Cryptographic/include -O0 -ffunction-sections -fdata-sections -Wall -fstack-usage -fcyclomatic-complexity -MMD -MP -MF"Core/Src/main.d" -MT"Core/Src/main.o" --specs=nano.specs -mfloat-abi=soft -mthumb -o "Core/Src/main.o"
arm-none-eabi-gcc -o "NUCLEO-F103RB_FreeRTOS_CMSIS.elf" @"objects.list"  -lSTM32Cryptographic_CM0_CM0PLUS -mcpu=cortex-m3 -T"D:\STM32\workspace\NUCLEO-F103RB_FreeRTOS_CMSIS\STM32F103RBTX_FLASH.ld" --specs=nosys.specs -Wl,-Map="NUCLEO-F103RB_FreeRTOS_CMSIS.map" -Wl,--gc-sections -static -L"D:\STM32\STM_Firmware_Lib\STM32CubeExpansion_Crypto_V4.4.0\Middlewares\ST\STM32_Cryptographic\lib" --specs=nano.specs -mfloat-abi=soft -mthumb -Wl,--start-group -lc -lm -Wl,--end-group
Finished building target: NUCLEO-F103RB_FreeRTOS_CMSIS.elf
 
arm-none-eabi-size  NUCLEO-F103RB_FreeRTOS_CMSIS.elf 
arm-none-eabi-objdump -h -S NUCLEO-F103RB_FreeRTOS_CMSIS.elf  > "NUCLEO-F103RB_FreeRTOS_CMSIS.list"
   text	   data	    bss	    dec	    hex	filename
  34036	    172	  14488	  48696	   be38	NUCLEO-F103RB_FreeRTOS_CMSIS.elf
Finished building: default.size.stdout
 
Finished building: NUCLEO-F103RB_FreeRTOS_CMSIS.list
 
18:11:53 **** Incremental Build of configuration Debug for project NUCLEO-F103RB_FreeRTOS_CMSIS ****
make -j8 all 
arm-none-eabi-gcc "../Core/Src/main.c" -mcpu=cortex-m3 -std=gnu11 -g3 -DDEBUG -DUSE_HAL_DRIVER -DSTM32F103xB -c -I../Core/Inc -I../Drivers/STM32F1xx_HAL_Driver/Inc -I../Drivers/STM32F1xx_HAL_Driver/Inc/Legacy -I../Drivers/CMSIS/Device/ST/STM32F1xx/Include -I../Drivers/CMSIS/Include -I../Middlewares/Third_Party/FreeRTOS/Source/include -I../Middlewares/Third_Party/FreeRTOS/Source/CMSIS_RTOS_V2 -I../Middlewares/Third_Party/FreeRTOS/Source/portable/GCC/ARM_CM3 -I../Middlewares/ST/STM32_Cryptographic/include -O0 -ffunction-sections -fdata-sections -Wall -fstack-usage -fcyclomatic-complexity -MMD -MP -MF"Core/Src/main.d" -MT"Core/Src/main.o" --specs=nano.specs -mfloat-abi=soft -mthumb -o "Core/Src/main.o"
arm-none-eabi-gcc -o "NUCLEO-F103RB_FreeRTOS_CMSIS.elf" @"objects.list"  -lSTM32Cryptographic_CM0_CM0PLUS -mcpu=cortex-m3 -T"D:\STM32\workspace\NUCLEO-F103RB_FreeRTOS_CMSIS\STM32F103RBTX_FLASH.ld" --specs=nosys.specs -Wl,-Map="NUCLEO-F103RB_FreeRTOS_CMSIS.map" -Wl,--gc-sections -static -L"D:\STM32\STM_Firmware_Lib\STM32CubeExpansion_Crypto_V4.4.0\Middlewares\ST\STM32_Cryptographic\lib" --specs=nano.specs -mfloat-abi=soft -mthumb -Wl,--start-group -lc -lm -Wl,--end-group
Finished building target: NUCLEO-F103RB_FreeRTOS_CMSIS.elf
 
arm-none-eabi-size  NUCLEO-F103RB_FreeRTOS_CMSIS.elf 
arm-none-eabi-objdump -h -S NUCLEO-F103RB_FreeRTOS_CMSIS.elf  > "NUCLEO-F103RB_FreeRTOS_CMSIS.list"
   text	   data	    bss	    dec	    hex	filename
  33988	    172	  14488	  48648	   be08	NUCLEO-F103RB_FreeRTOS_CMSIS.elf
Finished building: default.size.stdout
 
Finished building: NUCLEO-F103RB_FreeRTOS_CMSIS.list
 
18:17:18 **** Incremental Build of configuration Debug for project NUCLEO-F103RB_FreeRTOS_CMSIS ****
make -j8 all 
arm-none-eabi-gcc "../Core/Src/main.c" -mcpu=cortex-m3 -std=gnu11 -g3 -DDEBUG -DUSE_HAL_DRIVER -DSTM32F103xB -c -I../Core/Inc -I../Drivers/STM32F1xx_HAL_Driver/Inc -I../Drivers/STM32F1xx_HAL_Driver/Inc/Legacy -I../Drivers/CMSIS/Device/ST/STM32F1xx/Include -I../Drivers/CMSIS/Include -I../Middlewares/Third_Party/FreeRTOS/Source/include -I../Middlewares/Third_Party/FreeRTOS/Source/CMSIS_RTOS_V2 -I../Middlewares/Third_Party/FreeRTOS/Source/portable/GCC/ARM_CM3 -I../Middlewares/ST/STM32_Cryptographic/include -O0 -ffunction-sections -fdata-sections -Wall -fstack-usage -fcyclomatic-complexity -MMD -MP -MF"Core/Src/main.d" -MT"Core/Src/main.o" --specs=nano.specs -mfloat-abi=soft -mthumb -o "Core/Src/main.o"
arm-none-eabi-gcc -o "NUCLEO-F103RB_FreeRTOS_CMSIS.elf" @"objects.list"  -lSTM32Cryptographic_CM0_CM0PLUS -mcpu=cortex-m3 -T"D:\STM32\workspace\NUCLEO-F103RB_FreeRTOS_CMSIS\STM32F103RBTX_FLASH.ld" --specs=nosys.specs -Wl,-Map="NUCLEO-F103RB_FreeRTOS_CMSIS.map" -Wl,--gc-sections -static -L"D:\STM32\STM_Firmware_Lib\STM32CubeExpansion_Crypto_V4.4.0\Middlewares\ST\STM32_Cryptographic\lib" --specs=nano.specs -mfloat-abi=soft -mthumb -Wl,--start-group -lc -lm -Wl,--end-group
Finished building target: NUCLEO-F103RB_FreeRTOS_CMSIS.elf
 
arm-none-eabi-size  NUCLEO-F103RB_FreeRTOS_CMSIS.elf 
arm-none-eabi-objdump -h -S NUCLEO-F103RB_FreeRTOS_CMSIS.elf  > "NUCLEO-F103RB_FreeRTOS_CMSIS.list"
   text	   data	    bss	    dec	    hex	filename
  34072	    172	  14488	  48732	   be5c	NUCLEO-F103RB_FreeRTOS_CMSIS.elf
Finished building: default.size.stdout
 
Finished building: NUCLEO-F103RB_FreeRTOS_CMSIS.list
 
18:19:17 **** Incremental Build of configuration Debug for project NUCLEO-F103RB_FreeRTOS_CMSIS ****
make -j8 all 
arm-none-eabi-gcc "../Core/Src/main.c" -mcpu=cortex-m3 -std=gnu11 -g3 -DDEBUG -DUSE_HAL_DRIVER -DSTM32F103xB -c -I../Core/Inc -I../Drivers/STM32F1xx_HAL_Driver/Inc -I../Drivers/STM32F1xx_HAL_Driver/Inc/Legacy -I../Drivers/CMSIS/Device/ST/STM32F1xx/Include -I../Drivers/CMSIS/Include -I../Middlewares/Third_Party/FreeRTOS/Source/include -I../Middlewares/Third_Party/FreeRTOS/Source/CMSIS_RTOS_V2 -I../Middlewares/Third_Party/FreeRTOS/Source/portable/GCC/ARM_CM3 -I../Middlewares/ST/STM32_Cryptographic/include -O0 -ffunction-sections -fdata-sections -Wall -fstack-usage -fcyclomatic-complexity -MMD -MP -MF"Core/Src/main.d" -MT"Core/Src/main.o" --specs=nano.specs -mfloat-abi=soft -mthumb -o "Core/Src/main.o"
arm-none-eabi-gcc -o "NUCLEO-F103RB_FreeRTOS_CMSIS.elf" @"objects.list"  -lSTM32Cryptographic_CM0_CM0PLUS -mcpu=cortex-m3 -T"D:\STM32\workspace\NUCLEO-F103RB_FreeRTOS_CMSIS\STM32F103RBTX_FLASH.ld" --specs=nosys.specs -Wl,-Map="NUCLEO-F103RB_FreeRTOS_CMSIS.map" -Wl,--gc-sections -static -L"D:\STM32\STM_Firmware_Lib\STM32CubeExpansion_Crypto_V4.4.0\Middlewares\ST\STM32_Cryptographic\lib" --specs=nano.specs -mfloat-abi=soft -mthumb -Wl,--start-group -lc -lm -Wl,--end-group
Finished building target: NUCLEO-F103RB_FreeRTOS_CMSIS.elf
 
arm-none-eabi-size  NUCLEO-F103RB_FreeRTOS_CMSIS.elf 
arm-none-eabi-objdump -h -S NUCLEO-F103RB_FreeRTOS_CMSIS.elf  > "NUCLEO-F103RB_FreeRTOS_CMSIS.list"
   text	   data	    bss	    dec	    hex	filename
  34088	    172	  14488	  48748	   be6c	NUCLEO-F103RB_FreeRTOS_CMSIS.elf
Finished building: default.size.stdout
 
Finished building: NUCLEO-F103RB_FreeRTOS_CMSIS.list
 
18:24:05 **** Incremental Build of configuration Debug for project NUCLEO-F103RB_FreeRTOS_CMSIS ****
make -j8 all 
arm-none-eabi-gcc "../Core/Src/main.c" -mcpu=cortex-m3 -std=gnu11 -g3 -DDEBUG -DUSE_HAL_DRIVER -DSTM32F103xB -c -I../Core/Inc -I../Drivers/STM32F1xx_HAL_Driver/Inc -I../Drivers/STM32F1xx_HAL_Driver/Inc/Legacy -I../Drivers/CMSIS/Device/ST/STM32F1xx/Include -I../Drivers/CMSIS/Include -I../Middlewares/Third_Party/FreeRTOS/Source/include -I../Middlewares/Third_Party/FreeRTOS/Source/CMSIS_RTOS_V2 -I../Middlewares/Third_Party/FreeRTOS/Source/portable/GCC/ARM_CM3 -I../Middlewares/ST/STM32_Cryptographic/include -O0 -ffunction-sections -fdata-sections -Wall -fstack-usage -fcyclomatic-complexity -MMD -MP -MF"Core/Src/main.d" -MT"Core/Src/main.o" --specs=nano.specs -mfloat-abi=soft -mthumb -o "Core/Src/main.o"
arm-none-eabi-gcc -o "NUCLEO-F103RB_FreeRTOS_CMSIS.elf" @"objects.list"  -lSTM32Cryptographic_CM0_CM0PLUS -mcpu=cortex-m3 -T"D:\STM32\workspace\NUCLEO-F103RB_FreeRTOS_CMSIS\STM32F103RBTX_FLASH.ld" --specs=nosys.specs -Wl,-Map="NUCLEO-F103RB_FreeRTOS_CMSIS.map" -Wl,--gc-sections -static -L"D:\STM32\STM_Firmware_Lib\STM32CubeExpansion_Crypto_V4.4.0\Middlewares\ST\STM32_Cryptographic\lib" --specs=nano.specs -mfloat-abi=soft -mthumb -Wl,--start-group -lc -lm -Wl,--end-group
Finished building target: NUCLEO-F103RB_FreeRTOS_CMSIS.elf
 
arm-none-eabi-size  NUCLEO-F103RB_FreeRTOS_CMSIS.elf 
arm-none-eabi-objdump -h -S NUCLEO-F103RB_FreeRTOS_CMSIS.elf  > "NUCLEO-F103RB_FreeRTOS_CMSIS.list"
   text	   data	    bss	    dec	    hex	filename
  34052	    172	  14488	  48712	   be48	NUCLEO-F103RB_FreeRTOS_CMSIS.elf
Finished building: default.size.stdout
 
Finished building: NUCLEO-F103RB_FreeRTOS_CMSIS.list
 
20:47:13 **** Incremental Build of configuration Debug for project NUCLEO-F103RB_FreeRTOS_CMSIS ****
make -j8 all 
arm-none-eabi-gcc "../Core/Src/main.c" -mcpu=cortex-m3 -std=gnu11 -g3 -DDEBUG -DUSE_HAL_DRIVER -DSTM32F103xB -c -I../Core/Inc -I../Drivers/STM32F1xx_HAL_Driver/Inc -I../Drivers/STM32F1xx_HAL_Driver/Inc/Legacy -I../Drivers/CMSIS/Device/ST/STM32F1xx/Include -I../Drivers/CMSIS/Include -I../Middlewares/Third_Party/FreeRTOS/Source/include -I../Middlewares/Third_Party/FreeRTOS/Source/CMSIS_RTOS_V2 -I../Middlewares/Third_Party/FreeRTOS/Source/portable/GCC/ARM_CM3 -I../Middlewares/ST/STM32_Cryptographic/include -O0 -ffunction-sections -fdata-sections -Wall -fstack-usage -fcyclomatic-complexity -MMD -MP -MF"Core/Src/main.d" -MT"Core/Src/main.o" --specs=nano.specs -mfloat-abi=soft -mthumb -o "Core/Src/main.o"
../Core/Src/main.c:409:6: error: conflicting types for 'HandleInputKey'; have 'void(char *, uint8_t)' {aka 'void(char *, unsigned char)'}
  409 | void HandleInputKey(char* inputKey, uint8_t len) {
      |      ^~~~~~~~~~~~~~
../Core/Src/main.c:103:6: note: previous declaration of 'HandleInputKey' with type 'void(char *)'
  103 | void HandleInputKey(char* inputKey);
      |      ^~~~~~~~~~~~~~
../Core/Src/main.c: In function 'CompareKeyTask':
../Core/Src/main.c:569:12: warning: unused variable 'index' [-Wunused-variable]
  569 |   uint32_t index;
      |            ^~~~~
../Core/Src/main.c:567:25: warning: unused variable 'cipher_ctx' [-Wunused-variable]
  567 |   cmox_cipher_handle_t *cipher_ctx;
      |                         ^~~~~~~~~~
make: *** [Core/Src/subdir.mk:43: Core/Src/main.o] Error 1
"make -j8 all" terminated with exit code 2. Build might be incomplete.
20:47:39 **** Incremental Build of configuration Debug for project NUCLEO-F103RB_FreeRTOS_CMSIS ****
make -j8 all 
arm-none-eabi-gcc "../Core/Src/main.c" -mcpu=cortex-m3 -std=gnu11 -g3 -DDEBUG -DUSE_HAL_DRIVER -DSTM32F103xB -c -I../Core/Inc -I../Drivers/STM32F1xx_HAL_Driver/Inc -I../Drivers/STM32F1xx_HAL_Driver/Inc/Legacy -I../Drivers/CMSIS/Device/ST/STM32F1xx/Include -I../Drivers/CMSIS/Include -I../Middlewares/Third_Party/FreeRTOS/Source/include -I../Middlewares/Third_Party/FreeRTOS/Source/CMSIS_RTOS_V2 -I../Middlewares/Third_Party/FreeRTOS/Source/portable/GCC/ARM_CM3 -I../Middlewares/ST/STM32_Cryptographic/include -O0 -ffunction-sections -fdata-sections -Wall -fstack-usage -fcyclomatic-complexity -MMD -MP -MF"Core/Src/main.d" -MT"Core/Src/main.o" --specs=nano.specs -mfloat-abi=soft -mthumb -o "Core/Src/main.o"
../Core/Src/main.c: In function 'CompareKeyTask':
../Core/Src/main.c:569:12: warning: unused variable 'index' [-Wunused-variable]
  569 |   uint32_t index;
      |            ^~~~~
../Core/Src/main.c:567:25: warning: unused variable 'cipher_ctx' [-Wunused-variable]
  567 |   cmox_cipher_handle_t *cipher_ctx;
      |                         ^~~~~~~~~~
arm-none-eabi-gcc -o "NUCLEO-F103RB_FreeRTOS_CMSIS.elf" @"objects.list"  -lSTM32Cryptographic_CM0_CM0PLUS -mcpu=cortex-m3 -T"D:\STM32\workspace\NUCLEO-F103RB_FreeRTOS_CMSIS\STM32F103RBTX_FLASH.ld" --specs=nosys.specs -Wl,-Map="NUCLEO-F103RB_FreeRTOS_CMSIS.map" -Wl,--gc-sections -static -L"D:\STM32\STM_Firmware_Lib\STM32CubeExpansion_Crypto_V4.4.0\Middlewares\ST\STM32_Cryptographic\lib" --specs=nano.specs -mfloat-abi=soft -mthumb -Wl,--start-group -lc -lm -Wl,--end-group
Finished building target: NUCLEO-F103RB_FreeRTOS_CMSIS.elf
 
arm-none-eabi-size  NUCLEO-F103RB_FreeRTOS_CMSIS.elf 
arm-none-eabi-objdump -h -S NUCLEO-F103RB_FreeRTOS_CMSIS.elf  > "NUCLEO-F103RB_FreeRTOS_CMSIS.list"
   text	   data	    bss	    dec	    hex	filename
  37128	    188	  14504	  51820	   ca6c	NUCLEO-F103RB_FreeRTOS_CMSIS.elf
Finished building: default.size.stdout
 
Finished building: NUCLEO-F103RB_FreeRTOS_CMSIS.list
 
20:49:38 **** Incremental Build of configuration Debug for project NUCLEO-F103RB_FreeRTOS_CMSIS ****
make -j8 all 
arm-none-eabi-gcc "../Core/Src/main.c" -mcpu=cortex-m3 -std=gnu11 -g3 -DDEBUG -DUSE_HAL_DRIVER -DSTM32F103xB -c -I../Core/Inc -I../Drivers/STM32F1xx_HAL_Driver/Inc -I../Drivers/STM32F1xx_HAL_Driver/Inc/Legacy -I../Drivers/CMSIS/Device/ST/STM32F1xx/Include -I../Drivers/CMSIS/Include -I../Middlewares/Third_Party/FreeRTOS/Source/include -I../Middlewares/Third_Party/FreeRTOS/Source/CMSIS_RTOS_V2 -I../Middlewares/Third_Party/FreeRTOS/Source/portable/GCC/ARM_CM3 -I../Middlewares/ST/STM32_Cryptographic/include -O0 -ffunction-sections -fdata-sections -Wall -fstack-usage -fcyclomatic-complexity -MMD -MP -MF"Core/Src/main.d" -MT"Core/Src/main.o" --specs=nano.specs -mfloat-abi=soft -mthumb -o "Core/Src/main.o"
../Core/Src/main.c: In function 'CompareKeyTask':
../Core/Src/main.c:572:6: error: 'MsgQueue_Obj_t' has no member named 'idx'
  572 |   msg.idx = 2;
      |      ^
make: *** [Core/Src/subdir.mk:43: Core/Src/main.o] Error 1
"make -j8 all" terminated with exit code 2. Build might be incomplete.
20:49:53 **** Incremental Build of configuration Debug for project NUCLEO-F103RB_FreeRTOS_CMSIS ****
make -j8 all 
arm-none-eabi-gcc "../Core/Src/main.c" -mcpu=cortex-m3 -std=gnu11 -g3 -DDEBUG -DUSE_HAL_DRIVER -DSTM32F103xB -c -I../Core/Inc -I../Drivers/STM32F1xx_HAL_Driver/Inc -I../Drivers/STM32F1xx_HAL_Driver/Inc/Legacy -I../Drivers/CMSIS/Device/ST/STM32F1xx/Include -I../Drivers/CMSIS/Include -I../Middlewares/Third_Party/FreeRTOS/Source/include -I../Middlewares/Third_Party/FreeRTOS/Source/CMSIS_RTOS_V2 -I../Middlewares/Third_Party/FreeRTOS/Source/portable/GCC/ARM_CM3 -I../Middlewares/ST/STM32_Cryptographic/include -O0 -ffunction-sections -fdata-sections -Wall -fstack-usage -fcyclomatic-complexity -MMD -MP -MF"Core/Src/main.d" -MT"Core/Src/main.o" --specs=nano.specs -mfloat-abi=soft -mthumb -o "Core/Src/main.o"
arm-none-eabi-gcc -o "NUCLEO-F103RB_FreeRTOS_CMSIS.elf" @"objects.list"  -lSTM32Cryptographic_CM0_CM0PLUS -mcpu=cortex-m3 -T"D:\STM32\workspace\NUCLEO-F103RB_FreeRTOS_CMSIS\STM32F103RBTX_FLASH.ld" --specs=nosys.specs -Wl,-Map="NUCLEO-F103RB_FreeRTOS_CMSIS.map" -Wl,--gc-sections -static -L"D:\STM32\STM_Firmware_Lib\STM32CubeExpansion_Crypto_V4.4.0\Middlewares\ST\STM32_Cryptographic\lib" --specs=nano.specs -mfloat-abi=soft -mthumb -Wl,--start-group -lc -lm -Wl,--end-group
Finished building target: NUCLEO-F103RB_FreeRTOS_CMSIS.elf
 
arm-none-eabi-size  NUCLEO-F103RB_FreeRTOS_CMSIS.elf 
arm-none-eabi-objdump -h -S NUCLEO-F103RB_FreeRTOS_CMSIS.elf  > "NUCLEO-F103RB_FreeRTOS_CMSIS.list"
   text	   data	    bss	    dec	    hex	filename
  37160	    188	  14504	  51852	   ca8c	NUCLEO-F103RB_FreeRTOS_CMSIS.elf
Finished building: default.size.stdout
 
Finished building: NUCLEO-F103RB_FreeRTOS_CMSIS.list
 
20:50:04 **** Incremental Build of configuration Debug for project NUCLEO-F103RB_FreeRTOS_CMSIS ****
make -j8 all 
arm-none-eabi-size  NUCLEO-F103RB_FreeRTOS_CMSIS.elf 
   text	   data	    bss	    dec	    hex	filename
  37160	    188	  14504	  51852	   ca8c	NUCLEO-F103RB_FreeRTOS_CMSIS.elf
Finished building: default.size.stdout
 
20:53:42 **** Incremental Build of configuration Debug for project NUCLEO-F103RB_FreeRTOS_CMSIS ****
make -j8 all 
arm-none-eabi-size  NUCLEO-F103RB_FreeRTOS_CMSIS.elf 
   text	   data	    bss	    dec	    hex	filename
  37160	    188	  14504	  51852	   ca8c	NUCLEO-F103RB_FreeRTOS_CMSIS.elf
Finished building: default.size.stdout
 
20:54:34 **** Incremental Build of configuration Debug for project NUCLEO-F103RB_FreeRTOS_CMSIS ****
make -j8 all 
arm-none-eabi-size  NUCLEO-F103RB_FreeRTOS_CMSIS.elf 
   text	   data	    bss	    dec	    hex	filename
  37160	    188	  14504	  51852	   ca8c	NUCLEO-F103RB_FreeRTOS_CMSIS.elf
Finished building: default.size.stdout
 
20:59:01 **** Incremental Build of configuration Debug for project NUCLEO-F103RB_FreeRTOS_CMSIS ****
make -j8 all 
arm-none-eabi-gcc "../Core/Src/main.c" -mcpu=cortex-m3 -std=gnu11 -g3 -DDEBUG -DUSE_HAL_DRIVER -DSTM32F103xB -c -I../Core/Inc -I../Drivers/STM32F1xx_HAL_Driver/Inc -I../Drivers/STM32F1xx_HAL_Driver/Inc/Legacy -I../Drivers/CMSIS/Device/ST/STM32F1xx/Include -I../Drivers/CMSIS/Include -I../Middlewares/Third_Party/FreeRTOS/Source/include -I../Middlewares/Third_Party/FreeRTOS/Source/CMSIS_RTOS_V2 -I../Middlewares/Third_Party/FreeRTOS/Source/portable/GCC/ARM_CM3 -I../Middlewares/ST/STM32_Cryptographic/include -O0 -ffunction-sections -fdata-sections -Wall -fstack-usage -fcyclomatic-complexity -MMD -MP -MF"Core/Src/main.d" -MT"Core/Src/main.o" --specs=nano.specs -mfloat-abi=soft -mthumb -o "Core/Src/main.o"
arm-none-eabi-gcc -o "NUCLEO-F103RB_FreeRTOS_CMSIS.elf" @"objects.list"  -lSTM32Cryptographic_CM0_CM0PLUS -mcpu=cortex-m3 -T"D:\STM32\workspace\NUCLEO-F103RB_FreeRTOS_CMSIS\STM32F103RBTX_FLASH.ld" --specs=nosys.specs -Wl,-Map="NUCLEO-F103RB_FreeRTOS_CMSIS.map" -Wl,--gc-sections -static -L"D:\STM32\STM_Firmware_Lib\STM32CubeExpansion_Crypto_V4.4.0\Middlewares\ST\STM32_Cryptographic\lib" --specs=nano.specs -mfloat-abi=soft -mthumb -Wl,--start-group -lc -lm -Wl,--end-group
Finished building target: NUCLEO-F103RB_FreeRTOS_CMSIS.elf
 
arm-none-eabi-size  NUCLEO-F103RB_FreeRTOS_CMSIS.elf 
arm-none-eabi-objdump -h -S NUCLEO-F103RB_FreeRTOS_CMSIS.elf  > "NUCLEO-F103RB_FreeRTOS_CMSIS.list"
   text	   data	    bss	    dec	    hex	filename
  37160	    188	  14504	  51852	   ca8c	NUCLEO-F103RB_FreeRTOS_CMSIS.elf
Finished building: default.size.stdout
 
Finished building: NUCLEO-F103RB_FreeRTOS_CMSIS.list
 
21:11:53 **** Incremental Build of configuration Debug for project NUCLEO-F103RB_FreeRTOS_CMSIS ****
make -j8 all 
arm-none-eabi-gcc "../Core/Src/main.c" -mcpu=cortex-m3 -std=gnu11 -g3 -DDEBUG -DUSE_HAL_DRIVER -DSTM32F103xB -c -I../Core/Inc -I../Drivers/STM32F1xx_HAL_Driver/Inc -I../Drivers/STM32F1xx_HAL_Driver/Inc/Legacy -I../Drivers/CMSIS/Device/ST/STM32F1xx/Include -I../Drivers/CMSIS/Include -I../Middlewares/Third_Party/FreeRTOS/Source/include -I../Middlewares/Third_Party/FreeRTOS/Source/CMSIS_RTOS_V2 -I../Middlewares/Third_Party/FreeRTOS/Source/portable/GCC/ARM_CM3 -I../Middlewares/ST/STM32_Cryptographic/include -O0 -ffunction-sections -fdata-sections -Wall -fstack-usage -fcyclomatic-complexity -MMD -MP -MF"Core/Src/main.d" -MT"Core/Src/main.o" --specs=nano.specs -mfloat-abi=soft -mthumb -o "Core/Src/main.o"
../Core/Src/main.c: In function 'CompareKeyTask':
../Core/Src/main.c:612:24: error: 'i' undeclared (first use in this function)
  612 |                   for (i=0; i<LENGTH_OF_SEED_KEY; i++) {
      |                        ^
../Core/Src/main.c:612:24: note: each undeclared identifier is reported only once for each function it appears in
make: *** [Core/Src/subdir.mk:43: Core/Src/main.o] Error 1
"make -j8 all" terminated with exit code 2. Build might be incomplete.
21:12:23 **** Incremental Build of configuration Debug for project NUCLEO-F103RB_FreeRTOS_CMSIS ****
make -j8 all 
arm-none-eabi-gcc "../Core/Src/main.c" -mcpu=cortex-m3 -std=gnu11 -g3 -DDEBUG -DUSE_HAL_DRIVER -DSTM32F103xB -c -I../Core/Inc -I../Drivers/STM32F1xx_HAL_Driver/Inc -I../Drivers/STM32F1xx_HAL_Driver/Inc/Legacy -I../Drivers/CMSIS/Device/ST/STM32F1xx/Include -I../Drivers/CMSIS/Include -I../Middlewares/Third_Party/FreeRTOS/Source/include -I../Middlewares/Third_Party/FreeRTOS/Source/CMSIS_RTOS_V2 -I../Middlewares/Third_Party/FreeRTOS/Source/portable/GCC/ARM_CM3 -I../Middlewares/ST/STM32_Cryptographic/include -O0 -ffunction-sections -fdata-sections -Wall -fstack-usage -fcyclomatic-complexity -MMD -MP -MF"Core/Src/main.d" -MT"Core/Src/main.o" --specs=nano.specs -mfloat-abi=soft -mthumb -o "Core/Src/main.o"
arm-none-eabi-gcc -o "NUCLEO-F103RB_FreeRTOS_CMSIS.elf" @"objects.list"  -lSTM32Cryptographic_CM0_CM0PLUS -mcpu=cortex-m3 -T"D:\STM32\workspace\NUCLEO-F103RB_FreeRTOS_CMSIS\STM32F103RBTX_FLASH.ld" --specs=nosys.specs -Wl,-Map="NUCLEO-F103RB_FreeRTOS_CMSIS.map" -Wl,--gc-sections -static -L"D:\STM32\STM_Firmware_Lib\STM32CubeExpansion_Crypto_V4.4.0\Middlewares\ST\STM32_Cryptographic\lib" --specs=nano.specs -mfloat-abi=soft -mthumb -Wl,--start-group -lc -lm -Wl,--end-group
Finished building target: NUCLEO-F103RB_FreeRTOS_CMSIS.elf
 
arm-none-eabi-size  NUCLEO-F103RB_FreeRTOS_CMSIS.elf 
arm-none-eabi-objdump -h -S NUCLEO-F103RB_FreeRTOS_CMSIS.elf  > "NUCLEO-F103RB_FreeRTOS_CMSIS.list"
   text	   data	    bss	    dec	    hex	filename
  37096	    188	  14504	  51788	   ca4c	NUCLEO-F103RB_FreeRTOS_CMSIS.elf
Finished building: default.size.stdout
 
Finished building: NUCLEO-F103RB_FreeRTOS_CMSIS.list
 
21:12:54 **** Incremental Build of configuration Debug for project NUCLEO-F103RB_FreeRTOS_CMSIS ****
make -j8 all 
arm-none-eabi-size  NUCLEO-F103RB_FreeRTOS_CMSIS.elf 
   text	   data	    bss	    dec	    hex	filename
  37096	    188	  14504	  51788	   ca4c	NUCLEO-F103RB_FreeRTOS_CMSIS.elf
Finished building: default.size.stdout
 
21:14:53 **** Incremental Build of configuration Debug for project NUCLEO-F103RB_FreeRTOS_CMSIS ****
make -j8 all 
arm-none-eabi-gcc "../Core/Src/main.c" -mcpu=cortex-m3 -std=gnu11 -g3 -DDEBUG -DUSE_HAL_DRIVER -DSTM32F103xB -c -I../Core/Inc -I../Drivers/STM32F1xx_HAL_Driver/Inc -I../Drivers/STM32F1xx_HAL_Driver/Inc/Legacy -I../Drivers/CMSIS/Device/ST/STM32F1xx/Include -I../Drivers/CMSIS/Include -I../Middlewares/Third_Party/FreeRTOS/Source/include -I../Middlewares/Third_Party/FreeRTOS/Source/CMSIS_RTOS_V2 -I../Middlewares/Third_Party/FreeRTOS/Source/portable/GCC/ARM_CM3 -I../Middlewares/ST/STM32_Cryptographic/include -O0 -ffunction-sections -fdata-sections -Wall -fstack-usage -fcyclomatic-complexity -MMD -MP -MF"Core/Src/main.d" -MT"Core/Src/main.o" --specs=nano.specs -mfloat-abi=soft -mthumb -o "Core/Src/main.o"
arm-none-eabi-gcc -o "NUCLEO-F103RB_FreeRTOS_CMSIS.elf" @"objects.list"  -lSTM32Cryptographic_CM0_CM0PLUS -mcpu=cortex-m3 -T"D:\STM32\workspace\NUCLEO-F103RB_FreeRTOS_CMSIS\STM32F103RBTX_FLASH.ld" --specs=nosys.specs -Wl,-Map="NUCLEO-F103RB_FreeRTOS_CMSIS.map" -Wl,--gc-sections -static -L"D:\STM32\STM_Firmware_Lib\STM32CubeExpansion_Crypto_V4.4.0\Middlewares\ST\STM32_Cryptographic\lib" --specs=nano.specs -mfloat-abi=soft -mthumb -Wl,--start-group -lc -lm -Wl,--end-group
Finished building target: NUCLEO-F103RB_FreeRTOS_CMSIS.elf
 
arm-none-eabi-size  NUCLEO-F103RB_FreeRTOS_CMSIS.elf 
arm-none-eabi-objdump -h -S NUCLEO-F103RB_FreeRTOS_CMSIS.elf  > "NUCLEO-F103RB_FreeRTOS_CMSIS.list"
   text	   data	    bss	    dec	    hex	filename
  37096	    188	  14504	  51788	   ca4c	NUCLEO-F103RB_FreeRTOS_CMSIS.elf
Finished building: default.size.stdout
 
Finished building: NUCLEO-F103RB_FreeRTOS_CMSIS.list
 
21:16:29 **** Incremental Build of configuration Debug for project NUCLEO-F103RB_FreeRTOS_CMSIS ****
make -j8 all 
arm-none-eabi-gcc "../Core/Src/main.c" -mcpu=cortex-m3 -std=gnu11 -g3 -DDEBUG -DUSE_HAL_DRIVER -DSTM32F103xB -c -I../Core/Inc -I../Drivers/STM32F1xx_HAL_Driver/Inc -I../Drivers/STM32F1xx_HAL_Driver/Inc/Legacy -I../Drivers/CMSIS/Device/ST/STM32F1xx/Include -I../Drivers/CMSIS/Include -I../Middlewares/Third_Party/FreeRTOS/Source/include -I../Middlewares/Third_Party/FreeRTOS/Source/CMSIS_RTOS_V2 -I../Middlewares/Third_Party/FreeRTOS/Source/portable/GCC/ARM_CM3 -I../Middlewares/ST/STM32_Cryptographic/include -O0 -ffunction-sections -fdata-sections -Wall -fstack-usage -fcyclomatic-complexity -MMD -MP -MF"Core/Src/main.d" -MT"Core/Src/main.o" --specs=nano.specs -mfloat-abi=soft -mthumb -o "Core/Src/main.o"
../Core/Src/main.c: In function 'CompareKeyTask':
../Core/Src/main.c:573:11: warning: unused variable 'i' [-Wunused-variable]
  573 |   uint8_t i;
      |           ^
arm-none-eabi-gcc -o "NUCLEO-F103RB_FreeRTOS_CMSIS.elf" @"objects.list"  -lSTM32Cryptographic_CM0_CM0PLUS -mcpu=cortex-m3 -T"D:\STM32\workspace\NUCLEO-F103RB_FreeRTOS_CMSIS\STM32F103RBTX_FLASH.ld" --specs=nosys.specs -Wl,-Map="NUCLEO-F103RB_FreeRTOS_CMSIS.map" -Wl,--gc-sections -static -L"D:\STM32\STM_Firmware_Lib\STM32CubeExpansion_Crypto_V4.4.0\Middlewares\ST\STM32_Cryptographic\lib" --specs=nano.specs -mfloat-abi=soft -mthumb -Wl,--start-group -lc -lm -Wl,--end-group
Finished building target: NUCLEO-F103RB_FreeRTOS_CMSIS.elf
 
arm-none-eabi-size  NUCLEO-F103RB_FreeRTOS_CMSIS.elf 
arm-none-eabi-objdump -h -S NUCLEO-F103RB_FreeRTOS_CMSIS.elf  > "NUCLEO-F103RB_FreeRTOS_CMSIS.list"
   text	   data	    bss	    dec	    hex	filename
  37132	    188	  14504	  51824	   ca70	NUCLEO-F103RB_FreeRTOS_CMSIS.elf
Finished building: default.size.stdout
 
Finished building: NUCLEO-F103RB_FreeRTOS_CMSIS.list
 
21:18:39 **** Incremental Build of configuration Debug for project NUCLEO-F103RB_FreeRTOS_CMSIS ****
make -j8 all 
arm-none-eabi-gcc "../Core/Src/main.c" -mcpu=cortex-m3 -std=gnu11 -g3 -DDEBUG -DUSE_HAL_DRIVER -DSTM32F103xB -c -I../Core/Inc -I../Drivers/STM32F1xx_HAL_Driver/Inc -I../Drivers/STM32F1xx_HAL_Driver/Inc/Legacy -I../Drivers/CMSIS/Device/ST/STM32F1xx/Include -I../Drivers/CMSIS/Include -I../Middlewares/Third_Party/FreeRTOS/Source/include -I../Middlewares/Third_Party/FreeRTOS/Source/CMSIS_RTOS_V2 -I../Middlewares/Third_Party/FreeRTOS/Source/portable/GCC/ARM_CM3 -I../Middlewares/ST/STM32_Cryptographic/include -O0 -ffunction-sections -fdata-sections -Wall -fstack-usage -fcyclomatic-complexity -MMD -MP -MF"Core/Src/main.d" -MT"Core/Src/main.o" --specs=nano.specs -mfloat-abi=soft -mthumb -o "Core/Src/main.o"
arm-none-eabi-gcc -o "NUCLEO-F103RB_FreeRTOS_CMSIS.elf" @"objects.list"  -lSTM32Cryptographic_CM0_CM0PLUS -mcpu=cortex-m3 -T"D:\STM32\workspace\NUCLEO-F103RB_FreeRTOS_CMSIS\STM32F103RBTX_FLASH.ld" --specs=nosys.specs -Wl,-Map="NUCLEO-F103RB_FreeRTOS_CMSIS.map" -Wl,--gc-sections -static -L"D:\STM32\STM_Firmware_Lib\STM32CubeExpansion_Crypto_V4.4.0\Middlewares\ST\STM32_Cryptographic\lib" --specs=nano.specs -mfloat-abi=soft -mthumb -Wl,--start-group -lc -lm -Wl,--end-group
Finished building target: NUCLEO-F103RB_FreeRTOS_CMSIS.elf
 
arm-none-eabi-size  NUCLEO-F103RB_FreeRTOS_CMSIS.elf 
arm-none-eabi-objdump -h -S NUCLEO-F103RB_FreeRTOS_CMSIS.elf  > "NUCLEO-F103RB_FreeRTOS_CMSIS.list"
   text	   data	    bss	    dec	    hex	filename
  37096	    188	  14504	  51788	   ca4c	NUCLEO-F103RB_FreeRTOS_CMSIS.elf
Finished building: default.size.stdout
 
Finished building: NUCLEO-F103RB_FreeRTOS_CMSIS.list
 
21:18:44 **** Incremental Build of configuration Debug for project NUCLEO-F103RB_FreeRTOS_CMSIS ****
make -j8 all 
arm-none-eabi-size  NUCLEO-F103RB_FreeRTOS_CMSIS.elf 
   text	   data	    bss	    dec	    hex	filename
  37096	    188	  14504	  51788	   ca4c	NUCLEO-F103RB_FreeRTOS_CMSIS.elf
Finished building: default.size.stdout
 
21:24:20 **** Incremental Build of configuration Debug for project NUCLEO-F103RB_FreeRTOS_CMSIS ****
make -j8 all 
arm-none-eabi-gcc "../Core/Src/main.c" -mcpu=cortex-m3 -std=gnu11 -g3 -DDEBUG -DUSE_HAL_DRIVER -DSTM32F103xB -c -I../Core/Inc -I../Drivers/STM32F1xx_HAL_Driver/Inc -I../Drivers/STM32F1xx_HAL_Driver/Inc/Legacy -I../Drivers/CMSIS/Device/ST/STM32F1xx/Include -I../Drivers/CMSIS/Include -I../Middlewares/Third_Party/FreeRTOS/Source/include -I../Middlewares/Third_Party/FreeRTOS/Source/CMSIS_RTOS_V2 -I../Middlewares/Third_Party/FreeRTOS/Source/portable/GCC/ARM_CM3 -I../Middlewares/ST/STM32_Cryptographic/include -O0 -ffunction-sections -fdata-sections -Wall -fstack-usage -fcyclomatic-complexity -MMD -MP -MF"Core/Src/main.d" -MT"Core/Src/main.o" --specs=nano.specs -mfloat-abi=soft -mthumb -o "Core/Src/main.o"
../Core/Src/main.c: In function 'main':
../Core/Src/main.c:203:18: warning: passing argument 1 of 'HandleInputKey' discards 'const' qualifier from pointer target type [-Wdiscarded-qualifiers]
  203 |   HandleInputKey(&testKey[3], strlen(&testKey[3]));
      |                  ^~~~~~~~~~~
../Core/Src/main.c:103:27: note: expected 'char *' but argument is of type 'const char *'
  103 | void HandleInputKey(char* inputKey, uint8_t len);
      |                     ~~~~~~^~~~~~~~
../Core/Src/main.c:203:38: warning: 'strlen' argument missing terminating nul [-Wstringop-overread]
  203 |   HandleInputKey(&testKey[3], strlen(&testKey[3]));
      |                                      ^~~~~~~~~~~
../Core/Src/main.c:111:12: note: referenced argument declared here
  111 | const char testKey[LENGTH_OF_SEED_KEY*2+3] = {"key80df00ca058aba5ea509bfa73d00f167"};
      |            ^~~~~~~
arm-none-eabi-gcc -o "NUCLEO-F103RB_FreeRTOS_CMSIS.elf" @"objects.list"  -lSTM32Cryptographic_CM0_CM0PLUS -mcpu=cortex-m3 -T"D:\STM32\workspace\NUCLEO-F103RB_FreeRTOS_CMSIS\STM32F103RBTX_FLASH.ld" --specs=nosys.specs -Wl,-Map="NUCLEO-F103RB_FreeRTOS_CMSIS.map" -Wl,--gc-sections -static -L"D:\STM32\STM_Firmware_Lib\STM32CubeExpansion_Crypto_V4.4.0\Middlewares\ST\STM32_Cryptographic\lib" --specs=nano.specs -mfloat-abi=soft -mthumb -Wl,--start-group -lc -lm -Wl,--end-group
Finished building target: NUCLEO-F103RB_FreeRTOS_CMSIS.elf
 
arm-none-eabi-size  NUCLEO-F103RB_FreeRTOS_CMSIS.elf 
arm-none-eabi-objdump -h -S NUCLEO-F103RB_FreeRTOS_CMSIS.elf  > "NUCLEO-F103RB_FreeRTOS_CMSIS.list"
   text	   data	    bss	    dec	    hex	filename
  37164	    188	  14504	  51856	   ca90	NUCLEO-F103RB_FreeRTOS_CMSIS.elf
Finished building: default.size.stdout
 
Finished building: NUCLEO-F103RB_FreeRTOS_CMSIS.list
 
21:26:55 **** Incremental Build of configuration Debug for project NUCLEO-F103RB_FreeRTOS_CMSIS ****
make -j8 all 
arm-none-eabi-gcc "../Core/Src/main.c" -mcpu=cortex-m3 -std=gnu11 -g3 -DDEBUG -DUSE_HAL_DRIVER -DSTM32F103xB -c -I../Core/Inc -I../Drivers/STM32F1xx_HAL_Driver/Inc -I../Drivers/STM32F1xx_HAL_Driver/Inc/Legacy -I../Drivers/CMSIS/Device/ST/STM32F1xx/Include -I../Drivers/CMSIS/Include -I../Middlewares/Third_Party/FreeRTOS/Source/include -I../Middlewares/Third_Party/FreeRTOS/Source/CMSIS_RTOS_V2 -I../Middlewares/Third_Party/FreeRTOS/Source/portable/GCC/ARM_CM3 -I../Middlewares/ST/STM32_Cryptographic/include -O0 -ffunction-sections -fdata-sections -Wall -fstack-usage -fcyclomatic-complexity -MMD -MP -MF"Core/Src/main.d" -MT"Core/Src/main.o" --specs=nano.specs -mfloat-abi=soft -mthumb -o "Core/Src/main.o"
../Core/Src/main.c: In function 'main':
../Core/Src/main.c:203:18: warning: passing argument 1 of 'HandleInputKey' discards 'const' qualifier from pointer target type [-Wdiscarded-qualifiers]
  203 |   HandleInputKey(&testKey[3], strlen(&testKey[3]));
      |                  ^~~~~~~~~~~
../Core/Src/main.c:103:27: note: expected 'char *' but argument is of type 'const char *'
  103 | void HandleInputKey(char* inputKey, uint8_t len);
      |                     ~~~~~~^~~~~~~~
../Core/Src/main.c:203:38: warning: 'strlen' argument missing terminating nul [-Wstringop-overread]
  203 |   HandleInputKey(&testKey[3], strlen(&testKey[3]));
      |                                      ^~~~~~~~~~~
../Core/Src/main.c:111:12: note: referenced argument declared here
  111 | const char testKey[LENGTH_OF_SEED_KEY*2+3] = {"key80df00ca058aba5ea509bfa73d00f167"};
      |            ^~~~~~~
arm-none-eabi-gcc -o "NUCLEO-F103RB_FreeRTOS_CMSIS.elf" @"objects.list"  -lSTM32Cryptographic_CM0_CM0PLUS -mcpu=cortex-m3 -T"D:\STM32\workspace\NUCLEO-F103RB_FreeRTOS_CMSIS\STM32F103RBTX_FLASH.ld" --specs=nosys.specs -Wl,-Map="NUCLEO-F103RB_FreeRTOS_CMSIS.map" -Wl,--gc-sections -static -L"D:\STM32\STM_Firmware_Lib\STM32CubeExpansion_Crypto_V4.4.0\Middlewares\ST\STM32_Cryptographic\lib" --specs=nano.specs -mfloat-abi=soft -mthumb -Wl,--start-group -lc -lm -Wl,--end-group
Finished building target: NUCLEO-F103RB_FreeRTOS_CMSIS.elf
 
arm-none-eabi-size  NUCLEO-F103RB_FreeRTOS_CMSIS.elf 
arm-none-eabi-objdump -h -S NUCLEO-F103RB_FreeRTOS_CMSIS.elf  > "NUCLEO-F103RB_FreeRTOS_CMSIS.list"
   text	   data	    bss	    dec	    hex	filename
  37164	    188	  14504	  51856	   ca90	NUCLEO-F103RB_FreeRTOS_CMSIS.elf
Finished building: default.size.stdout
 
Finished building: NUCLEO-F103RB_FreeRTOS_CMSIS.list
 
21:28:29 **** Incremental Build of configuration Debug for project NUCLEO-F103RB_FreeRTOS_CMSIS ****
make -j8 all 
arm-none-eabi-gcc "../Core/Src/main.c" -mcpu=cortex-m3 -std=gnu11 -g3 -DDEBUG -DUSE_HAL_DRIVER -DSTM32F103xB -c -I../Core/Inc -I../Drivers/STM32F1xx_HAL_Driver/Inc -I../Drivers/STM32F1xx_HAL_Driver/Inc/Legacy -I../Drivers/CMSIS/Device/ST/STM32F1xx/Include -I../Drivers/CMSIS/Include -I../Middlewares/Third_Party/FreeRTOS/Source/include -I../Middlewares/Third_Party/FreeRTOS/Source/CMSIS_RTOS_V2 -I../Middlewares/Third_Party/FreeRTOS/Source/portable/GCC/ARM_CM3 -I../Middlewares/ST/STM32_Cryptographic/include -O0 -ffunction-sections -fdata-sections -Wall -fstack-usage -fcyclomatic-complexity -MMD -MP -MF"Core/Src/main.d" -MT"Core/Src/main.o" --specs=nano.specs -mfloat-abi=soft -mthumb -o "Core/Src/main.o"
../Core/Src/main.c: In function 'main':
../Core/Src/main.c:203:18: warning: passing argument 1 of 'HandleInputKey' discards 'const' qualifier from pointer target type [-Wdiscarded-qualifiers]
  203 |   HandleInputKey(&testKey[3], (uint8_t)strlen(&testKey[3]));
      |                  ^~~~~~~~~~~
../Core/Src/main.c:103:27: note: expected 'char *' but argument is of type 'const char *'
  103 | void HandleInputKey(char* inputKey, uint8_t len);
      |                     ~~~~~~^~~~~~~~
../Core/Src/main.c:203:47: warning: 'strlen' argument missing terminating nul [-Wstringop-overread]
  203 |   HandleInputKey(&testKey[3], (uint8_t)strlen(&testKey[3]));
      |                                               ^~~~~~~~~~~
../Core/Src/main.c:111:12: note: referenced argument declared here
  111 | const char testKey[LENGTH_OF_SEED_KEY*2+3] = {"key80df00ca058aba5ea509bfa73d00f167"};
      |            ^~~~~~~
arm-none-eabi-gcc -o "NUCLEO-F103RB_FreeRTOS_CMSIS.elf" @"objects.list"  -lSTM32Cryptographic_CM0_CM0PLUS -mcpu=cortex-m3 -T"D:\STM32\workspace\NUCLEO-F103RB_FreeRTOS_CMSIS\STM32F103RBTX_FLASH.ld" --specs=nosys.specs -Wl,-Map="NUCLEO-F103RB_FreeRTOS_CMSIS.map" -Wl,--gc-sections -static -L"D:\STM32\STM_Firmware_Lib\STM32CubeExpansion_Crypto_V4.4.0\Middlewares\ST\STM32_Cryptographic\lib" --specs=nano.specs -mfloat-abi=soft -mthumb -Wl,--start-group -lc -lm -Wl,--end-group
Finished building target: NUCLEO-F103RB_FreeRTOS_CMSIS.elf
 
arm-none-eabi-size  NUCLEO-F103RB_FreeRTOS_CMSIS.elf 
arm-none-eabi-objdump -h -S NUCLEO-F103RB_FreeRTOS_CMSIS.elf  > "NUCLEO-F103RB_FreeRTOS_CMSIS.list"
   text	   data	    bss	    dec	    hex	filename
  37164	    188	  14504	  51856	   ca90	NUCLEO-F103RB_FreeRTOS_CMSIS.elf
Finished building: default.size.stdout
 
Finished building: NUCLEO-F103RB_FreeRTOS_CMSIS.list
 
21:30:49 **** Incremental Build of configuration Debug for project NUCLEO-F103RB_FreeRTOS_CMSIS ****
make -j8 all 
arm-none-eabi-gcc "../Core/Src/main.c" -mcpu=cortex-m3 -std=gnu11 -g3 -DDEBUG -DUSE_HAL_DRIVER -DSTM32F103xB -c -I../Core/Inc -I../Drivers/STM32F1xx_HAL_Driver/Inc -I../Drivers/STM32F1xx_HAL_Driver/Inc/Legacy -I../Drivers/CMSIS/Device/ST/STM32F1xx/Include -I../Drivers/CMSIS/Include -I../Middlewares/Third_Party/FreeRTOS/Source/include -I../Middlewares/Third_Party/FreeRTOS/Source/CMSIS_RTOS_V2 -I../Middlewares/Third_Party/FreeRTOS/Source/portable/GCC/ARM_CM3 -I../Middlewares/ST/STM32_Cryptographic/include -O0 -ffunction-sections -fdata-sections -Wall -fstack-usage -fcyclomatic-complexity -MMD -MP -MF"Core/Src/main.d" -MT"Core/Src/main.o" --specs=nano.specs -mfloat-abi=soft -mthumb -o "Core/Src/main.o"
../Core/Src/main.c: In function 'main':
../Core/Src/main.c:203:18: warning: passing argument 1 of 'HandleInputKey' discards 'const' qualifier from pointer target type [-Wdiscarded-qualifiers]
  203 |   HandleInputKey(&testKey[3], (uint8_t)strlen(&testKey[3]));
      |                  ^~~~~~~~~~~
../Core/Src/main.c:103:27: note: expected 'char *' but argument is of type 'const char *'
  103 | void HandleInputKey(char* inputKey, uint8_t len);
      |                     ~~~~~~^~~~~~~~
../Core/Src/main.c:203:47: warning: 'strlen' argument missing terminating nul [-Wstringop-overread]
  203 |   HandleInputKey(&testKey[3], (uint8_t)strlen(&testKey[3]));
      |                                               ^~~~~~~~~~~
../Core/Src/main.c:111:12: note: referenced argument declared here
  111 | const char testKey[LENGTH_OF_SEED_KEY*2+3] = "key80df00ca058aba5ea509bfa73d00f167";
      |            ^~~~~~~
arm-none-eabi-gcc -o "NUCLEO-F103RB_FreeRTOS_CMSIS.elf" @"objects.list"  -lSTM32Cryptographic_CM0_CM0PLUS -mcpu=cortex-m3 -T"D:\STM32\workspace\NUCLEO-F103RB_FreeRTOS_CMSIS\STM32F103RBTX_FLASH.ld" --specs=nosys.specs -Wl,-Map="NUCLEO-F103RB_FreeRTOS_CMSIS.map" -Wl,--gc-sections -static -L"D:\STM32\STM_Firmware_Lib\STM32CubeExpansion_Crypto_V4.4.0\Middlewares\ST\STM32_Cryptographic\lib" --specs=nano.specs -mfloat-abi=soft -mthumb -Wl,--start-group -lc -lm -Wl,--end-group
Finished building target: NUCLEO-F103RB_FreeRTOS_CMSIS.elf
 
arm-none-eabi-size  NUCLEO-F103RB_FreeRTOS_CMSIS.elf 
arm-none-eabi-objdump -h -S NUCLEO-F103RB_FreeRTOS_CMSIS.elf  > "NUCLEO-F103RB_FreeRTOS_CMSIS.list"
   text	   data	    bss	    dec	    hex	filename
  37164	    188	  14504	  51856	   ca90	NUCLEO-F103RB_FreeRTOS_CMSIS.elf
Finished building: default.size.stdout
 
Finished building: NUCLEO-F103RB_FreeRTOS_CMSIS.list
 
21:33:17 **** Incremental Build of configuration Debug for project NUCLEO-F103RB_FreeRTOS_CMSIS ****
make -j8 all 
arm-none-eabi-gcc "../Core/Src/main.c" -mcpu=cortex-m3 -std=gnu11 -g3 -DDEBUG -DUSE_HAL_DRIVER -DSTM32F103xB -c -I../Core/Inc -I../Drivers/STM32F1xx_HAL_Driver/Inc -I../Drivers/STM32F1xx_HAL_Driver/Inc/Legacy -I../Drivers/CMSIS/Device/ST/STM32F1xx/Include -I../Drivers/CMSIS/Include -I../Middlewares/Third_Party/FreeRTOS/Source/include -I../Middlewares/Third_Party/FreeRTOS/Source/CMSIS_RTOS_V2 -I../Middlewares/Third_Party/FreeRTOS/Source/portable/GCC/ARM_CM3 -I../Middlewares/ST/STM32_Cryptographic/include -O0 -ffunction-sections -fdata-sections -Wall -fstack-usage -fcyclomatic-complexity -MMD -MP -MF"Core/Src/main.d" -MT"Core/Src/main.o" --specs=nano.specs -mfloat-abi=soft -mthumb -o "Core/Src/main.o"
../Core/Src/main.c: In function 'main':
../Core/Src/main.c:203:18: warning: passing argument 1 of 'HandleInputKey' discards 'const' qualifier from pointer target type [-Wdiscarded-qualifiers]
  203 |   HandleInputKey(&testKey[3], (uint8_t)strlen(&testKey[3]));
      |                  ^~~~~~~~~~~
../Core/Src/main.c:103:27: note: expected 'char *' but argument is of type 'const char *'
  103 | void HandleInputKey(char* inputKey, uint8_t len);
      |                     ~~~~~~^~~~~~~~
../Core/Src/main.c:203:47: warning: 'strlen' argument missing terminating nul [-Wstringop-overread]
  203 |   HandleInputKey(&testKey[3], (uint8_t)strlen(&testKey[3]));
      |                                               ^~~~~~~~~~~
../Core/Src/main.c:111:12: note: referenced argument declared here
  111 | const char testKey[LENGTH_OF_SEED_KEY*2+3] = "key80df00ca058aba5ea509bfa73d00f167";
      |            ^~~~~~~
../Core/Src/main.c: In function 'HandleInputKey':
../Core/Src/main.c:418:43: error: too few arguments to function 'strtol'
  418 |                 convertedValue = (uint8_t)strtol(hex);
      |                                           ^~~~~~
In file included from ../Middlewares/ST/STM32_Cryptographic/include/rsa/cmox_rsa.h:23,
                 from ../Middlewares/ST/STM32_Cryptographic/include/rsa/cmox_rsa_pkcs1v15.h:27,
                 from ../Middlewares/ST/STM32_Cryptographic/include/cmox_crypto.h:81,
                 from ../Core/Src/main.c:27:
C:\ST\STM32CubeIDE_1.18.0\STM32CubeIDE\plugins\com.st.stm32cube.ide.mcu.externaltools.gnu-tools-for-stm32.13.3.rel1.win32_1.0.0.202411081344\tools\bin/../lib/gcc/arm-none-eabi/13.3.1/../../../../arm-none-eabi/include/stdlib.h:171:9: note: declared here
  171 | long    strtol (const char *__restrict __n, char **__restrict __end_PTR, int __base);
      |         ^~~~~~
make: *** [Core/Src/subdir.mk:43: Core/Src/main.o] Error 1
"make -j8 all" terminated with exit code 2. Build might be incomplete.
21:33:53 **** Incremental Build of configuration Debug for project NUCLEO-F103RB_FreeRTOS_CMSIS ****
make -j8 all 
arm-none-eabi-gcc "../Core/Src/main.c" -mcpu=cortex-m3 -std=gnu11 -g3 -DDEBUG -DUSE_HAL_DRIVER -DSTM32F103xB -c -I../Core/Inc -I../Drivers/STM32F1xx_HAL_Driver/Inc -I../Drivers/STM32F1xx_HAL_Driver/Inc/Legacy -I../Drivers/CMSIS/Device/ST/STM32F1xx/Include -I../Drivers/CMSIS/Include -I../Middlewares/Third_Party/FreeRTOS/Source/include -I../Middlewares/Third_Party/FreeRTOS/Source/CMSIS_RTOS_V2 -I../Middlewares/Third_Party/FreeRTOS/Source/portable/GCC/ARM_CM3 -I../Middlewares/ST/STM32_Cryptographic/include -O0 -ffunction-sections -fdata-sections -Wall -fstack-usage -fcyclomatic-complexity -MMD -MP -MF"Core/Src/main.d" -MT"Core/Src/main.o" --specs=nano.specs -mfloat-abi=soft -mthumb -o "Core/Src/main.o"
../Core/Src/main.c: In function 'main':
../Core/Src/main.c:203:18: warning: passing argument 1 of 'HandleInputKey' discards 'const' qualifier from pointer target type [-Wdiscarded-qualifiers]
  203 |   HandleInputKey(&testKey[3], (uint8_t)strlen(&testKey[3]));
      |                  ^~~~~~~~~~~
../Core/Src/main.c:103:27: note: expected 'char *' but argument is of type 'const char *'
  103 | void HandleInputKey(char* inputKey, uint8_t len);
      |                     ~~~~~~^~~~~~~~
../Core/Src/main.c:203:47: warning: 'strlen' argument missing terminating nul [-Wstringop-overread]
  203 |   HandleInputKey(&testKey[3], (uint8_t)strlen(&testKey[3]));
      |                                               ^~~~~~~~~~~
../Core/Src/main.c:111:12: note: referenced argument declared here
  111 | const char testKey[LENGTH_OF_SEED_KEY*2+3] = "key80df00ca058aba5ea509bfa73d00f167";
      |            ^~~~~~~
arm-none-eabi-gcc -o "NUCLEO-F103RB_FreeRTOS_CMSIS.elf" @"objects.list"  -lSTM32Cryptographic_CM0_CM0PLUS -mcpu=cortex-m3 -T"D:\STM32\workspace\NUCLEO-F103RB_FreeRTOS_CMSIS\STM32F103RBTX_FLASH.ld" --specs=nosys.specs -Wl,-Map="NUCLEO-F103RB_FreeRTOS_CMSIS.map" -Wl,--gc-sections -static -L"D:\STM32\STM_Firmware_Lib\STM32CubeExpansion_Crypto_V4.4.0\Middlewares\ST\STM32_Cryptographic\lib" --specs=nano.specs -mfloat-abi=soft -mthumb -Wl,--start-group -lc -lm -Wl,--end-group
Finished building target: NUCLEO-F103RB_FreeRTOS_CMSIS.elf
 
arm-none-eabi-size  NUCLEO-F103RB_FreeRTOS_CMSIS.elf 
arm-none-eabi-objdump -h -S NUCLEO-F103RB_FreeRTOS_CMSIS.elf  > "NUCLEO-F103RB_FreeRTOS_CMSIS.list"
   text	   data	    bss	    dec	    hex	filename
  37156	    188	  14504	  51848	   ca88	NUCLEO-F103RB_FreeRTOS_CMSIS.elf
Finished building: default.size.stdout
 
Finished building: NUCLEO-F103RB_FreeRTOS_CMSIS.list
 
21:34:01 **** Incremental Build of configuration Debug for project NUCLEO-F103RB_FreeRTOS_CMSIS ****
make -j8 all 
arm-none-eabi-size  NUCLEO-F103RB_FreeRTOS_CMSIS.elf 
   text	   data	    bss	    dec	    hex	filename
  37156	    188	  14504	  51848	   ca88	NUCLEO-F103RB_FreeRTOS_CMSIS.elf
Finished building: default.size.stdout
 
21:36:21 **** Incremental Build of configuration Debug for project NUCLEO-F103RB_FreeRTOS_CMSIS ****
make -j8 all 
arm-none-eabi-gcc "../Core/Src/main.c" -mcpu=cortex-m3 -std=gnu11 -g3 -DDEBUG -DUSE_HAL_DRIVER -DSTM32F103xB -c -I../Core/Inc -I../Drivers/STM32F1xx_HAL_Driver/Inc -I../Drivers/STM32F1xx_HAL_Driver/Inc/Legacy -I../Drivers/CMSIS/Device/ST/STM32F1xx/Include -I../Drivers/CMSIS/Include -I../Middlewares/Third_Party/FreeRTOS/Source/include -I../Middlewares/Third_Party/FreeRTOS/Source/CMSIS_RTOS_V2 -I../Middlewares/Third_Party/FreeRTOS/Source/portable/GCC/ARM_CM3 -I../Middlewares/ST/STM32_Cryptographic/include -O0 -ffunction-sections -fdata-sections -Wall -fstack-usage -fcyclomatic-complexity -MMD -MP -MF"Core/Src/main.d" -MT"Core/Src/main.o" --specs=nano.specs -mfloat-abi=soft -mthumb -o "Core/Src/main.o"
arm-none-eabi-gcc -o "NUCLEO-F103RB_FreeRTOS_CMSIS.elf" @"objects.list"  -lSTM32Cryptographic_CM0_CM0PLUS -mcpu=cortex-m3 -T"D:\STM32\workspace\NUCLEO-F103RB_FreeRTOS_CMSIS\STM32F103RBTX_FLASH.ld" --specs=nosys.specs -Wl,-Map="NUCLEO-F103RB_FreeRTOS_CMSIS.map" -Wl,--gc-sections -static -L"D:\STM32\STM_Firmware_Lib\STM32CubeExpansion_Crypto_V4.4.0\Middlewares\ST\STM32_Cryptographic\lib" --specs=nano.specs -mfloat-abi=soft -mthumb -Wl,--start-group -lc -lm -Wl,--end-group
Finished building target: NUCLEO-F103RB_FreeRTOS_CMSIS.elf
 
arm-none-eabi-size  NUCLEO-F103RB_FreeRTOS_CMSIS.elf 
arm-none-eabi-objdump -h -S NUCLEO-F103RB_FreeRTOS_CMSIS.elf  > "NUCLEO-F103RB_FreeRTOS_CMSIS.list"
   text	   data	    bss	    dec	    hex	filename
  37088	    188	  14504	  51780	   ca44	NUCLEO-F103RB_FreeRTOS_CMSIS.elf
Finished building: default.size.stdout
 
Finished building: NUCLEO-F103RB_FreeRTOS_CMSIS.list
 
21:37:34 **** Incremental Build of configuration Debug for project NUCLEO-F103RB_FreeRTOS_CMSIS ****
make -j8 all 
arm-none-eabi-gcc "../Core/Src/main.c" -mcpu=cortex-m3 -std=gnu11 -g3 -DDEBUG -DUSE_HAL_DRIVER -DSTM32F103xB -c -I../Core/Inc -I../Drivers/STM32F1xx_HAL_Driver/Inc -I../Drivers/STM32F1xx_HAL_Driver/Inc/Legacy -I../Drivers/CMSIS/Device/ST/STM32F1xx/Include -I../Drivers/CMSIS/Include -I../Middlewares/Third_Party/FreeRTOS/Source/include -I../Middlewares/Third_Party/FreeRTOS/Source/CMSIS_RTOS_V2 -I../Middlewares/Third_Party/FreeRTOS/Source/portable/GCC/ARM_CM3 -I../Middlewares/ST/STM32_Cryptographic/include -O0 -ffunction-sections -fdata-sections -Wall -fstack-usage -fcyclomatic-complexity -MMD -MP -MF"Core/Src/main.d" -MT"Core/Src/main.o" --specs=nano.specs -mfloat-abi=soft -mthumb -o "Core/Src/main.o"
../Core/Src/main.c: In function 'CompareKeyTask':
../Core/Src/main.c:577:11: warning: unused variable 'i' [-Wunused-variable]
  577 |   uint8_t i;
      |           ^
arm-none-eabi-gcc -o "NUCLEO-F103RB_FreeRTOS_CMSIS.elf" @"objects.list"  -lSTM32Cryptographic_CM0_CM0PLUS -mcpu=cortex-m3 -T"D:\STM32\workspace\NUCLEO-F103RB_FreeRTOS_CMSIS\STM32F103RBTX_FLASH.ld" --specs=nosys.specs -Wl,-Map="NUCLEO-F103RB_FreeRTOS_CMSIS.map" -Wl,--gc-sections -static -L"D:\STM32\STM_Firmware_Lib\STM32CubeExpansion_Crypto_V4.4.0\Middlewares\ST\STM32_Cryptographic\lib" --specs=nano.specs -mfloat-abi=soft -mthumb -Wl,--start-group -lc -lm -Wl,--end-group
Finished building target: NUCLEO-F103RB_FreeRTOS_CMSIS.elf
 
arm-none-eabi-size  NUCLEO-F103RB_FreeRTOS_CMSIS.elf 
arm-none-eabi-objdump -h -S NUCLEO-F103RB_FreeRTOS_CMSIS.elf  > "NUCLEO-F103RB_FreeRTOS_CMSIS.list"
   text	   data	    bss	    dec	    hex	filename
  37124	    188	  14504	  51816	   ca68	NUCLEO-F103RB_FreeRTOS_CMSIS.elf
Finished building: default.size.stdout
 
Finished building: NUCLEO-F103RB_FreeRTOS_CMSIS.list
 
21:40:52 **** Incremental Build of configuration Debug for project NUCLEO-F103RB_FreeRTOS_CMSIS ****
make -j8 all 
arm-none-eabi-gcc "../Core/Src/main.c" -mcpu=cortex-m3 -std=gnu11 -g3 -DDEBUG -DUSE_HAL_DRIVER -DSTM32F103xB -c -I../Core/Inc -I../Drivers/STM32F1xx_HAL_Driver/Inc -I../Drivers/STM32F1xx_HAL_Driver/Inc/Legacy -I../Drivers/CMSIS/Device/ST/STM32F1xx/Include -I../Drivers/CMSIS/Include -I../Middlewares/Third_Party/FreeRTOS/Source/include -I../Middlewares/Third_Party/FreeRTOS/Source/CMSIS_RTOS_V2 -I../Middlewares/Third_Party/FreeRTOS/Source/portable/GCC/ARM_CM3 -I../Middlewares/ST/STM32_Cryptographic/include -O0 -ffunction-sections -fdata-sections -Wall -fstack-usage -fcyclomatic-complexity -MMD -MP -MF"Core/Src/main.d" -MT"Core/Src/main.o" --specs=nano.specs -mfloat-abi=soft -mthumb -o "Core/Src/main.o"
arm-none-eabi-gcc -o "NUCLEO-F103RB_FreeRTOS_CMSIS.elf" @"objects.list"  -lSTM32Cryptographic_CM0_CM0PLUS -mcpu=cortex-m3 -T"D:\STM32\workspace\NUCLEO-F103RB_FreeRTOS_CMSIS\STM32F103RBTX_FLASH.ld" --specs=nosys.specs -Wl,-Map="NUCLEO-F103RB_FreeRTOS_CMSIS.map" -Wl,--gc-sections -static -L"D:\STM32\STM_Firmware_Lib\STM32CubeExpansion_Crypto_V4.4.0\Middlewares\ST\STM32_Cryptographic\lib" --specs=nano.specs -mfloat-abi=soft -mthumb -Wl,--start-group -lc -lm -Wl,--end-group
Finished building target: NUCLEO-F103RB_FreeRTOS_CMSIS.elf
 
arm-none-eabi-size  NUCLEO-F103RB_FreeRTOS_CMSIS.elf 
arm-none-eabi-objdump -h -S NUCLEO-F103RB_FreeRTOS_CMSIS.elf  > "NUCLEO-F103RB_FreeRTOS_CMSIS.list"
   text	   data	    bss	    dec	    hex	filename
  37152	    188	  14504	  51844	   ca84	NUCLEO-F103RB_FreeRTOS_CMSIS.elf
Finished building: default.size.stdout
 
Finished building: NUCLEO-F103RB_FreeRTOS_CMSIS.list
 
21:40:59 **** Incremental Build of configuration Debug for project NUCLEO-F103RB_FreeRTOS_CMSIS ****
make -j8 all 
arm-none-eabi-size  NUCLEO-F103RB_FreeRTOS_CMSIS.elf 
   text	   data	    bss	    dec	    hex	filename
  37152	    188	  14504	  51844	   ca84	NUCLEO-F103RB_FreeRTOS_CMSIS.elf
Finished building: default.size.stdout
 
21:59:26 **** Incremental Build of configuration Debug for project NUCLEO-F103RB_FreeRTOS_CMSIS ****
make -j8 all 
arm-none-eabi-gcc "../Core/Src/main.c" -mcpu=cortex-m3 -std=gnu11 -g3 -DDEBUG -DUSE_HAL_DRIVER -DSTM32F103xB -c -I../Core/Inc -I../Drivers/STM32F1xx_HAL_Driver/Inc -I../Drivers/STM32F1xx_HAL_Driver/Inc/Legacy -I../Drivers/CMSIS/Device/ST/STM32F1xx/Include -I../Drivers/CMSIS/Include -I../Middlewares/Third_Party/FreeRTOS/Source/include -I../Middlewares/Third_Party/FreeRTOS/Source/CMSIS_RTOS_V2 -I../Middlewares/Third_Party/FreeRTOS/Source/portable/GCC/ARM_CM3 -I../Middlewares/ST/STM32_Cryptographic/include -O0 -ffunction-sections -fdata-sections -Wall -fstack-usage -fcyclomatic-complexity -MMD -MP -MF"Core/Src/main.d" -MT"Core/Src/main.o" --specs=nano.specs -mfloat-abi=soft -mthumb -o "Core/Src/main.o"
arm-none-eabi-gcc -o "NUCLEO-F103RB_FreeRTOS_CMSIS.elf" @"objects.list"  -lSTM32Cryptographic_CM0_CM0PLUS -mcpu=cortex-m3 -T"D:\STM32\workspace\NUCLEO-F103RB_FreeRTOS_CMSIS\STM32F103RBTX_FLASH.ld" --specs=nosys.specs -Wl,-Map="NUCLEO-F103RB_FreeRTOS_CMSIS.map" -Wl,--gc-sections -static -L"D:\STM32\STM_Firmware_Lib\STM32CubeExpansion_Crypto_V4.4.0\Middlewares\ST\STM32_Cryptographic\lib" --specs=nano.specs -mfloat-abi=soft -mthumb -Wl,--start-group -lc -lm -Wl,--end-group
Finished building target: NUCLEO-F103RB_FreeRTOS_CMSIS.elf
 
arm-none-eabi-size  NUCLEO-F103RB_FreeRTOS_CMSIS.elf 
arm-none-eabi-objdump -h -S NUCLEO-F103RB_FreeRTOS_CMSIS.elf  > "NUCLEO-F103RB_FreeRTOS_CMSIS.list"
   text	   data	    bss	    dec	    hex	filename
  36528	    188	  14504	  51220	   c814	NUCLEO-F103RB_FreeRTOS_CMSIS.elf
Finished building: default.size.stdout
 
Finished building: NUCLEO-F103RB_FreeRTOS_CMSIS.list
 
22:05:55 **** Incremental Build of configuration Debug for project NUCLEO-F103RB_FreeRTOS_CMSIS ****
make -j8 all 
arm-none-eabi-gcc "../Core/Src/main.c" -mcpu=cortex-m3 -std=gnu11 -g3 -DDEBUG -DUSE_HAL_DRIVER -DSTM32F103xB -c -I../Core/Inc -I../Drivers/STM32F1xx_HAL_Driver/Inc -I../Drivers/STM32F1xx_HAL_Driver/Inc/Legacy -I../Drivers/CMSIS/Device/ST/STM32F1xx/Include -I../Drivers/CMSIS/Include -I../Middlewares/Third_Party/FreeRTOS/Source/include -I../Middlewares/Third_Party/FreeRTOS/Source/CMSIS_RTOS_V2 -I../Middlewares/Third_Party/FreeRTOS/Source/portable/GCC/ARM_CM3 -I../Middlewares/ST/STM32_Cryptographic/include -O0 -ffunction-sections -fdata-sections -Wall -fstack-usage -fcyclomatic-complexity -MMD -MP -MF"Core/Src/main.d" -MT"Core/Src/main.o" --specs=nano.specs -mfloat-abi=soft -mthumb -o "Core/Src/main.o"
../Core/Src/main.c: In function 'CompareKeyTask':
../Core/Src/main.c:589:76: error: 'ComputedRandom' undeclared (first use in this function); did you mean 'Computed_Random'?
  589 |                                                                            ComputedRandom, LENGTH_OF_SEED_KEY,                  /* Plaintext to encrypt */
      |                                                                            ^~~~~~~~~~~~~~
      |                                                                            Computed_Random
../Core/Src/main.c:589:76: note: each undeclared identifier is reported only once for each function it appears in
make: *** [Core/Src/subdir.mk:43: Core/Src/main.o] Error 1
"make -j8 all" terminated with exit code 2. Build might be incomplete.
22:07:20 **** Incremental Build of configuration Debug for project NUCLEO-F103RB_FreeRTOS_CMSIS ****
make -j8 all 
arm-none-eabi-gcc "../Core/Src/main.c" -mcpu=cortex-m3 -std=gnu11 -g3 -DDEBUG -DUSE_HAL_DRIVER -DSTM32F103xB -c -I../Core/Inc -I../Drivers/STM32F1xx_HAL_Driver/Inc -I../Drivers/STM32F1xx_HAL_Driver/Inc/Legacy -I../Drivers/CMSIS/Device/ST/STM32F1xx/Include -I../Drivers/CMSIS/Include -I../Middlewares/Third_Party/FreeRTOS/Source/include -I../Middlewares/Third_Party/FreeRTOS/Source/CMSIS_RTOS_V2 -I../Middlewares/Third_Party/FreeRTOS/Source/portable/GCC/ARM_CM3 -I../Middlewares/ST/STM32_Cryptographic/include -O0 -ffunction-sections -fdata-sections -Wall -fstack-usage -fcyclomatic-complexity -MMD -MP -MF"Core/Src/main.d" -MT"Core/Src/main.o" --specs=nano.specs -mfloat-abi=soft -mthumb -o "Core/Src/main.o"
arm-none-eabi-gcc -o "NUCLEO-F103RB_FreeRTOS_CMSIS.elf" @"objects.list"  -lSTM32Cryptographic_CM0_CM0PLUS -mcpu=cortex-m3 -T"D:\STM32\workspace\NUCLEO-F103RB_FreeRTOS_CMSIS\STM32F103RBTX_FLASH.ld" --specs=nosys.specs -Wl,-Map="NUCLEO-F103RB_FreeRTOS_CMSIS.map" -Wl,--gc-sections -static -L"D:\STM32\STM_Firmware_Lib\STM32CubeExpansion_Crypto_V4.4.0\Middlewares\ST\STM32_Cryptographic\lib" --specs=nano.specs -mfloat-abi=soft -mthumb -Wl,--start-group -lc -lm -Wl,--end-group
Finished building target: NUCLEO-F103RB_FreeRTOS_CMSIS.elf
 
arm-none-eabi-size  NUCLEO-F103RB_FreeRTOS_CMSIS.elf 
arm-none-eabi-objdump -h -S NUCLEO-F103RB_FreeRTOS_CMSIS.elf  > "NUCLEO-F103RB_FreeRTOS_CMSIS.list"
   text	   data	    bss	    dec	    hex	filename
  36528	    188	  14504	  51220	   c814	NUCLEO-F103RB_FreeRTOS_CMSIS.elf
Finished building: default.size.stdout
 
Finished building: NUCLEO-F103RB_FreeRTOS_CMSIS.list
 
22:07:27 **** Incremental Build of configuration Debug for project NUCLEO-F103RB_FreeRTOS_CMSIS ****
make -j8 all 
arm-none-eabi-size  NUCLEO-F103RB_FreeRTOS_CMSIS.elf 
   text	   data	    bss	    dec	    hex	filename
  36528	    188	  14504	  51220	   c814	NUCLEO-F103RB_FreeRTOS_CMSIS.elf
Finished building: default.size.stdout
 
22:11:26 **** Incremental Build of configuration Debug for project NUCLEO-F103RB_FreeRTOS_CMSIS ****
make -j8 all 
arm-none-eabi-gcc "../Core/Src/main.c" -mcpu=cortex-m3 -std=gnu11 -g3 -DDEBUG -DUSE_HAL_DRIVER -DSTM32F103xB -c -I../Core/Inc -I../Drivers/STM32F1xx_HAL_Driver/Inc -I../Drivers/STM32F1xx_HAL_Driver/Inc/Legacy -I../Drivers/CMSIS/Device/ST/STM32F1xx/Include -I../Drivers/CMSIS/Include -I../Middlewares/Third_Party/FreeRTOS/Source/include -I../Middlewares/Third_Party/FreeRTOS/Source/CMSIS_RTOS_V2 -I../Middlewares/Third_Party/FreeRTOS/Source/portable/GCC/ARM_CM3 -I../Middlewares/ST/STM32_Cryptographic/include -O0 -ffunction-sections -fdata-sections -Wall -fstack-usage -fcyclomatic-complexity -MMD -MP -MF"Core/Src/main.d" -MT"Core/Src/main.o" --specs=nano.specs -mfloat-abi=soft -mthumb -o "Core/Src/main.o"
arm-none-eabi-gcc -o "NUCLEO-F103RB_FreeRTOS_CMSIS.elf" @"objects.list"  -lSTM32Cryptographic_CM0_CM0PLUS -mcpu=cortex-m3 -T"D:\STM32\workspace\NUCLEO-F103RB_FreeRTOS_CMSIS\STM32F103RBTX_FLASH.ld" --specs=nosys.specs -Wl,-Map="NUCLEO-F103RB_FreeRTOS_CMSIS.map" -Wl,--gc-sections -static -L"D:\STM32\STM_Firmware_Lib\STM32CubeExpansion_Crypto_V4.4.0\Middlewares\ST\STM32_Cryptographic\lib" --specs=nano.specs -mfloat-abi=soft -mthumb -Wl,--start-group -lc -lm -Wl,--end-group
Finished building target: NUCLEO-F103RB_FreeRTOS_CMSIS.elf
 
arm-none-eabi-size  NUCLEO-F103RB_FreeRTOS_CMSIS.elf 
arm-none-eabi-objdump -h -S NUCLEO-F103RB_FreeRTOS_CMSIS.elf  > "NUCLEO-F103RB_FreeRTOS_CMSIS.list"
   text	   data	    bss	    dec	    hex	filename
  37036	    188	  14504	  51728	   ca10	NUCLEO-F103RB_FreeRTOS_CMSIS.elf
Finished building: default.size.stdout
 
Finished building: NUCLEO-F103RB_FreeRTOS_CMSIS.list
 
22:11:31 **** Incremental Build of configuration Debug for project NUCLEO-F103RB_FreeRTOS_CMSIS ****
make -j8 all 
arm-none-eabi-size  NUCLEO-F103RB_FreeRTOS_CMSIS.elf 
   text	   data	    bss	    dec	    hex	filename
  37036	    188	  14504	  51728	   ca10	NUCLEO-F103RB_FreeRTOS_CMSIS.elf
Finished building: default.size.stdout
 
22:25:48 **** Incremental Build of configuration Debug for project NUCLEO-F103RB_FreeRTOS_CMSIS ****
make -j8 all 
arm-none-eabi-gcc "../Core/Src/main.c" -mcpu=cortex-m3 -std=gnu11 -g3 -DDEBUG -DUSE_HAL_DRIVER -DSTM32F103xB -c -I../Core/Inc -I../Drivers/STM32F1xx_HAL_Driver/Inc -I../Drivers/STM32F1xx_HAL_Driver/Inc/Legacy -I../Drivers/CMSIS/Device/ST/STM32F1xx/Include -I../Drivers/CMSIS/Include -I../Middlewares/Third_Party/FreeRTOS/Source/include -I../Middlewares/Third_Party/FreeRTOS/Source/CMSIS_RTOS_V2 -I../Middlewares/Third_Party/FreeRTOS/Source/portable/GCC/ARM_CM3 -I../Middlewares/ST/STM32_Cryptographic/include -O0 -ffunction-sections -fdata-sections -Wall -fstack-usage -fcyclomatic-complexity -MMD -MP -MF"Core/Src/main.d" -MT"Core/Src/main.o" --specs=nano.specs -mfloat-abi=soft -mthumb -o "Core/Src/main.o"
../Core/Src/main.c: In function 'HandleInputKey':
../Core/Src/main.c:411:36: warning: implicit declaration of function 'sizof' [-Wimplicit-function-declaration]
  411 |         memset(InputCiphertext, 0, sizof(uint8_t)*LENGTH_OF_SEED_KEY);
      |                                    ^~~~~
../Core/Src/main.c:411:42: error: expected expression before 'uint8_t'
  411 |         memset(InputCiphertext, 0, sizof(uint8_t)*LENGTH_OF_SEED_KEY);
      |                                          ^~~~~~~
../Core/Src/main.c: In function 'RequestSeedTask':
../Core/Src/main.c:528:51: error: expected expression before 'uint8_t'
  528 |                   memset(ComputedRandom, 0, sizof(uint8_t)*LENGTH_OF_SEED_KEY);
      |                                                   ^~~~~~~
../Core/Src/main.c: In function 'CompareKeyTask':
../Core/Src/main.c:591:55: error: expected expression before 'uint8_t'
  591 |                   memset(ComputedCiphertext, 0, sizof(uint8_t)*LENGTH_OF_SEED_KEY);
      |                                                       ^~~~~~~
make: *** [Core/Src/subdir.mk:43: Core/Src/main.o] Error 1
"make -j8 all" terminated with exit code 2. Build might be incomplete.
22:26:12 **** Incremental Build of configuration Debug for project NUCLEO-F103RB_FreeRTOS_CMSIS ****
make -j8 all 
arm-none-eabi-gcc "../Core/Src/main.c" -mcpu=cortex-m3 -std=gnu11 -g3 -DDEBUG -DUSE_HAL_DRIVER -DSTM32F103xB -c -I../Core/Inc -I../Drivers/STM32F1xx_HAL_Driver/Inc -I../Drivers/STM32F1xx_HAL_Driver/Inc/Legacy -I../Drivers/CMSIS/Device/ST/STM32F1xx/Include -I../Drivers/CMSIS/Include -I../Middlewares/Third_Party/FreeRTOS/Source/include -I../Middlewares/Third_Party/FreeRTOS/Source/CMSIS_RTOS_V2 -I../Middlewares/Third_Party/FreeRTOS/Source/portable/GCC/ARM_CM3 -I../Middlewares/ST/STM32_Cryptographic/include -O0 -ffunction-sections -fdata-sections -Wall -fstack-usage -fcyclomatic-complexity -MMD -MP -MF"Core/Src/main.d" -MT"Core/Src/main.o" --specs=nano.specs -mfloat-abi=soft -mthumb -o "Core/Src/main.o"
arm-none-eabi-gcc -o "NUCLEO-F103RB_FreeRTOS_CMSIS.elf" @"objects.list"  -lSTM32Cryptographic_CM0_CM0PLUS -mcpu=cortex-m3 -T"D:\STM32\workspace\NUCLEO-F103RB_FreeRTOS_CMSIS\STM32F103RBTX_FLASH.ld" --specs=nosys.specs -Wl,-Map="NUCLEO-F103RB_FreeRTOS_CMSIS.map" -Wl,--gc-sections -static -L"D:\STM32\STM_Firmware_Lib\STM32CubeExpansion_Crypto_V4.4.0\Middlewares\ST\STM32_Cryptographic\lib" --specs=nano.specs -mfloat-abi=soft -mthumb -Wl,--start-group -lc -lm -Wl,--end-group
Finished building target: NUCLEO-F103RB_FreeRTOS_CMSIS.elf
 
arm-none-eabi-size  NUCLEO-F103RB_FreeRTOS_CMSIS.elf 
arm-none-eabi-objdump -h -S NUCLEO-F103RB_FreeRTOS_CMSIS.elf  > "NUCLEO-F103RB_FreeRTOS_CMSIS.list"
   text	   data	    bss	    dec	    hex	filename
  37052	    188	  14504	  51744	   ca20	NUCLEO-F103RB_FreeRTOS_CMSIS.elf
Finished building: default.size.stdout
 
Finished building: NUCLEO-F103RB_FreeRTOS_CMSIS.list
 
22:26:16 **** Incremental Build of configuration Debug for project NUCLEO-F103RB_FreeRTOS_CMSIS ****
make -j8 all 
arm-none-eabi-size  NUCLEO-F103RB_FreeRTOS_CMSIS.elf 
   text	   data	    bss	    dec	    hex	filename
  37052	    188	  14504	  51744	   ca20	NUCLEO-F103RB_FreeRTOS_CMSIS.elf
Finished building: default.size.stdout
 
22:27:47 **** Incremental Build of configuration Debug for project NUCLEO-F103RB_FreeRTOS_CMSIS ****
make -j8 all 
arm-none-eabi-gcc "../Core/Src/main.c" -mcpu=cortex-m3 -std=gnu11 -g3 -DDEBUG -DUSE_HAL_DRIVER -DSTM32F103xB -c -I../Core/Inc -I../Drivers/STM32F1xx_HAL_Driver/Inc -I../Drivers/STM32F1xx_HAL_Driver/Inc/Legacy -I../Drivers/CMSIS/Device/ST/STM32F1xx/Include -I../Drivers/CMSIS/Include -I../Middlewares/Third_Party/FreeRTOS/Source/include -I../Middlewares/Third_Party/FreeRTOS/Source/CMSIS_RTOS_V2 -I../Middlewares/Third_Party/FreeRTOS/Source/portable/GCC/ARM_CM3 -I../Middlewares/ST/STM32_Cryptographic/include -O0 -ffunction-sections -fdata-sections -Wall -fstack-usage -fcyclomatic-complexity -MMD -MP -MF"Core/Src/main.d" -MT"Core/Src/main.o" --specs=nano.specs -mfloat-abi=soft -mthumb -o "Core/Src/main.o"
arm-none-eabi-gcc -o "NUCLEO-F103RB_FreeRTOS_CMSIS.elf" @"objects.list"  -lSTM32Cryptographic_CM0_CM0PLUS -mcpu=cortex-m3 -T"D:\STM32\workspace\NUCLEO-F103RB_FreeRTOS_CMSIS\STM32F103RBTX_FLASH.ld" --specs=nosys.specs -Wl,-Map="NUCLEO-F103RB_FreeRTOS_CMSIS.map" -Wl,--gc-sections -static -L"D:\STM32\STM_Firmware_Lib\STM32CubeExpansion_Crypto_V4.4.0\Middlewares\ST\STM32_Cryptographic\lib" --specs=nano.specs -mfloat-abi=soft -mthumb -Wl,--start-group -lc -lm -Wl,--end-group
Finished building target: NUCLEO-F103RB_FreeRTOS_CMSIS.elf
 
arm-none-eabi-size  NUCLEO-F103RB_FreeRTOS_CMSIS.elf 
arm-none-eabi-objdump -h -S NUCLEO-F103RB_FreeRTOS_CMSIS.elf  > "NUCLEO-F103RB_FreeRTOS_CMSIS.list"
   text	   data	    bss	    dec	    hex	filename
  37052	    188	  14504	  51744	   ca20	NUCLEO-F103RB_FreeRTOS_CMSIS.elf
Finished building: default.size.stdout
 
Finished building: NUCLEO-F103RB_FreeRTOS_CMSIS.list
 
22:27:53 **** Incremental Build of configuration Debug for project NUCLEO-F103RB_FreeRTOS_CMSIS ****
make -j8 all 
arm-none-eabi-size  NUCLEO-F103RB_FreeRTOS_CMSIS.elf 
   text	   data	    bss	    dec	    hex	filename
  37052	    188	  14504	  51744	   ca20	NUCLEO-F103RB_FreeRTOS_CMSIS.elf
Finished building: default.size.stdout
 
22:30:27 **** Incremental Build of configuration Debug for project NUCLEO-F103RB_FreeRTOS_CMSIS ****
make -j8 all 
arm-none-eabi-gcc "../Core/Src/main.c" -mcpu=cortex-m3 -std=gnu11 -g3 -DDEBUG -DUSE_HAL_DRIVER -DSTM32F103xB -c -I../Core/Inc -I../Drivers/STM32F1xx_HAL_Driver/Inc -I../Drivers/STM32F1xx_HAL_Driver/Inc/Legacy -I../Drivers/CMSIS/Device/ST/STM32F1xx/Include -I../Drivers/CMSIS/Include -I../Middlewares/Third_Party/FreeRTOS/Source/include -I../Middlewares/Third_Party/FreeRTOS/Source/CMSIS_RTOS_V2 -I../Middlewares/Third_Party/FreeRTOS/Source/portable/GCC/ARM_CM3 -I../Middlewares/ST/STM32_Cryptographic/include -O0 -ffunction-sections -fdata-sections -Wall -fstack-usage -fcyclomatic-complexity -MMD -MP -MF"Core/Src/main.d" -MT"Core/Src/main.o" --specs=nano.specs -mfloat-abi=soft -mthumb -o "Core/Src/main.o"
arm-none-eabi-gcc -o "NUCLEO-F103RB_FreeRTOS_CMSIS.elf" @"objects.list"  -lSTM32Cryptographic_CM0_CM0PLUS -mcpu=cortex-m3 -T"D:\STM32\workspace\NUCLEO-F103RB_FreeRTOS_CMSIS\STM32F103RBTX_FLASH.ld" --specs=nosys.specs -Wl,-Map="NUCLEO-F103RB_FreeRTOS_CMSIS.map" -Wl,--gc-sections -static -L"D:\STM32\STM_Firmware_Lib\STM32CubeExpansion_Crypto_V4.4.0\Middlewares\ST\STM32_Cryptographic\lib" --specs=nano.specs -mfloat-abi=soft -mthumb -Wl,--start-group -lc -lm -Wl,--end-group
Finished building target: NUCLEO-F103RB_FreeRTOS_CMSIS.elf
 
arm-none-eabi-size  NUCLEO-F103RB_FreeRTOS_CMSIS.elf 
arm-none-eabi-objdump -h -S NUCLEO-F103RB_FreeRTOS_CMSIS.elf  > "NUCLEO-F103RB_FreeRTOS_CMSIS.list"
   text	   data	    bss	    dec	    hex	filename
  37052	    188	  14504	  51744	   ca20	NUCLEO-F103RB_FreeRTOS_CMSIS.elf
Finished building: default.size.stdout
 
Finished building: NUCLEO-F103RB_FreeRTOS_CMSIS.list
 
22:30:39 **** Incremental Build of configuration Debug for project NUCLEO-F103RB_FreeRTOS_CMSIS ****
make -j8 all 
arm-none-eabi-size  NUCLEO-F103RB_FreeRTOS_CMSIS.elf 
   text	   data	    bss	    dec	    hex	filename
  37052	    188	  14504	  51744	   ca20	NUCLEO-F103RB_FreeRTOS_CMSIS.elf
Finished building: default.size.stdout
 
22:38:48 **** Incremental Build of configuration Debug for project NUCLEO-F103RB_FreeRTOS_CMSIS ****
make -j8 all 
arm-none-eabi-size  NUCLEO-F103RB_FreeRTOS_CMSIS.elf 
   text	   data	    bss	    dec	    hex	filename
  37052	    188	  14504	  51744	   ca20	NUCLEO-F103RB_FreeRTOS_CMSIS.elf
Finished building: default.size.stdout
 
22:55:28 **** Build of configuration Debug for project NUCLEO-F103RB_FreeRTOS_CMSIS ****
make -j8 all 
arm-none-eabi-gcc -o "NUCLEO-F103RB_FreeRTOS_CMSIS.elf" @"objects.list"  -lSTM32Cryptographic_CM0_CM0PLUS -mcpu=cortex-m3 -T"D:\STM32\STM32F103_CryptographicAlgorithms\NUCLEO-F103RB_FreeRTOS_CMSIS\STM32F103RBTX_FLASH.ld" --specs=nosys.specs -Wl,-Map="NUCLEO-F103RB_FreeRTOS_CMSIS.map" -Wl,--gc-sections -static -L"D:\STM32\STM_Firmware_Lib\STM32CubeExpansion_Crypto_V4.4.0\Middlewares\ST\STM32_Cryptographic\lib" --specs=nano.specs -mfloat-abi=soft -mthumb -Wl,--start-group -lc -lm -Wl,--end-group
Finished building target: NUCLEO-F103RB_FreeRTOS_CMSIS.elf
 
arm-none-eabi-size  NUCLEO-F103RB_FreeRTOS_CMSIS.elf 
arm-none-eabi-objdump -h -S NUCLEO-F103RB_FreeRTOS_CMSIS.elf  > "NUCLEO-F103RB_FreeRTOS_CMSIS.list"
   text	   data	    bss	    dec	    hex	filename
  37052	    188	  14504	  51744	   ca20	NUCLEO-F103RB_FreeRTOS_CMSIS.elf
Finished building: default.size.stdout
 
Finished building: NUCLEO-F103RB_FreeRTOS_CMSIS.list
 
22:55:36 **** Incremental Build of configuration Debug for project NUCLEO-F103RB_FreeRTOS_CMSIS ****
make -j8 all 
arm-none-eabi-size  NUCLEO-F103RB_FreeRTOS_CMSIS.elf 
   text	   data	    bss	    dec	    hex	filename
  37052	    188	  14504	  51744	   ca20	NUCLEO-F103RB_FreeRTOS_CMSIS.elf
Finished building: default.size.stdout
 
