../Drivers/CMSIS/Include/core_cm3.h:1876:26:ITM_SendChar	16	static,ignoring_inline_asm
../Core/Src/main.c:156:5:main	16	static
../Core/Src/main.c:264:6:SystemClock_Config	72	static
../Core/Src/main.c:303:13:MX_USART2_UART_Init	8	static
../Core/Src/main.c:336:13:MX_GPIO_Init	40	static
../Core/Src/main.c:375:6:HandleInputKey	24	static
../Core/Src/main.c:398:6:SerialTask	64	static
../Core/Src/main.c:454:6:RequestSeedTask	80	static
../Core/Src/main.c:529:6:CompareKeyTask	88	static
../Core/Src/main.c:592:6:HAL_TIM_PeriodElapsedCallback	16	static
../Core/Src/main.c:610:6:Error_Handler	4	static,ignoring_inline_asm
