../Core/Src/main.c:159:5:main	16	static
../Core/Src/main.c:267:6:SystemClock_Config	72	static
../Core/Src/main.c:306:13:MX_USART2_UART_Init	8	static
../Core/Src/main.c:339:13:MX_GPIO_Init	40	static
../Core/Src/main.c:378:6:HandleInputKey	24	static
../Core/Src/main.c:401:6:SerialTask	56	static
../Core/Src/main.c:452:6:RequestSeedTask	80	static
../Core/Src/main.c:528:6:CompareKeyTask	88	static
../Core/Src/main.c:593:6:HAL_TIM_PeriodElapsedCallback	16	static
../Core/Src/main.c:611:6:Error_Handler	4	static,ignoring_inline_asm
